
================ Toxicity Prediction Run ================
inputFile               : BacillusAnthracis_all_Buyable_AntiVirals_wARTprediction.csv
ARTresultsDir           : /mnt/data.ese/nfs/users/sghosh6/DTRA_project/MACAW/DrugDesignData/Results/Bacillus_anthracis_bestMACAW/
Input CSV               : /mnt/data.ese/nfs/users/sghosh6/DTRA_project/MACAW/DrugDesignData/Results/Bacillus_anthracis_bestMACAW/BacillusAnthracis_all_Buyable_AntiVirals_wARTprediction.csv
Output CSV              : /mnt/data.ese/nfs/users/sghosh6/DTRA_project/MACAW/DrugDesignData/Results/Bacillus_anthracis_bestMACAW/BacillusAnthracis_all_Buyable_AntiVirals_wARTprediction_wToxicity.csv
Checkpoint CSV          : /mnt/data.ese/nfs/users/sghosh6/DTRA_project/MACAW/DrugDesignData/Results/Bacillus_anthracis_bestMACAW/BacillusAnthracis_all_Buyable_AntiVirals_wARTprediction_wToxicity_checkpoint.csv
selectSMILES            : None
batchSize               : 500
saveEveryBatch          : True
resumeFromCheckpoint    : True
deduplicateSmiles       : True
enableDiversityFilter   : True
similarityThreshold     : 0.75
fingerprintRadius       : 2
fingerprintBits         : 2048
diversityChunkSize      : 1000
saveDiversityFiltered   : True
useCanonicalFiltering   : True
=========================================================

Loaded input dataframe shape: (59751, 8)

Applying chemical diversity filter before ADMET prediction...
Diversity chunk 1 | processed unique SMILES: 1000/59751 | new selected: 998 | total selected: 998
Diversity chunk 2 | processed unique SMILES: 2000/59751 | new selected: 1000 | total selected: 1998
Diversity chunk 3 | processed unique SMILES: 3000/59751 | new selected: 985 | total selected: 2983
Diversity chunk 4 | processed unique SMILES: 4000/59751 | new selected: 932 | total selected: 3915
Diversity chunk 5 | processed unique SMILES: 5000/59751 | new selected: 948 | total selected: 4863
Diversity chunk 6 | processed unique SMILES: 6000/59751 | new selected: 964 | total selected: 5827
Diversity chunk 7 | processed unique SMILES: 7000/59751 | new selected: 974 | total selected: 6801
Diversity chunk 8 | processed unique SMILES: 8000/59751 | new selected: 968 | total selected: 7769
Diversity chunk 9 | processed unique SMILES: 9000/59751 | new selected: 973 | total selected: 8742
Diversity chunk 10 | processed unique SMILES: 10000/59751 | new selected: 985 | total selected: 9727
Diversity chunk 11 | processed unique SMILES: 11000/59751 | new selected: 958 | total selected: 10685
Diversity chunk 12 | processed unique SMILES: 12000/59751 | new selected: 970 | total selected: 11655
Diversity chunk 13 | processed unique SMILES: 13000/59751 | new selected: 959 | total selected: 12614
Diversity chunk 14 | processed unique SMILES: 14000/59751 | new selected: 980 | total selected: 13594
Diversity chunk 15 | processed unique SMILES: 15000/59751 | new selected: 966 | total selected: 14560
Diversity chunk 16 | processed unique SMILES: 16000/59751 | new selected: 975 | total selected: 15535
Diversity chunk 17 | processed unique SMILES: 17000/59751 | new selected: 976 | total selected: 16511
Diversity chunk 18 | processed unique SMILES: 18000/59751 | new selected: 994 | total selected: 17505
Diversity chunk 19 | processed unique SMILES: 19000/59751 | new selected: 989 | total selected: 18494
Diversity chunk 20 | processed unique SMILES: 20000/59751 | new selected: 989 | total selected: 19483
Diversity chunk 21 | processed unique SMILES: 21000/59751 | new selected: 995 | total selected: 20478
Diversity chunk 22 | processed unique SMILES: 22000/59751 | new selected: 995 | total selected: 21473
Diversity chunk 23 | processed unique SMILES: 23000/59751 | new selected: 992 | total selected: 22465
Diversity chunk 24 | processed unique SMILES: 24000/59751 | new selected: 990 | total selected: 23455
Diversity chunk 25 | processed unique SMILES: 25000/59751 | new selected: 995 | total selected: 24450
Diversity chunk 26 | processed unique SMILES: 26000/59751 | new selected: 990 | total selected: 25440
Diversity chunk 27 | processed unique SMILES: 27000/59751 | new selected: 993 | total selected: 26433
Diversity chunk 28 | processed unique SMILES: 28000/59751 | new selected: 994 | total selected: 27427
Diversity chunk 29 | processed unique SMILES: 29000/59751 | new selected: 978 | total selected: 28405
Diversity chunk 30 | processed unique SMILES: 30000/59751 | new selected: 982 | total selected: 29387
Diversity chunk 31 | processed unique SMILES: 31000/59751 | new selected: 985 | total selected: 30372
Diversity chunk 32 | processed unique SMILES: 32000/59751 | new selected: 991 | total selected: 31363
Diversity chunk 33 | processed unique SMILES: 33000/59751 | new selected: 903 | total selected: 32266
Diversity chunk 34 | processed unique SMILES: 34000/59751 | new selected: 781 | total selected: 33047
Diversity chunk 35 | processed unique SMILES: 35000/59751 | new selected: 755 | total selected: 33802
Diversity chunk 36 | processed unique SMILES: 36000/59751 | new selected: 683 | total selected: 34485
Diversity chunk 37 | processed unique SMILES: 37000/59751 | new selected: 635 | total selected: 35120
Diversity chunk 38 | processed unique SMILES: 38000/59751 | new selected: 602 | total selected: 35722
Diversity chunk 39 | processed unique SMILES: 39000/59751 | new selected: 605 | total selected: 36327
Diversity chunk 40 | processed unique SMILES: 40000/59751 | new selected: 621 | total selected: 36948
Diversity chunk 41 | processed unique SMILES: 41000/59751 | new selected: 565 | total selected: 37513
Diversity chunk 42 | processed unique SMILES: 42000/59751 | new selected: 589 | total selected: 38102
Diversity chunk 43 | processed unique SMILES: 43000/59751 | new selected: 531 | total selected: 38633
Diversity chunk 44 | processed unique SMILES: 44000/59751 | new selected: 554 | total selected: 39187
Diversity chunk 45 | processed unique SMILES: 45000/59751 | new selected: 477 | total selected: 39664
Diversity chunk 46 | processed unique SMILES: 46000/59751 | new selected: 500 | total selected: 40164
Diversity chunk 47 | processed unique SMILES: 47000/59751 | new selected: 494 | total selected: 40658
Diversity chunk 48 | processed unique SMILES: 48000/59751 | new selected: 582 | total selected: 41240
Diversity chunk 49 | processed unique SMILES: 49000/59751 | new selected: 518 | total selected: 41758
Diversity chunk 50 | processed unique SMILES: 50000/59751 | new selected: 523 | total selected: 42281
Diversity chunk 51 | processed unique SMILES: 51000/59751 | new selected: 529 | total selected: 42810
Diversity chunk 52 | processed unique SMILES: 52000/59751 | new selected: 572 | total selected: 43382
Diversity chunk 53 | processed unique SMILES: 53000/59751 | new selected: 541 | total selected: 43923
Diversity chunk 54 | processed unique SMILES: 54000/59751 | new selected: 448 | total selected: 44371
Diversity chunk 55 | processed unique SMILES: 55000/59751 | new selected: 419 | total selected: 44790
Diversity chunk 56 | processed unique SMILES: 56000/59751 | new selected: 418 | total selected: 45208
Diversity chunk 57 | processed unique SMILES: 57000/59751 | new selected: 365 | total selected: 45573
Diversity chunk 58 | processed unique SMILES: 58000/59751 | new selected: 421 | total selected: 45994
Diversity chunk 59 | processed unique SMILES: 59000/59751 | new selected: 526 | total selected: 46520
Diversity chunk 60 | processed unique SMILES: 59751/59751 | new selected: 426 | total selected: 46946
Original unique valid molecules: 59751
Diversity-filtered molecules: 46946
Filtered input dataframe shape: (46946, 8)
Saved diversity-filtered input to: /mnt/data.ese/nfs/users/sghosh6/DTRA_project/MACAW/DrugDesignData/Results/Bacillus_anthracis_bestMACAW/BacillusAnthracis_all_Buyable_AntiVirals_wARTprediction_diverseInput.csv
Unique SMILES for prediction: 46946
Remaining SMILES to process: 46946
Loading pretrained parameter "encoder.encoder.0.cached_zero_vector".
Loading pretrained parameter "encoder.encoder.0.W_i.weight".
Loading pretrained parameter "encoder.encoder.0.W_h.weight".
Loading pretrained parameter "encoder.encoder.0.W_o.weight".
Loading pretrained parameter "encoder.encoder.0.W_o.bias".
Loading pretrained parameter "readout.1.weight".
Loading pretrained parameter "readout.1.bias".
Loading pretrained parameter "readout.4.weight".
Loading pretrained parameter "readout.4.bias".
Loading pretrained parameter "encoder.encoder.0.cached_zero_vector".
Loading pretrained parameter "encoder.encoder.0.W_i.weight".
Loading pretrained parameter "encoder.encoder.0.W_h.weight".
Loading pretrained parameter "encoder.encoder.0.W_o.weight".
Loading pretrained parameter "encoder.encoder.0.W_o.bias".
Loading pretrained parameter "readout.1.weight".
Loading pretrained parameter "readout.1.bias".
Loading pretrained parameter "readout.4.weight".
Loading pretrained parameter "readout.4.bias".
Loading pretrained parameter "encoder.encoder.0.cached_zero_vector".
Loading pretrained parameter "encoder.encoder.0.W_i.weight".
Loading pretrained parameter "encoder.encoder.0.W_h.weight".
Loading pretrained parameter "encoder.encoder.0.W_o.weight".
Loading pretrained parameter "encoder.encoder.0.W_o.bias".
Loading pretrained parameter "readout.1.weight".
Loading pretrained parameter "readout.1.bias".
Loading pretrained parameter "readout.4.weight".
Loading pretrained parameter "readout.4.bias".
Loading pretrained parameter "encoder.encoder.0.cached_zero_vector".
Loading pretrained parameter "encoder.encoder.0.W_i.weight".
Loading pretrained parameter "encoder.encoder.0.W_h.weight".
Loading pretrained parameter "encoder.encoder.0.W_o.weight".
Loading pretrained parameter "encoder.encoder.0.W_o.bias".
Loading pretrained parameter "readout.1.weight".
Loading pretrained parameter "readout.1.bias".
Loading pretrained parameter "readout.4.weight".
Loading pretrained parameter "readout.4.bias".
Loading pretrained parameter "encoder.encoder.0.cached_zero_vector".
Loading pretrained parameter "encoder.encoder.0.W_i.weight".
Loading pretrained parameter "encoder.encoder.0.W_h.weight".
Loading pretrained parameter "encoder.encoder.0.W_o.weight".
Loading pretrained parameter "encoder.encoder.0.W_o.bias".
Loading pretrained parameter "readout.1.weight".
Loading pretrained parameter "readout.1.bias".
Loading pretrained parameter "readout.4.weight".
Loading pretrained parameter "readout.4.bias".
Loading pretrained parameter "encoder.encoder.0.cached_zero_vector".
Loading pretrained parameter "encoder.encoder.0.W_i.weight".
Loading pretrained parameter "encoder.encoder.0.W_h.weight".
Loading pretrained parameter "encoder.encoder.0.W_o.weight".
Loading pretrained parameter "encoder.encoder.0.W_o.bias".
Loading pretrained parameter "readout.1.weight".
Loading pretrained parameter "readout.1.bias".
Loading pretrained parameter "readout.4.weight".
Loading pretrained parameter "readout.4.bias".
Loading pretrained parameter "encoder.encoder.0.cached_zero_vector".
Loading pretrained parameter "encoder.encoder.0.W_i.weight".
Loading pretrained parameter "encoder.encoder.0.W_h.weight".
Loading pretrained parameter "encoder.encoder.0.W_o.weight".
Loading pretrained parameter "encoder.encoder.0.W_o.bias".
Loading pretrained parameter "readout.1.weight".
Loading pretrained parameter "readout.1.bias".
Loading pretrained parameter "readout.4.weight".
Loading pretrained parameter "readout.4.bias".
Loading pretrained parameter "encoder.encoder.0.cached_zero_vector".
Loading pretrained parameter "encoder.encoder.0.W_i.weight".
Loading pretrained parameter "encoder.encoder.0.W_h.weight".
Loading pretrained parameter "encoder.encoder.0.W_o.weight".
Loading pretrained parameter "encoder.encoder.0.W_o.bias".
Loading pretrained parameter "readout.1.weight".
Loading pretrained parameter "readout.1.bias".
Loading pretrained parameter "readout.4.weight".
Loading pretrained parameter "readout.4.bias".
Loading pretrained parameter "encoder.encoder.0.cached_zero_vector".
Loading pretrained parameter "encoder.encoder.0.W_i.weight".
Loading pretrained parameter "encoder.encoder.0.W_h.weight".
Loading pretrained parameter "encoder.encoder.0.W_o.weight".
Loading pretrained parameter "encoder.encoder.0.W_o.bias".
Loading pretrained parameter "readout.1.weight".
Loading pretrained parameter "readout.1.bias".
Loading pretrained parameter "readout.4.weight".
Loading pretrained parameter "readout.4.bias".
Loading pretrained parameter "encoder.encoder.0.cached_zero_vector".
Loading pretrained parameter "encoder.encoder.0.W_i.weight".
Loading pretrained parameter "encoder.encoder.0.W_h.weight".
Loading pretrained parameter "encoder.encoder.0.W_o.weight".
Loading pretrained parameter "encoder.encoder.0.W_o.bias".
Loading pretrained parameter "readout.1.weight".
Loading pretrained parameter "readout.1.bias".
Loading pretrained parameter "readout.4.weight".
Loading pretrained parameter "readout.4.bias".
Processed batch 1/94 | batch size: 500 | time: 8.29 s
Processed batch 2/94 | batch size: 500 | time: 5.19 s
Processed batch 3/94 | batch size: 500 | time: 6.73 s
Processed batch 4/94 | batch size: 500 | time: 7.07 s
Processed batch 5/94 | batch size: 500 | time: 5.49 s
Processed batch 6/94 | batch size: 500 | time: 6.54 s
Processed batch 7/94 | batch size: 500 | time: 6.15 s
Processed batch 8/94 | batch size: 500 | time: 6.45 s
Processed batch 9/94 | batch size: 500 | time: 6.46 s
Processed batch 10/94 | batch size: 500 | time: 5.84 s
Processed batch 11/94 | batch size: 500 | time: 6.57 s
Processed batch 12/94 | batch size: 500 | time: 6.02 s
Processed batch 13/94 | batch size: 500 | time: 5.53 s
Processed batch 14/94 | batch size: 500 | time: 7.17 s
Processed batch 15/94 | batch size: 500 | time: 5.59 s
Processed batch 16/94 | batch size: 500 | time: 5.68 s
Processed batch 17/94 | batch size: 500 | time: 7.56 s
Processed batch 18/94 | batch size: 500 | time: 6.41 s
Processed batch 19/94 | batch size: 500 | time: 6.01 s
Processed batch 20/94 | batch size: 500 | time: 7.17 s
Processed batch 21/94 | batch size: 500 | time: 6.86 s
Processed batch 22/94 | batch size: 500 | time: 6.58 s
Processed batch 23/94 | batch size: 500 | time: 7.86 s
Processed batch 24/94 | batch size: 500 | time: 7.05 s
Processed batch 25/94 | batch size: 500 | time: 7.26 s
Processed batch 26/94 | batch size: 500 | time: 7.24 s
Processed batch 27/94 | batch size: 500 | time: 8.38 s
Processed batch 28/94 | batch size: 500 | time: 7.01 s
Processed batch 29/94 | batch size: 500 | time: 7.40 s
Processed batch 30/94 | batch size: 500 | time: 8.48 s
Processed batch 31/94 | batch size: 500 | time: 7.59 s
Processed batch 32/94 | batch size: 500 | time: 9.65 s
Processed batch 33/94 | batch size: 500 | time: 8.36 s
Processed batch 34/94 | batch size: 500 | time: 8.11 s
Processed batch 35/94 | batch size: 500 | time: 8.30 s
Processed batch 36/94 | batch size: 500 | time: 8.29 s
Processed batch 37/94 | batch size: 500 | time: 8.79 s
Processed batch 38/94 | batch size: 500 | time: 8.41 s
Processed batch 39/94 | batch size: 500 | time: 8.67 s
Processed batch 40/94 | batch size: 500 | time: 8.68 s
Processed batch 41/94 | batch size: 500 | time: 8.59 s
Processed batch 42/94 | batch size: 500 | time: 9.33 s
Processed batch 43/94 | batch size: 500 | time: 8.95 s
Processed batch 44/94 | batch size: 500 | time: 8.85 s
Processed batch 45/94 | batch size: 500 | time: 9.30 s
Processed batch 46/94 | batch size: 500 | time: 7.91 s
Processed batch 47/94 | batch size: 500 | time: 9.27 s
Processed batch 48/94 | batch size: 500 | time: 8.14 s
Processed batch 49/94 | batch size: 500 | time: 10.92 s
Processed batch 50/94 | batch size: 500 | time: 9.23 s
Processed batch 51/94 | batch size: 500 | time: 9.10 s
Processed batch 52/94 | batch size: 500 | time: 9.20 s
Processed batch 53/94 | batch size: 500 | time: 9.38 s
Processed batch 54/94 | batch size: 500 | time: 9.49 s
Processed batch 55/94 | batch size: 500 | time: 9.38 s
Processed batch 56/94 | batch size: 500 | time: 11.72 s
Processed batch 57/94 | batch size: 500 | time: 9.36 s
Processed batch 58/94 | batch size: 500 | time: 10.06 s
Processed batch 59/94 | batch size: 500 | time: 10.00 s
Processed batch 60/94 | batch size: 500 | time: 10.85 s
Processed batch 61/94 | batch size: 500 | time: 8.89 s
Processed batch 62/94 | batch size: 500 | time: 10.24 s
Processed batch 63/94 | batch size: 500 | time: 9.30 s
Processed batch 64/94 | batch size: 500 | time: 9.04 s
Processed batch 65/94 | batch size: 500 | time: 11.47 s
Processed batch 66/94 | batch size: 500 | time: 9.47 s
Processed batch 67/94 | batch size: 500 | time: 10.28 s
Processed batch 68/94 | batch size: 500 | time: 9.72 s
Processed batch 69/94 | batch size: 500 | time: 9.32 s
Processed batch 70/94 | batch size: 500 | time: 9.58 s
Processed batch 71/94 | batch size: 500 | time: 10.92 s
Processed batch 72/94 | batch size: 500 | time: 10.66 s
Processed batch 73/94 | batch size: 500 | time: 10.73 s
Processed batch 74/94 | batch size: 500 | time: 10.94 s
Processed batch 75/94 | batch size: 500 | time: 13.27 s
Processed batch 76/94 | batch size: 500 | time: 10.58 s
Processed batch 77/94 | batch size: 500 | time: 11.36 s
Processed batch 78/94 | batch size: 500 | time: 11.34 s
Processed batch 79/94 | batch size: 500 | time: 11.83 s
Processed batch 80/94 | batch size: 500 | time: 10.86 s
Processed batch 81/94 | batch size: 500 | time: 12.13 s
Processed batch 82/94 | batch size: 500 | time: 12.39 s
Processed batch 83/94 | batch size: 500 | time: 11.52 s
Processed batch 84/94 | batch size: 500 | time: 13.87 s
Processed batch 85/94 | batch size: 500 | time: 12.37 s
Processed batch 86/94 | batch size: 500 | time: 12.00 s
Processed batch 87/94 | batch size: 500 | time: 11.67 s
Processed batch 88/94 | batch size: 500 | time: 12.03 s
Processed batch 89/94 | batch size: 500 | time: 12.19 s
Processed batch 90/94 | batch size: 500 | time: 12.31 s
Processed batch 91/94 | batch size: 500 | time: 11.76 s
Processed batch 92/94 | batch size: 500 | time: 12.83 s
Processed batch 93/94 | batch size: 500 | time: 13.27 s
Processed batch 94/94 | batch size: 446 | time: 11.63 s
Final unique predictions: 46946
Final merged dataframe shape: (46946, 106)
Saved final output to: /mnt/data.ese/nfs/users/sghosh6/DTRA_project/MACAW/DrugDesignData/Results/Bacillus_anthracis_bestMACAW/BacillusAnthracis_all_Buyable_AntiVirals_wARTprediction_wToxicity.csv
Total runtime: 1023.06 seconds

