Loading configuration from: config.yaml

Reading SMILES from CSV...
Loaded 20 SMILES
----------------------------------------------------------------------
CONFIGURATION
----------------------------------------------------------------------
Input file: ../../combinedEbola_allDORAnetGenerated_Antivirals_wARTprediction_top20.csv
SMILES column: Canonical_SMILES
Start index: 0
Number to process: all
Base output directory: doranet_output
Generation suffix template: _gen{gen}
Workers: 10
Generations to run: [1, 2, 3]
Ruleset: JN3604IMT
Direction: forward
Max atoms mode: auto_from_starters
Resolved max atoms: {'C': 41, 'N': 14, 'O': 26, 'S': 2}
Max starter atom counts: {'C': 27, 'N': 9, 'O': 17, 'S': 1}
----------------------------------------------------------------------

Configuration for gen 1 saved to: doranet_output_gen1/config_used.yaml

Starting parallel processing
  Generation: 1
  Output directory: doranet_output_gen1
  Total SMILES: 20
  Workers: 10
  Max atoms: {'C': 41, 'N': 14, 'O': 26, 'S': 2}
----------------------------------------------------------------------
Job name: starter_00004_gen1
Job type: enzymatic network expansion forward
Ruleset: JN3604IMT (JN3604IMT_rules.tsv)
Job started on: 2026-05-07 09:47:06.623763
Number of generations: 1
Number of operators loaded: 3571
Number of molecules before expantion (including cofactors): 42
Number of molecules after expantion (including cofactors): 84
Number of reactions: 43
Time used for network generation: 0.90 minutes

Job name: starter_00004_gen1
Job type: post-processing pretreat networks
Job started on: 2026-05-07 09:48:06.094921
Loading networks, it may take a while if loading large networks from file
Loading network 1 from memory
Number of reations in network 1: 43
Networks loaded, now generating reaction strings
Reaction strings generation finished
Removing unconnected reactions
Unconnected reactions removed
Total number of reactions after pretreatment: 43
Time used for network pretreatment: 0.00 minutes

Job name: starter_00004_gen1
Job type: pathway search
Job started on: 2026-05-07 09:48:06.140063
Pathway finder started, total number of reactions in network 43
Searching for pathways.
If it is taking too long, try adjusting pruning parameters
Pathway search finished, removing loops if there's any.
Time used for pathway search: 0.00 minutes
2 pathways found!
2 reactions found in all pathways
Min number of reactions in a pathway: 1
Max number of reactions in a pathway: 1
Pruning parameters for this search:
search_depth: 1
max_num_rxns: 1
min_rxn_atom_economy: 0.3

Job name: starter_00004_gen1
Job type: pathway ranking
Job started on: 2026-05-07 09:48:06.181677
Start ranking pathways. Number of pathways after sanitization: 2
Reaction thermodynamics ranking working
Reaction thermodynamics ranking finished
Atom economy ranking working
Min_eco 0.5385213217039788
Max_eco 1.0
None_eco 0
Atom_economy ranking finished
Number of steps ranking working
Number of steps ranking finished
By product_number ranking working
You can adjust multi-processing number to speed it up
By product_number ranking finished
min score 6.0
max score 7.0

Pathway ranking finished. Pathway scores:

ranking 1
final score 7.0
Max reaction enthalpy score 0  x  2  =  0
Number of reactions score 1.0  x  4  =  4.0
By-product score 1.0  x  2  =  2.0
Pathway atom economy score 1.0  x  1  =  1.0
Salt score 0  x  0  =  0
Reaxys score 0  x  0  =  0
Cool score 0  x  0  =  0
atom economy 1.0
pathway by-product 0
intermediate by-product {None: 0}
CC(=O)OP(=O)(O)OC(C)=O.C[S+](CC[C@H](N)C(=O)O)C[C@H]1O[C@@H](n2cnc3c(N)ncnc32)[C@H](O)[C@@H]1O>>CCC(=O)OP(=O)(O)OC(C)=O.Nc1ncnc2c1ncn2[C@@H]1O[C@H](CSCC[C@H](N)C(=O)O)[C@@H](O)[C@H]1O
rule0043_12
No_Thermo

ranking 2
final score 6.0
Max reaction enthalpy score 0  x  2  =  0
Number of reactions score 1.0  x  4  =  4.0
By-product score 1.0  x  2  =  2.0
Pathway atom economy score 0.0  x  1  =  0.0
Salt score 0  x  0  =  0
Reaxys score 0  x  0  =  0
Cool score 0  x  0  =  0
atom economy 0.5385213217039788
pathway by-product 0
intermediate by-product {None: 0}
CC(=O)OP(=O)(O)OC(C)=O.CC(=O)OP(=O)(O)OC(C)=O>>CC(=O)OP(=O)(O)OC=O.CCC(=O)OP(=O)(O)OC(C)=O
rule0126_2
No_Thermo

Time used for pathway ranking: 0.00 minutes

Job name: starter_00004_gen1
Job type: pathway visualization
Job started on: 2026-05-07 09:48:06.267362
pygraphviz is NOT installed.
Graphviz is NOT installed.
A custom node layout will be used for pathway visualization
Number of pathways:  2
Number of reactions in reaxys:  0
Working on creating pages
You can adjust multi-processing number to speed up PDF generation
page done: 1
page done: 2
Job name: starter_00006_gen1
Job type: enzymatic network expansion forward
Ruleset: JN3604IMT (JN3604IMT_rules.tsv)
Job started on: 2026-05-07 09:47:06.632744
Number of generations: 1
Number of operators loaded: 3571
Number of molecules before expantion (including cofactors): 42
Number of molecules after expantion (including cofactors): 89
Number of reactions: 50
Time used for network generation: 0.93 minutes

Job name: starter_00006_gen1
Job type: post-processing pretreat networks
Job started on: 2026-05-07 09:48:08.490505
Loading networks, it may take a while if loading large networks from file
Loading network 1 from memory
Number of reations in network 1: 50
Networks loaded, now generating reaction strings
Reaction strings generation finished
Removing unconnected reactions
Unconnected reactions removed
Total number of reactions after pretreatment: 50
Time used for network pretreatment: 0.00 minutes

Job name: starter_00006_gen1
Job type: pathway search
Job started on: 2026-05-07 09:48:08.536477
Pathway finder started, total number of reactions in network 50
Searching for pathways.
If it is taking too long, try adjusting pruning parameters
No pathway found! Try adjusting pruning parameters.
Pathway search finished, removing loops if there's any.
Time used for pathway search: 0.00 minutes

Job name: starter_00006_gen1
Job type: pathway ranking
Job started on: 2026-05-07 09:48:08.559887
Pathway file not found, exiting pathway ranking

Job name: starter_00006_gen1
Job type: pathway visualization
Job started on: 2026-05-07 09:48:08.563625
Ranked pathway file not found, exiting pathway visualization

[Gen 1] [Worker 7] [00007/00020] SUCCESS | Molecules: 89 | Targets: 71 | Time: 62.02s | SMILES: CC(=O)OP(=O)(O)OP(=O)(O)O...
Job name: starter_00012_gen1
Job type: enzymatic network expansion forward
Ruleset: JN3604IMT (JN3604IMT_rules.tsv)
Job started on: 2026-05-07 09:48:09.426757
Number of generations: 1
Number of operators loaded: 3571
Number of molecules before expantion (including cofactors): 42
Number of molecules after expantion (including cofactors): 53
Number of reactions: 15
Time used for network generation: 0.54 minutes

Job name: starter_00012_gen1
Job type: post-processing pretreat networks
Job started on: 2026-05-07 09:48:47.726837
Loading networks, it may take a while if loading large networks from file
Loading network 1 from memory
Number of reations in network 1: 15
Networks loaded, now generating reaction strings
Reaction strings generation finished
Removing unconnected reactions
Unconnected reactions removed
Total number of reactions after pretreatment: 15
Time used for network pretreatment: 0.00 minutes

Job name: starter_00012_gen1
Job type: pathway search
Job started on: 2026-05-07 09:48:47.770256
Pathway finder started, total number of reactions in network 15
Searching for pathways.
If it is taking too long, try adjusting pruning parameters
Pathway search finished, removing loops if there's any.
Time used for pathway search: 0.00 minutes
2 pathways found!
2 reactions found in all pathways
Min number of reactions in a pathway: 1
Max number of reactions in a pathway: 1
Pruning parameters for this search:
search_depth: 1
max_num_rxns: 1
min_rxn_atom_economy: 0.3

Job name: starter_00012_gen1
Job type: pathway ranking
Job started on: 2026-05-07 09:48:47.804359
Start ranking pathways. Number of pathways after sanitization: 2
Reaction thermodynamics ranking working
Reaction thermodynamics ranking finished
Atom economy ranking working
Min_eco 0.9500011101613065
Max_eco 1.0
None_eco 0
Atom_economy ranking finished
Number of steps ranking working
Number of steps ranking finished
By product_number ranking working
You can adjust multi-processing number to speed it up
By product_number ranking finished
min score 6.0
max score 7.0

Pathway ranking finished. Pathway scores:

ranking 1
final score 7.0
Max reaction enthalpy score 0  x  2  =  0
Number of reactions score 1.0  x  4  =  4.0
By-product score 1.0  x  2  =  2.0
Pathway atom economy score 1.0  x  1  =  1.0
Salt score 0  x  0  =  0
Reaxys score 0  x  0  =  0
Cool score 0  x  0  =  0
atom economy 1.0
pathway by-product 0
intermediate by-product {None: 0}
NC1=Nc2ncnc3c2ncn3[C@@H]2O[C@H]1[C@@H](O)[C@H]2O.Nc1ncnc2c1ncn2[C@@H]1O[C@H](COP(=O)(O)OS(=O)(=O)O)[C@@H](OP(=O)(O)O)[C@H]1O>>NC1=Nc2ncnc3c2ncn3[C@@H]2O[C@H]1[C@@H](OS(=O)(=O)O)[C@H]2O.Nc1ncnc2c1ncn2[C@@H]1O[C@H](COP(=O)(O)O)[C@@H](OP(=O)(O)O)[C@H]1O
rule0048_5
No_Thermo

ranking 2
final score 6.0
Max reaction enthalpy score 0  x  2  =  0
Number of reactions score 1.0  x  4  =  4.0
By-product score 1.0  x  2  =  2.0
Pathway atom economy score 0.0  x  1  =  0.0
Salt score 0  x  0  =  0
Reaxys score 0  x  0  =  0
Cool score 0  x  0  =  0
atom economy 0.9500011101613065
pathway by-product 0
intermediate by-product {None: 0}
NC1=Nc2ncnc3c2ncn3[C@@H]2O[C@H]1[C@@H](O)[C@H]2O.O=S(=O)(O)O>>NC1=Nc2ncnc3c2ncn3[C@@H]2O[C@H]1[C@@H](OS(=O)(=O)O)[C@H]2O.O
rule0127_2
No_Thermo

Time used for pathway ranking: 0.00 minutes

Job name: starter_00012_gen1
Job type: pathway visualization
Job started on: 2026-05-07 09:48:47.893740
pygraphviz is NOT installed.
Graphviz is NOT installed.
A custom node layout will be used for pathway visualization
Number of pathways:  2
Number of reactions in reaxys:  0
Working on creating pages
You can adjust multi-processing number to speed up PDF generation
page done: 1
page done: 2
Job name: starter_00008_gen1
Job type: enzymatic network expansion forward
Ruleset: JN3604IMT (JN3604IMT_rules.tsv)
Job started on: 2026-05-07 09:47:06.646296
Number of generations: 1
Number of operators loaded: 3571
Number of molecules before expantion (including cofactors): 42
Number of molecules after expantion (including cofactors): 129
Number of reactions: 91
Time used for network generation: 1.09 minutes

Job name: starter_00008_gen1
Job type: post-processing pretreat networks
Job started on: 2026-05-07 09:48:18.552717
Loading networks, it may take a while if loading large networks from file
Loading network 1 from memory
Number of reations in network 1: 91
Networks loaded, now generating reaction strings
Reaction strings generation finished
Removing unconnected reactions
Unconnected reactions removed
Total number of reactions after pretreatment: 91
Time used for network pretreatment: 0.00 minutes

Job name: starter_00008_gen1
Job type: pathway search
Job started on: 2026-05-07 09:48:18.599827
Pathway finder started, total number of reactions in network 91
Searching for pathways.
If it is taking too long, try adjusting pruning parameters
No pathway found! Try adjusting pruning parameters.
Pathway search finished, removing loops if there's any.
Time used for pathway search: 0.00 minutes

Job name: starter_00008_gen1
Job type: pathway ranking
Job started on: 2026-05-07 09:48:18.647866
Pathway file not found, exiting pathway ranking

Job name: starter_00008_gen1
Job type: pathway visualization
Job started on: 2026-05-07 09:48:18.652019
Ranked pathway file not found, exiting pathway visualization

[Gen 1] [Worker 9] [00009/00020] SUCCESS | Molecules: 129 | Targets: 112 | Time: 72.1s | SMILES: CC(Cl)[C@H]1O[C@@H](n2cnc3c(NC=O)ncnc32)...
Job name: starter_00014_gen1
Job type: enzymatic network expansion forward
Ruleset: JN3604IMT (JN3604IMT_rules.tsv)
Job started on: 2026-05-07 09:48:19.542585
Number of generations: 1
Number of operators loaded: 3571
Number of molecules before expantion (including cofactors): 42
Number of molecules after expantion (including cofactors): 59
Number of reactions: 16
Time used for network generation: 0.63 minutes

Job name: starter_00014_gen1
Job type: post-processing pretreat networks
Job started on: 2026-05-07 09:49:03.201781
Loading networks, it may take a while if loading large networks from file
Loading network 1 from memory
Number of reations in network 1: 16
Networks loaded, now generating reaction strings
Reaction strings generation finished
Removing unconnected reactions
Unconnected reactions removed
Total number of reactions after pretreatment: 16
Time used for network pretreatment: 0.00 minutes

Job name: starter_00014_gen1
Job type: pathway search
Job started on: 2026-05-07 09:49:03.243323
Pathway finder started, total number of reactions in network 16
Searching for pathways.
If it is taking too long, try adjusting pruning parameters
No pathway found! Try adjusting pruning parameters.
Pathway search finished, removing loops if there's any.
Time used for pathway search: 0.00 minutes

Job name: starter_00014_gen1
Job type: pathway ranking
Job started on: 2026-05-07 09:49:03.251425
Pathway file not found, exiting pathway ranking

Job name: starter_00014_gen1
Job type: pathway visualization
Job started on: 2026-05-07 09:49:03.254624
Ranked pathway file not found, exiting pathway visualization

[Gen 1] [Worker 9] [00015/00020] SUCCESS | Molecules: 59 | Targets: 43 | Time: 43.79s | SMILES: NC(=O)OP(=O)(O)O...
Job name: starter_00001_gen1
Job type: enzymatic network expansion forward
Ruleset: JN3604IMT (JN3604IMT_rules.tsv)
Job started on: 2026-05-07 09:47:06.610523
Number of generations: 1
Number of operators loaded: 3571
Number of molecules before expantion (including cofactors): 41
Number of molecules after expantion (including cofactors): 41
Number of reactions: 0
Time used for network generation: 1.05 minutes

Job name: starter_00001_gen1
Job type: post-processing pretreat networks
Job started on: 2026-05-07 09:48:15.163456
Loading networks, it may take a while if loading large networks from file
Loading network 1 from memory
Number of reations in network 1: 0
Networks loaded, now generating reaction strings
Reaction strings generation finished
Removing unconnected reactions
Unconnected reactions removed
Total number of reactions after pretreatment: 0
Time used for network pretreatment: 0.00 minutes

Job name: starter_00001_gen1
Job type: pathway search
Job started on: 2026-05-07 09:48:15.168668
Pathway finder started, total number of reactions in network 0
Searching for pathways.
If it is taking too long, try adjusting pruning parameters
No pathway found! Try adjusting pruning parameters.
Pathway search finished, removing loops if there's any.
Time used for pathway search: 0.00 minutes

Job name: starter_00001_gen1
Job type: pathway ranking
Job started on: 2026-05-07 09:48:15.172009
Pathway file not found, exiting pathway ranking

Job name: starter_00001_gen1
Job type: pathway visualization
Job started on: 2026-05-07 09:48:15.177021
Ranked pathway file not found, exiting pathway visualization

[Gen 1] [Worker 2] [00002/00020] SUCCESS | Molecules: 41 | Targets: 25 | Time: 68.66s | SMILES: CC(C)(COP(=O)(O)OP(=O)(O)OC[C@H]1O[C@@H]...
Job name: starter_00013_gen1
Job type: enzymatic network expansion forward
Ruleset: JN3604IMT (JN3604IMT_rules.tsv)
Job started on: 2026-05-07 09:48:16.047739
Number of generations: 1
Number of operators loaded: 3571
Number of molecules before expantion (including cofactors): 42
Number of molecules after expantion (including cofactors): 75
Number of reactions: 38
Time used for network generation: 0.75 minutes

Job name: starter_00013_gen1
Job type: post-processing pretreat networks
Job started on: 2026-05-07 09:49:06.724907
Loading networks, it may take a while if loading large networks from file
Loading network 1 from memory
Number of reations in network 1: 38
Networks loaded, now generating reaction strings
Reaction strings generation finished
Removing unconnected reactions
Unconnected reactions removed
Total number of reactions after pretreatment: 38
Time used for network pretreatment: 0.00 minutes

Job name: starter_00013_gen1
Job type: pathway search
Job started on: 2026-05-07 09:49:06.772067
Pathway finder started, total number of reactions in network 38
Searching for pathways.
If it is taking too long, try adjusting pruning parameters
Pathway search finished, removing loops if there's any.
Time used for pathway search: 0.00 minutes
1 pathways found!
1 reactions found in all pathways
Min number of reactions in a pathway: 1
Max number of reactions in a pathway: 1
Pruning parameters for this search:
search_depth: 1
max_num_rxns: 1
min_rxn_atom_economy: 0.3

Job name: starter_00013_gen1
Job type: pathway ranking
Job started on: 2026-05-07 09:49:06.815633
Start ranking pathways. Number of pathways after sanitization: 1
Reaction thermodynamics ranking working
Reaction thermodynamics ranking finished
Atom economy ranking working
Min_eco 1
Max_eco 1.0
None_eco 0
Atom_economy ranking finished
Number of steps ranking working
Number of steps ranking finished
By product_number ranking working
You can adjust multi-processing number to speed it up
By product_number ranking finished
min score 6.0
max score 6.0

Pathway ranking finished. Pathway scores:

ranking 1
final score 6.0
Max reaction enthalpy score 0  x  2  =  0
Number of reactions score 1.0  x  4  =  4.0
By-product score 1.0  x  2  =  2.0
Pathway atom economy score 0.0  x  1  =  0.0
Salt score 0  x  0  =  0
Reaxys score 0  x  0  =  0
Cool score 0  x  0  =  0
atom economy 1.0
pathway by-product 0
intermediate by-product {None: 0}
C[C@H]1O[C@@H](n2cnc3c(NC=O)ncnc32)[C@H](O)[C@@H]1O.C[C@H]1O[C@@H](n2cnc3c(NC=O)ncnc32)[C@H](O)[C@@H]1O>>C[C@H]1O[C@@H](n2cnc3c(NC(O)N(C=O)c4ncnc5c4ncn5[C@@H]4O[C@H](C)[C@@H](O)[C@H]4O)ncnc32)[C@H](O)[C@@H]1O
rule0483_3
No_Thermo

Time used for pathway ranking: 0.00 minutes

Job name: starter_00013_gen1
Job type: pathway visualization
Job started on: 2026-05-07 09:49:06.917776
pygraphviz is NOT installed.
Graphviz is NOT installed.
A custom node layout will be used for pathway visualization
Number of pathways:  1
Number of reactions in reaxys:  0
Working on creating pages
You can adjust multi-processing number to speed up PDF generation
page done: 1
Finished with pages, writing to pdf
Time used for pathway visualization: 0.01 minutes

A custom node layout was used for pathway visualization
For a better layout, please install pygraphviz and Graphviz with the following command:
conda install conda-forge::pygraphviz
which should install both packages together

[Gen 1] [Worker 2] [00014/00020] SUCCESS | Molecules: 75 | Targets: 59 | Time: 51.56s | SMILES: C[C@H]1O[C@@H](n2cnc3c(NC=O)ncnc32)[C@H]...
Job name: starter_00000_gen1
Job type: enzymatic network expansion forward
Ruleset: JN3604IMT (JN3604IMT_rules.tsv)
Job started on: 2026-05-07 09:47:06.597329
Number of generations: 1
Number of operators loaded: 3571
Number of molecules before expantion (including cofactors): 41
Number of molecules after expantion (including cofactors): 41
Number of reactions: 0
Time used for network generation: 1.37 minutes

Job name: starter_00000_gen1
Job type: post-processing pretreat networks
Job started on: 2026-05-07 09:48:34.381145
Loading networks, it may take a while if loading large networks from file
Loading network 1 from memory
Number of reations in network 1: 0
Networks loaded, now generating reaction strings
Reaction strings generation finished
Removing unconnected reactions
Unconnected reactions removed
Total number of reactions after pretreatment: 0
Time used for network pretreatment: 0.00 minutes

Job name: starter_00000_gen1
Job type: pathway search
Job started on: 2026-05-07 09:48:34.385674
Pathway finder started, total number of reactions in network 0
Searching for pathways.
If it is taking too long, try adjusting pruning parameters
No pathway found! Try adjusting pruning parameters.
Pathway search finished, removing loops if there's any.
Time used for pathway search: 0.00 minutes

Job name: starter_00000_gen1
Job type: pathway ranking
Job started on: 2026-05-07 09:48:34.388893
Pathway file not found, exiting pathway ranking

Job name: starter_00000_gen1
Job type: pathway visualization
Job started on: 2026-05-07 09:48:34.393320
Ranked pathway file not found, exiting pathway visualization

[Gen 1] [Worker 1] [00001/00020] SUCCESS | Molecules: 41 | Targets: 25 | Time: 87.88s | SMILES: CC(=O)SCCNC(=O)CCNC(=O)[C@H](O)C(C)(C)CO...
Job name: starter_00015_gen1
Job type: enzymatic network expansion forward
Ruleset: JN3604IMT (JN3604IMT_rules.tsv)
Job started on: 2026-05-07 09:48:35.243729
Number of generations: 1
Number of operators loaded: 3571
Number of molecules before expantion (including cofactors): 42
Number of molecules after expantion (including cofactors): 93
Number of reactions: 59
Time used for network generation: 0.81 minutes

Job name: starter_00015_gen1
Job type: post-processing pretreat networks
Job started on: 2026-05-07 09:49:29.232398
Loading networks, it may take a while if loading large networks from file
Loading network 1 from memory
Number of reations in network 1: 59
Networks loaded, now generating reaction strings
Reaction strings generation finished
Removing unconnected reactions
Unconnected reactions removed
Total number of reactions after pretreatment: 59
Time used for network pretreatment: 0.00 minutes

Job name: starter_00015_gen1
Job type: pathway search
Job started on: 2026-05-07 09:49:29.275017
Pathway finder started, total number of reactions in network 59
Searching for pathways.
If it is taking too long, try adjusting pruning parameters
No pathway found! Try adjusting pruning parameters.
Pathway search finished, removing loops if there's any.
Time used for pathway search: 0.00 minutes

Job name: starter_00015_gen1
Job type: pathway ranking
Job started on: 2026-05-07 09:49:29.299414
Pathway file not found, exiting pathway ranking

Job name: starter_00015_gen1
Job type: pathway visualization
Job started on: 2026-05-07 09:49:29.302655
Ranked pathway file not found, exiting pathway visualization

[Gen 1] [Worker 1] [00016/00020] SUCCESS | Molecules: 93 | Targets: 76 | Time: 54.13s | SMILES: O=C(O)CC(=O)O...
Finished with pages, writing to pdf
Time used for pathway visualization: 0.01 minutes

A custom node layout was used for pathway visualization
For a better layout, please install pygraphviz and Graphviz with the following command:
conda install conda-forge::pygraphviz
which should install both packages together

[Gen 1] [Worker 7] [00013/00020] SUCCESS | Molecules: 53 | Targets: 37 | Time: 39.35s | SMILES: NC1=Nc2ncnc3c2ncn3[C@@H]2O[C@H]1[C@@H](O...
Job name: starter_00019_gen1
Job type: enzymatic network expansion forward
Ruleset: JN3604IMT (JN3604IMT_rules.tsv)
Job started on: 2026-05-07 09:48:49.721603
Number of generations: 1
Number of operators loaded: 3571
Number of molecules before expantion (including cofactors): 42
Number of molecules after expantion (including cofactors): 62
Number of reactions: 23
Time used for network generation: 0.60 minutes

Job name: starter_00019_gen1
Job type: post-processing pretreat networks
Job started on: 2026-05-07 09:49:31.460548
Loading networks, it may take a while if loading large networks from file
Loading network 1 from memory
Number of reations in network 1: 23
Networks loaded, now generating reaction strings
Reaction strings generation finished
Removing unconnected reactions
Unconnected reactions removed
Total number of reactions after pretreatment: 23
Time used for network pretreatment: 0.00 minutes

Job name: starter_00019_gen1
Job type: pathway search
Job started on: 2026-05-07 09:49:31.505119
Pathway finder started, total number of reactions in network 23
Searching for pathways.
If it is taking too long, try adjusting pruning parameters
No pathway found! Try adjusting pruning parameters.
Pathway search finished, removing loops if there's any.
Time used for pathway search: 0.00 minutes

Job name: starter_00019_gen1
Job type: pathway ranking
Job started on: 2026-05-07 09:49:31.520887
Pathway file not found, exiting pathway ranking

Job name: starter_00019_gen1
Job type: pathway visualization
Job started on: 2026-05-07 09:49:31.524983
Ranked pathway file not found, exiting pathway visualization

[Gen 1] [Worker 7] [00020/00020] SUCCESS | Molecules: 62 | Targets: 46 | Time: 41.88s | SMILES: Nc1nc2c(ncn2[C@@H]2OC(C(O)O)=C[C@H]2O)c(...
Job name: starter_00002_gen1
Job type: enzymatic network expansion forward
Ruleset: JN3604IMT (JN3604IMT_rules.tsv)
Job started on: 2026-05-07 09:47:06.615073
Number of generations: 1
Number of operators loaded: 3571
Number of molecules before expantion (including cofactors): 41
Number of molecules after expantion (including cofactors): 41
Number of reactions: 0
Time used for network generation: 2.46 minutes

Job name: starter_00002_gen1
Job type: post-processing pretreat networks
Job started on: 2026-05-07 09:49:40.164227
Loading networks, it may take a while if loading large networks from file
Loading network 1 from memory
Number of reations in network 1: 0
Networks loaded, now generating reaction strings
Reaction strings generation finished
Removing unconnected reactions
Unconnected reactions removed
Total number of reactions after pretreatment: 0
Time used for network pretreatment: 0.00 minutes

Job name: starter_00002_gen1
Job type: pathway search
Job started on: 2026-05-07 09:49:40.169180
Pathway finder started, total number of reactions in network 0
Searching for pathways.
If it is taking too long, try adjusting pruning parameters
No pathway found! Try adjusting pruning parameters.
Pathway search finished, removing loops if there's any.
Time used for pathway search: 0.00 minutes

Job name: starter_00002_gen1
Job type: pathway ranking
Job started on: 2026-05-07 09:49:40.172554
Pathway file not found, exiting pathway ranking

Job name: starter_00002_gen1
Job type: pathway visualization
Job started on: 2026-05-07 09:49:40.177551
Ranked pathway file not found, exiting pathway visualization

[Gen 1] [Worker 3] [00003/00020] SUCCESS | Molecules: 41 | Targets: 25 | Time: 153.65s | SMILES: Cc1cc2c(cc1C)N(C[C@H](O)[C@H](O)[C@H](O)...
Job name: starter_00003_gen1
Job type: enzymatic network expansion forward
Ruleset: JN3604IMT (JN3604IMT_rules.tsv)
Job started on: 2026-05-07 09:47:06.620386
Number of generations: 1
Number of operators loaded: 3571
Number of molecules before expantion (including cofactors): 41
Number of molecules after expantion (including cofactors): 41
Number of reactions: 0
Time used for network generation: 2.50 minutes

Job name: starter_00003_gen1
Job type: post-processing pretreat networks
Job started on: 2026-05-07 09:49:43.181738
Loading networks, it may take a while if loading large networks from file
Loading network 1 from memory
Number of reations in network 1: 0
Networks loaded, now generating reaction strings
Reaction strings generation finished
Removing unconnected reactions
Unconnected reactions removed
Total number of reactions after pretreatment: 0
Time used for network pretreatment: 0.00 minutes

Job name: starter_00003_gen1
Job type: pathway search
Job started on: 2026-05-07 09:49:43.187120
Pathway finder started, total number of reactions in network 0
Searching for pathways.
If it is taking too long, try adjusting pruning parameters
No pathway found! Try adjusting pruning parameters.
Pathway search finished, removing loops if there's any.
Time used for pathway search: 0.00 minutes

Job name: starter_00003_gen1
Job type: pathway ranking
Job started on: 2026-05-07 09:49:43.190983
Pathway file not found, exiting pathway ranking

Job name: starter_00003_gen1
Job type: pathway visualization
Job started on: 2026-05-07 09:49:43.196198
Ranked pathway file not found, exiting pathway visualization

[Gen 1] [Worker 4] [00004/00020] SUCCESS | Molecules: 41 | Targets: 25 | Time: 156.67s | SMILES: Cc1cc2nc3c(=O)[nH]c(=O)nc-3n(C[C@H](O)[C...
Job name: starter_00009_gen1
Job type: enzymatic network expansion forward
Ruleset: JN3604IMT (JN3604IMT_rules.tsv)
Job started on: 2026-05-07 09:47:06.648657
Number of generations: 1
Number of operators loaded: 3571
Number of molecules before expantion (including cofactors): 42
Number of molecules after expantion (including cofactors): 143
Number of reactions: 114
Time used for network generation: 1.37 minutes

Job name: starter_00009_gen1
Job type: post-processing pretreat networks
Job started on: 2026-05-07 09:48:34.675812
Loading networks, it may take a while if loading large networks from file
Loading network 1 from memory
Number of reations in network 1: 114
Networks loaded, now generating reaction strings
Reaction strings generation finished
Removing unconnected reactions
Unconnected reactions removed
Total number of reactions after pretreatment: 113
Time used for network pretreatment: 0.00 minutes

Job name: starter_00009_gen1
Job type: pathway search
Job started on: 2026-05-07 09:48:34.725906
Pathway finder started, total number of reactions in network 113
Searching for pathways.
If it is taking too long, try adjusting pruning parameters
No pathway found! Try adjusting pruning parameters.
Pathway search finished, removing loops if there's any.
Time used for pathway search: 0.00 minutes

Job name: starter_00009_gen1
Job type: pathway ranking
Job started on: 2026-05-07 09:48:34.778728
Pathway file not found, exiting pathway ranking

Job name: starter_00009_gen1
Job type: pathway visualization
Job started on: 2026-05-07 09:48:34.782832
Ranked pathway file not found, exiting pathway visualization

[Gen 1] [Worker 10] [00010/00020] SUCCESS | Molecules: 143 | Targets: 126 | Time: 88.23s | SMILES: O=C(O)CC(=O)OP(=O)(O)O...
Job name: starter_00016_gen1
Job type: enzymatic network expansion forward
Ruleset: JN3604IMT (JN3604IMT_rules.tsv)
Job started on: 2026-05-07 09:48:35.648876
Number of generations: 1
Number of operators loaded: 3571
Number of molecules before expantion (including cofactors): 42
Number of molecules after expantion (including cofactors): 105
Number of reactions: 70
Time used for network generation: 1.04 minutes

Job name: starter_00016_gen1
Job type: post-processing pretreat networks
Job started on: 2026-05-07 09:49:43.925818
Loading networks, it may take a while if loading large networks from file
Loading network 1 from memory
Number of reations in network 1: 70
Networks loaded, now generating reaction strings
Reaction strings generation finished
Removing unconnected reactions
Unconnected reactions removed
Total number of reactions after pretreatment: 70
Time used for network pretreatment: 0.00 minutes

Job name: starter_00016_gen1
Job type: pathway search
Job started on: 2026-05-07 09:49:43.973778
Pathway finder started, total number of reactions in network 70
Searching for pathways.
If it is taking too long, try adjusting pruning parameters
Pathway search finished, removing loops if there's any.
Time used for pathway search: 0.00 minutes
1 pathways found!
1 reactions found in all pathways
Min number of reactions in a pathway: 1
Max number of reactions in a pathway: 1
Pruning parameters for this search:
search_depth: 1
max_num_rxns: 1
min_rxn_atom_economy: 0.3

Job name: starter_00016_gen1
Job type: pathway ranking
Job started on: 2026-05-07 09:49:44.031407
Start ranking pathways. Number of pathways after sanitization: 1
Reaction thermodynamics ranking working
Reaction thermodynamics ranking finished
Atom economy ranking working
Min_eco 1
Max_eco 1.0
None_eco 0
Atom_economy ranking finished
Number of steps ranking working
Number of steps ranking finished
By product_number ranking working
You can adjust multi-processing number to speed it up
By product_number ranking finished
min score 6.0
max score 6.0

Pathway ranking finished. Pathway scores:

ranking 1
final score 6.0
Max reaction enthalpy score 0  x  2  =  0
Number of reactions score 1.0  x  4  =  4.0
By-product score 1.0  x  2  =  2.0
Pathway atom economy score 0.0  x  1  =  0.0
Salt score 0  x  0  =  0
Reaxys score 0  x  0  =  0
Cool score 0  x  0  =  0
atom economy 1.0
pathway by-product 0
intermediate by-product {None: 0}
O=CNc1ncnc2c1ncn2[C@@H]1O[C@H](C=O)[C@@H](O)[C@H]1O.O=CNc1ncnc2c1ncn2[C@@H]1O[C@H](C=O)[C@@H](O)[C@H]1O>>O=CNc1ncnc2c1ncn2[C@@H]1O[C@H](C(O)c2nc3c(NC=O)ncnc3n2[C@@H]2O[C@H](C=O)[C@@H](O)[C@H]2O)[C@@H](O)[C@H]1O
rule0051_21
No_Thermo

Time used for pathway ranking: 0.00 minutes

Job name: starter_00016_gen1
Job type: pathway visualization
Job started on: 2026-05-07 09:49:44.132099
pygraphviz is NOT installed.
Graphviz is NOT installed.
A custom node layout will be used for pathway visualization
Number of pathways:  1
Number of reactions in reaxys:  0
Working on creating pages
You can adjust multi-processing number to speed up PDF generation
page done: 1
Finished with pages, writing to pdf
Time used for pathway visualization: 0.01 minutes

A custom node layout was used for pathway visualization
For a better layout, please install pygraphviz and Graphviz with the following command:
conda install conda-forge::pygraphviz
which should install both packages together

[Gen 1] [Worker 10] [00017/00020] SUCCESS | Molecules: 105 | Targets: 89 | Time: 69.15s | SMILES: O=CNc1ncnc2c1ncn2[C@@H]1O[C@H](C=O)[C@@H...
Job name: starter_00005_gen1
Job type: enzymatic network expansion forward
Ruleset: JN3604IMT (JN3604IMT_rules.tsv)
Job started on: 2026-05-07 09:47:06.629466
Number of generations: 1
Number of operators loaded: 3571
Number of molecules before expantion (including cofactors): 41
Number of molecules after expantion (including cofactors): 41
Number of reactions: 0
Time used for network generation: 2.63 minutes

Job name: starter_00005_gen1
Job type: post-processing pretreat networks
Job started on: 2026-05-07 09:49:50.635509
Loading networks, it may take a while if loading large networks from file
Loading network 1 from memory
Number of reations in network 1: 0
Networks loaded, now generating reaction strings
Reaction strings generation finished
Removing unconnected reactions
Unconnected reactions removed
Total number of reactions after pretreatment: 0
Time used for network pretreatment: 0.00 minutes

Job name: starter_00005_gen1
Job type: pathway search
Job started on: 2026-05-07 09:49:50.640465
Pathway finder started, total number of reactions in network 0
Searching for pathways.
If it is taking too long, try adjusting pruning parameters
No pathway found! Try adjusting pruning parameters.
Pathway search finished, removing loops if there's any.
Time used for pathway search: 0.00 minutes

Job name: starter_00005_gen1
Job type: pathway ranking
Job started on: 2026-05-07 09:49:50.643766
Pathway file not found, exiting pathway ranking

Job name: starter_00005_gen1
Job type: pathway visualization
Job started on: 2026-05-07 09:49:50.648686
Ranked pathway file not found, exiting pathway visualization

[Gen 1] [Worker 6] [00006/00020] SUCCESS | Molecules: 41 | Targets: 25 | Time: 164.11s | SMILES: NC(=O)C1=CN([C@@H]2O[C@H](COP(=O)(O)OP(=...
Finished with pages, writing to pdf
Time used for pathway visualization: 0.02 minutes

A custom node layout was used for pathway visualization
For a better layout, please install pygraphviz and Graphviz with the following command:
conda install conda-forge::pygraphviz
which should install both packages together

[Gen 1] [Worker 5] [00005/00020] SUCCESS | Molecules: 84 | Targets: 66 | Time: 60.82s | SMILES: CC(=O)OP(=O)(O)OC(C)=O...
Job name: starter_00011_gen1
Job type: enzymatic network expansion forward
Ruleset: JN3604IMT (JN3604IMT_rules.tsv)
Job started on: 2026-05-07 09:48:08.427396
Number of generations: 1
Number of operators loaded: 3571
Number of molecules before expantion (including cofactors): 42
Number of molecules after expantion (including cofactors): 52
Number of reactions: 14
Time used for network generation: 0.52 minutes

Job name: starter_00011_gen1
Job type: post-processing pretreat networks
Job started on: 2026-05-07 09:48:45.361334
Loading networks, it may take a while if loading large networks from file
Loading network 1 from memory
Number of reations in network 1: 14
Networks loaded, now generating reaction strings
Reaction strings generation finished
Removing unconnected reactions
Unconnected reactions removed
Total number of reactions after pretreatment: 14
Time used for network pretreatment: 0.00 minutes

Job name: starter_00011_gen1
Job type: pathway search
Job started on: 2026-05-07 09:48:45.404488
Pathway finder started, total number of reactions in network 14
Searching for pathways.
If it is taking too long, try adjusting pruning parameters
No pathway found! Try adjusting pruning parameters.
Pathway search finished, removing loops if there's any.
Time used for pathway search: 0.00 minutes

Job name: starter_00011_gen1
Job type: pathway ranking
Job started on: 2026-05-07 09:48:45.415442
Pathway file not found, exiting pathway ranking

Job name: starter_00011_gen1
Job type: pathway visualization
Job started on: 2026-05-07 09:48:45.419506
Ranked pathway file not found, exiting pathway visualization

[Gen 1] [Worker 5] [00012/00020] SUCCESS | Molecules: 52 | Targets: 36 | Time: 37.07s | SMILES: O=C1N=C2NC=Nc3c2ncn3[C@@H]2O[C@H]1[C@@H]...
Job name: starter_00018_gen1
Job type: enzymatic network expansion forward
Ruleset: JN3604IMT (JN3604IMT_rules.tsv)
Job started on: 2026-05-07 09:48:46.292704
Number of generations: 1
Number of operators loaded: 3571
Number of molecules before expantion (including cofactors): 42
Number of molecules after expantion (including cofactors): 150
Number of reactions: 122
Time used for network generation: 1.18 minutes

Job name: starter_00018_gen1
Job type: post-processing pretreat networks
Job started on: 2026-05-07 09:50:02.705266
Loading networks, it may take a while if loading large networks from file
Loading network 1 from memory
Number of reations in network 1: 122
Networks loaded, now generating reaction strings
Reaction strings generation finished
Removing unconnected reactions
Unconnected reactions removed
Total number of reactions after pretreatment: 121
Time used for network pretreatment: 0.00 minutes

Job name: starter_00018_gen1
Job type: pathway search
Job started on: 2026-05-07 09:50:02.756389
Pathway finder started, total number of reactions in network 121
Searching for pathways.
If it is taking too long, try adjusting pruning parameters
Pathway search finished, removing loops if there's any.
Time used for pathway search: 0.00 minutes
1 pathways found!
1 reactions found in all pathways
Min number of reactions in a pathway: 1
Max number of reactions in a pathway: 1
Pruning parameters for this search:
search_depth: 1
max_num_rxns: 1
min_rxn_atom_economy: 0.3

Job name: starter_00018_gen1
Job type: pathway ranking
Job started on: 2026-05-07 09:50:02.824702
Start ranking pathways. Number of pathways after sanitization: 1
Reaction thermodynamics ranking working
Reaction thermodynamics ranking finished
Atom economy ranking working
Min_eco 1
Max_eco 1.0
None_eco 0
Atom_economy ranking finished
Number of steps ranking working
Number of steps ranking finished
By product_number ranking working
You can adjust multi-processing number to speed it up
By product_number ranking finished
min score 6.0
max score 6.0

Pathway ranking finished. Pathway scores:

ranking 1
final score 6.0
Max reaction enthalpy score 0  x  2  =  0
Number of reactions score 1.0  x  4  =  4.0
By-product score 1.0  x  2  =  2.0
Pathway atom economy score 0.0  x  1  =  0.0
Salt score 0  x  0  =  0
Reaxys score 0  x  0  =  0
Cool score 0  x  0  =  0
atom economy 1.0
pathway by-product 0
intermediate by-product {None: 0}
CC(=O)CC(=O)O.CC(=O)SCCNC(=O)CCNC(=O)[C@H](O)C(C)(C)COP(=O)(O)OP(=O)(O)OC[C@H]1O[C@@H](n2cnc3c(N)ncnc32)[C@H](O)[C@@H]1OP(=O)(O)O>>CC(=O)SCCNC(=O)C(CNC(=O)[C@H](O)C(C)(C)COP(=O)(O)OP(=O)(O)OC[C@H]1O[C@@H](n2cnc3c(N)ncnc32)[C@H](O)[C@@H]1OP(=O)(O)O)C(C)(O)CC(=O)O
rule0255_1
No_Thermo

Time used for pathway ranking: 0.00 minutes

Job name: starter_00018_gen1
Job type: pathway visualization
Job started on: 2026-05-07 09:50:02.904123
pygraphviz is NOT installed.
Graphviz is NOT installed.
A custom node layout will be used for pathway visualization
Number of pathways:  1
Number of reactions in reaxys:  0
Working on creating pages
You can adjust multi-processing number to speed up PDF generation
page done: 1
Finished with pages, writing to pdf
Time used for pathway visualization: 0.01 minutes

A custom node layout was used for pathway visualization
For a better layout, please install pygraphviz and Graphviz with the following command:
conda install conda-forge::pygraphviz
which should install both packages together

[Gen 1] [Worker 5] [00019/00020] SUCCESS | Molecules: 150 | Targets: 131 | Time: 77.24s | SMILES: CC(=O)CC(=O)O...
Job name: starter_00007_gen1
Job type: enzymatic network expansion forward
Ruleset: JN3604IMT (JN3604IMT_rules.tsv)
Job started on: 2026-05-07 09:47:06.637753
Number of generations: 1
Number of operators loaded: 3571
Number of molecules before expantion (including cofactors): 42
Number of molecules after expantion (including cofactors): 62
Number of reactions: 23
Time used for network generation: 0.62 minutes

Job name: starter_00007_gen1
Job type: post-processing pretreat networks
Job started on: 2026-05-07 09:47:49.485098
Loading networks, it may take a while if loading large networks from file
Loading network 1 from memory
Number of reations in network 1: 23
Networks loaded, now generating reaction strings
Reaction strings generation finished
Removing unconnected reactions
Unconnected reactions removed
Total number of reactions after pretreatment: 23
Time used for network pretreatment: 0.00 minutes

Job name: starter_00007_gen1
Job type: pathway search
Job started on: 2026-05-07 09:47:49.530398
Pathway finder started, total number of reactions in network 23
Searching for pathways.
If it is taking too long, try adjusting pruning parameters
No pathway found! Try adjusting pruning parameters.
Pathway search finished, removing loops if there's any.
Time used for pathway search: 0.00 minutes

Job name: starter_00007_gen1
Job type: pathway ranking
Job started on: 2026-05-07 09:47:49.545780
Pathway file not found, exiting pathway ranking

Job name: starter_00007_gen1
Job type: pathway visualization
Job started on: 2026-05-07 09:47:49.549814
Ranked pathway file not found, exiting pathway visualization

[Gen 1] [Worker 8] [00008/00020] SUCCESS | Molecules: 62 | Targets: 46 | Time: 43.0s | SMILES: Nc1ncnc2c1ncn2[C@@H]1OC(C(O)O)=C[C@H]1O...
Job name: starter_00010_gen1
Job type: enzymatic network expansion forward
Ruleset: JN3604IMT (JN3604IMT_rules.tsv)
Job started on: 2026-05-07 09:47:50.414259
Number of generations: 1
Number of operators loaded: 3571
Number of molecules before expantion (including cofactors): 42
Number of molecules after expantion (including cofactors): 75
Number of reactions: 38
Time used for network generation: 0.72 minutes

Job name: starter_00010_gen1
Job type: post-processing pretreat networks
Job started on: 2026-05-07 09:48:39.758050
Loading networks, it may take a while if loading large networks from file
Loading network 1 from memory
Number of reations in network 1: 38
Networks loaded, now generating reaction strings
Reaction strings generation finished
Removing unconnected reactions
Unconnected reactions removed
Total number of reactions after pretreatment: 38
Time used for network pretreatment: 0.00 minutes

Job name: starter_00010_gen1
Job type: pathway search
Job started on: 2026-05-07 09:48:39.804872
Pathway finder started, total number of reactions in network 38
Searching for pathways.
If it is taking too long, try adjusting pruning parameters
No pathway found! Try adjusting pruning parameters.
Pathway search finished, removing loops if there's any.
Time used for pathway search: 0.00 minutes

Job name: starter_00010_gen1
Job type: pathway ranking
Job started on: 2026-05-07 09:48:39.827873
Pathway file not found, exiting pathway ranking

Job name: starter_00010_gen1
Job type: pathway visualization
Job started on: 2026-05-07 09:48:39.832207
Ranked pathway file not found, exiting pathway visualization

[Gen 1] [Worker 8] [00011/00020] SUCCESS | Molecules: 75 | Targets: 59 | Time: 49.5s | SMILES: C[C@H]1O[C@@H](n2cnc3c(=O)[nH]c(NC=O)nc3...
Job name: starter_00017_gen1
Job type: enzymatic network expansion forward
Ruleset: JN3604IMT (JN3604IMT_rules.tsv)
Job started on: 2026-05-07 09:48:40.759114
Number of generations: 1
Number of operators loaded: 3571
Number of molecules before expantion (including cofactors): 41
Number of molecules after expantion (including cofactors): 41
Number of reactions: 0
Time used for network generation: 2.58 minutes

Job name: starter_00017_gen1
Job type: post-processing pretreat networks
Job started on: 2026-05-07 09:51:21.382599
Loading networks, it may take a while if loading large networks from file
Loading network 1 from memory
Number of reations in network 1: 0
Networks loaded, now generating reaction strings
Reaction strings generation finished
Removing unconnected reactions
Unconnected reactions removed
Total number of reactions after pretreatment: 0
Time used for network pretreatment: 0.00 minutes

Job name: starter_00017_gen1
Job type: pathway search
Job started on: 2026-05-07 09:51:21.387247
Pathway finder started, total number of reactions in network 0
Searching for pathways.
If it is taking too long, try adjusting pruning parameters
No pathway found! Try adjusting pruning parameters.
Pathway search finished, removing loops if there's any.
Time used for pathway search: 0.00 minutes

Job name: starter_00017_gen1
Job type: pathway ranking
Job started on: 2026-05-07 09:51:21.390516
Pathway file not found, exiting pathway ranking

Job name: starter_00017_gen1
Job type: pathway visualization
Job started on: 2026-05-07 09:51:21.395330
Ranked pathway file not found, exiting pathway visualization

[Gen 1] [Worker 8] [00018/00020] SUCCESS | Molecules: 41 | Targets: 25 | Time: 160.72s | SMILES: NC(=O)c1ccc[n+]([C@@H]2O[C@H](COP(=O)(O)...

Collected 20 / 20 results for gen 1

Summary for gen 1 saved to: doranet_output_gen1/processing_summary.csv

----------------------------------------------------------------------
PROCESSING SUMMARY | GEN 1
----------------------------------------------------------------------
Total starters processed: 20
Successful: 20
Failed: 0
Total molecules generated: 1477
Total targets processed: 1147
Average time per starter: 79.08s
Total wall time: 255.74s

Configuration for gen 2 saved to: doranet_output_gen2/config_used.yaml

Starting parallel processing
  Generation: 2
  Output directory: doranet_output_gen2
  Total SMILES: 20
  Workers: 10
  Max atoms: {'C': 41, 'N': 14, 'O': 26, 'S': 2}
----------------------------------------------------------------------
Job name: starter_00000_gen2
Job type: enzymatic network expansion forward
Ruleset: JN3604IMT (JN3604IMT_rules.tsv)
Job started on: 2026-05-07 09:51:22.342422
Number of generations: 2
Number of operators loaded: 3571
Number of molecules before expantion (including cofactors): 41
Number of molecules after expantion (including cofactors): 41
Number of reactions: 0
Time used for network generation: 1.36 minutes

Job name: starter_00000_gen2
Job type: post-processing pretreat networks
Job started on: 2026-05-07 09:52:49.557083
Loading networks, it may take a while if loading large networks from file
Loading network 1 from memory
Number of reations in network 1: 0
Networks loaded, now generating reaction strings
Reaction strings generation finished
Removing unconnected reactions
Unconnected reactions removed
Total number of reactions after pretreatment: 0
Time used for network pretreatment: 0.00 minutes

Job name: starter_00000_gen2
Job type: pathway search
Job started on: 2026-05-07 09:52:49.561561
Pathway finder started, total number of reactions in network 0
Searching for pathways.
If it is taking too long, try adjusting pruning parameters
No pathway found! Try adjusting pruning parameters.
Pathway search finished, removing loops if there's any.
Time used for pathway search: 0.00 minutes

Job name: starter_00000_gen2
Job type: pathway ranking
Job started on: 2026-05-07 09:52:49.564826
Pathway file not found, exiting pathway ranking

Job name: starter_00000_gen2
Job type: pathway visualization
Job started on: 2026-05-07 09:52:49.569327
Ranked pathway file not found, exiting pathway visualization

[Gen 2] [Worker 1] [00001/00020] SUCCESS | Molecules: 41 | Targets: 25 | Time: 87.32s | SMILES: CC(=O)SCCNC(=O)CCNC(=O)[C@H](O)C(C)(C)CO...
Job name: starter_00011_gen2
Job type: enzymatic network expansion forward
Ruleset: JN3604IMT (JN3604IMT_rules.tsv)
Job started on: 2026-05-07 09:52:50.434024
Number of generations: 2
Number of operators loaded: 3571
Number of molecules before expantion (including cofactors): 42
Number of molecules after expantion (including cofactors): 369
Number of reactions: 446
Time used for network generation: 5.80 minutes

Job name: starter_00011_gen2
Job type: post-processing pretreat networks
Job started on: 2026-05-07 09:58:44.524795
Loading networks, it may take a while if loading large networks from file
Loading network 1 from memory
Number of reations in network 1: 446
Networks loaded, now generating reaction strings
Reaction strings generation finished
Removing unconnected reactions
Unconnected reactions removed
Total number of reactions after pretreatment: 440
Time used for network pretreatment: 0.00 minutes

Job name: starter_00011_gen2
Job type: pathway search
Job started on: 2026-05-07 09:58:44.599382
Pathway finder started, total number of reactions in network 440
Searching for pathways.
If it is taking too long, try adjusting pruning parameters
Pathway search finished, removing loops if there's any.
Time used for pathway search: 0.00 minutes
1 pathways found!
1 reactions found in all pathways
Min number of reactions in a pathway: 1
Max number of reactions in a pathway: 1
Pruning parameters for this search:
search_depth: 2
max_num_rxns: 2
min_rxn_atom_economy: 0.3

Job name: starter_00011_gen2
Job type: pathway ranking
Job started on: 2026-05-07 09:58:44.906139
Start ranking pathways. Number of pathways after sanitization: 1
Reaction thermodynamics ranking working
Reaction thermodynamics ranking finished
Atom economy ranking working
Min_eco 1
Max_eco 1.0
None_eco 0
Atom_economy ranking finished
Number of steps ranking working
Number of steps ranking finished
By product_number ranking working
You can adjust multi-processing number to speed it up
By product_number ranking finished
min score 6.0
max score 6.0

Pathway ranking finished. Pathway scores:

ranking 1
final score 6.0
Max reaction enthalpy score 0  x  2  =  0
Number of reactions score 1.0  x  4  =  4.0
By-product score 1.0  x  2  =  2.0
Pathway atom economy score 0.0  x  1  =  0.0
Salt score 0  x  0  =  0
Reaxys score 0  x  0  =  0
Cool score 0  x  0  =  0
atom economy 1.0
pathway by-product 0
intermediate by-product {None: 0}
CC(=O)SCCNC(=O)CCNC(=O)[C@H](O)C(C)(C)COP(=O)(O)OP(=O)(O)OC[C@H]1O[C@@H](n2cnc3c(N)ncnc32)[C@H](O)[C@@H]1OP(=O)(O)O.O=C1N=C2NC=Nc3c2ncn3[C@@H]2O[C@H]1[C@@H](O)[C@H]2O>>CC(=O)O[C@H]1[C@@H](O)[C@H]2O[C@@H]1C(=O)N=C1NC=Nc3c1ncn32.CC(C)(COP(=O)(O)OP(=O)(O)OC[C@H]1O[C@@H](n2cnc3c(N)ncnc32)[C@H](O)[C@@H]1OP(=O)(O)O)[C@@H](O)C(=O)NCCC(=O)NCCS
rule0062_19
No_Thermo

Time used for pathway ranking: 0.00 minutes

Job name: starter_00011_gen2
Job type: pathway visualization
Job started on: 2026-05-07 09:58:44.997700
pygraphviz is NOT installed.
Graphviz is NOT installed.
A custom node layout will be used for pathway visualization
Number of pathways:  1
Number of reactions in reaxys:  0
Working on creating pages
You can adjust multi-processing number to speed up PDF generation
page done: 1
Job name: starter_00005_gen2
Job type: enzymatic network expansion forward
Ruleset: JN3604IMT (JN3604IMT_rules.tsv)
Job started on: 2026-05-07 09:51:22.374189
Number of generations: 2
Number of operators loaded: 3571
Number of molecules before expantion (including cofactors): 41
Number of molecules after expantion (including cofactors): 41
Number of reactions: 0
Time used for network generation: 2.52 minutes

Job name: starter_00005_gen2
Job type: post-processing pretreat networks
Job started on: 2026-05-07 09:53:59.314822
Loading networks, it may take a while if loading large networks from file
Loading network 1 from memory
Number of reations in network 1: 0
Networks loaded, now generating reaction strings
Reaction strings generation finished
Removing unconnected reactions
Unconnected reactions removed
Total number of reactions after pretreatment: 0
Time used for network pretreatment: 0.00 minutes

Job name: starter_00005_gen2
Job type: pathway search
Job started on: 2026-05-07 09:53:59.319854
Pathway finder started, total number of reactions in network 0
Searching for pathways.
If it is taking too long, try adjusting pruning parameters
No pathway found! Try adjusting pruning parameters.
Pathway search finished, removing loops if there's any.
Time used for pathway search: 0.00 minutes

Job name: starter_00005_gen2
Job type: pathway ranking
Job started on: 2026-05-07 09:53:59.323235
Pathway file not found, exiting pathway ranking

Job name: starter_00005_gen2
Job type: pathway visualization
Job started on: 2026-05-07 09:53:59.328191
Ranked pathway file not found, exiting pathway visualization

[Gen 2] [Worker 6] [00006/00020] SUCCESS | Molecules: 41 | Targets: 25 | Time: 157.04s | SMILES: NC(=O)C1=CN([C@@H]2O[C@H](COP(=O)(O)OP(=...
Job name: starter_00012_gen2
Job type: enzymatic network expansion forward
Ruleset: JN3604IMT (JN3604IMT_rules.tsv)
Job started on: 2026-05-07 09:54:00.176068
Number of generations: 2
Number of operators loaded: 3571
Number of molecules before expantion (including cofactors): 42
Number of molecules after expantion (including cofactors): 451
Number of reactions: 556
Time used for network generation: 7.62 minutes

Job name: starter_00012_gen2
Job type: post-processing pretreat networks
Job started on: 2026-05-07 10:01:43.200838
Loading networks, it may take a while if loading large networks from file
Loading network 1 from memory
Number of reations in network 1: 556
Networks loaded, now generating reaction strings
Reaction strings generation finished
Removing unconnected reactions
Unconnected reactions removed
Total number of reactions after pretreatment: 550
Time used for network pretreatment: 0.00 minutes

Job name: starter_00012_gen2
Job type: pathway search
Job started on: 2026-05-07 10:01:43.284045
Pathway finder started, total number of reactions in network 550
Searching for pathways.
If it is taking too long, try adjusting pruning parameters
Pathway search finished, removing loops if there's any.
Time used for pathway search: 0.01 minutes
1 pathways found!
2 reactions found in all pathways
Min number of reactions in a pathway: 2
Max number of reactions in a pathway: 2
Pruning parameters for this search:
search_depth: 2
max_num_rxns: 2
min_rxn_atom_economy: 0.3

Job name: starter_00012_gen2
Job type: pathway ranking
Job started on: 2026-05-07 10:01:43.665354
Start ranking pathways. Number of pathways after sanitization: 1
Reaction thermodynamics ranking working
Reaction thermodynamics ranking finished
Atom economy ranking working
Min_eco 1
Max_eco 1.0
None_eco 0
Atom_economy ranking finished
Number of steps ranking working
Number of steps ranking finished
By product_number ranking working
You can adjust multi-processing number to speed it up
By product_number ranking finished
min score 6.0
max score 6.0

Pathway ranking finished. Pathway scores:

ranking 1
final score 6.0
Max reaction enthalpy score 0  x  2  =  0
Number of reactions score 1.0  x  4  =  4.0
By-product score 1.0  x  2  =  2.0
Pathway atom economy score 0.0  x  1  =  0.0
Salt score 0  x  0  =  0
Reaxys score 0  x  0  =  0
Cool score 0  x  0  =  0
atom economy 1.0
pathway by-product 0
intermediate by-product {None: 0}
CC(=O)NC1=Nc2ncnc3c2ncn3[C@@H]2O[C@H]1[C@@H](O)[C@H]2O.CC(=O)NC1=Nc2ncnc3c2ncn3[C@@H]2O[C@H]1[C@@H](O)[C@H]2O>>CC1(O)CC(O)(NC2=Nc3ncnc4c3ncn4[C@@H]3O[C@H]2[C@@H](O)[C@H]3O)O[C@H]2[C@@H](O)[C@H]3O[C@@H]2C(=Nc2ncnc4c2ncn43)N1
CC(=O)SCCNC(=O)CCNC(=O)[C@H](O)C(C)(C)COP(=O)(O)OP(=O)(O)OC[C@H]1O[C@@H](n2cnc3c(N)ncnc32)[C@H](O)[C@@H]1OP(=O)(O)O.NC1=Nc2ncnc3c2ncn3[C@@H]2O[C@H]1[C@@H](O)[C@H]2O>>CC(=O)NC1=Nc2ncnc3c2ncn3[C@@H]2O[C@H]1[C@@H](O)[C@H]2O.CC(C)(COP(=O)(O)OP(=O)(O)OC[C@H]1O[C@@H](n2cnc3c(N)ncnc32)[C@H](O)[C@@H]1OP(=O)(O)O)[C@@H](O)C(=O)NCCC(=O)NCCS
rule0353_2
rule0042_10
No_Thermo
No_Thermo

Time used for pathway ranking: 0.00 minutes

Job name: starter_00012_gen2
Job type: pathway visualization
Job started on: 2026-05-07 10:01:43.752682
pygraphviz is NOT installed.
Graphviz is NOT installed.
A custom node layout will be used for pathway visualization
Number of pathways:  1
Number of reactions in reaxys:  0
Working on creating pages
You can adjust multi-processing number to speed up PDF generation
page done: 1
Job name: starter_00007_gen2
Job type: enzymatic network expansion forward
Ruleset: JN3604IMT (JN3604IMT_rules.tsv)
Job started on: 2026-05-07 09:51:22.390139
Number of generations: 2
Number of operators loaded: 3571
Number of molecules before expantion (including cofactors): 42
Number of molecules after expantion (including cofactors): 750
Number of reactions: 1038
Time used for network generation: 12.89 minutes

Job name: starter_00007_gen2
Job type: post-processing pretreat networks
Job started on: 2026-05-07 10:04:21.879847
Loading networks, it may take a while if loading large networks from file
Loading network 1 from memory
Number of reations in network 1: 1038
Networks loaded, now generating reaction strings
Reaction strings generation finished
Removing unconnected reactions
Unconnected reactions removed
Total number of reactions after pretreatment: 1031
Time used for network pretreatment: 0.00 minutes

Job name: starter_00007_gen2
Job type: pathway search
Job started on: 2026-05-07 10:04:21.996341
Pathway finder started, total number of reactions in network 1031
Searching for pathways.
If it is taking too long, try adjusting pruning parameters
Pathway search finished, removing loops if there's any.
Time used for pathway search: 0.01 minutes
2 pathways found!
4 reactions found in all pathways
Min number of reactions in a pathway: 2
Max number of reactions in a pathway: 2
Pruning parameters for this search:
search_depth: 2
max_num_rxns: 2
min_rxn_atom_economy: 0.3

Job name: starter_00007_gen2
Job type: pathway ranking
Job started on: 2026-05-07 10:04:22.647860
Start ranking pathways. Number of pathways after sanitization: 2
Reaction thermodynamics ranking working
Reaction thermodynamics ranking finished
Atom economy ranking working
Min_eco 1
Max_eco 1.0
None_eco 0
Atom_economy ranking finished
Number of steps ranking working
Number of steps ranking finished
By product_number ranking working
You can adjust multi-processing number to speed it up
By product_number ranking finished
min score 6.0
max score 6.0

Pathway ranking finished. Pathway scores:

ranking 1
final score 6.0
Max reaction enthalpy score 0  x  2  =  0
Number of reactions score 1.0  x  4  =  4.0
By-product score 1.0  x  2  =  2.0
Pathway atom economy score 0.0  x  1  =  0.0
Salt score 0  x  0  =  0
Reaxys score 0  x  0  =  0
Cool score 0  x  0  =  0
atom economy 1.0
pathway by-product 0
intermediate by-product {None: 0}
CC(=O)SCCNC(=O)CCNC(=O)[C@H](O)C(C)(C)COP(=O)(O)OP(=O)(O)OC[C@H]1O[C@@H](n2cnc3c(N)ncnc32)[C@H](O)[C@@H]1OP(=O)(O)O.Nc1ncnc2c1ncn2[C@@H]1OC=C(C(O)O)[C@H]1O>>CC(=O)OC(O)C1=CO[C@@H](n2cnc3c(N)ncnc32)[C@@H]1O.CC(C)(COP(=O)(O)OP(=O)(O)OC[C@H]1O[C@@H](n2cnc3c(N)ncnc32)[C@H](O)[C@@H]1OP(=O)(O)O)[C@@H](O)C(=O)NCCC(=O)NCCS
Nc1ncnc2c1ncn2[C@@H]1OC(C(O)O)=C[C@H]1O>>Nc1ncnc2c1ncn2[C@@H]1OC=C(C(O)O)[C@H]1O
rule0062_18
rule0028_50
No_Thermo
No_Thermo

ranking 2
final score 6.0
Max reaction enthalpy score 0  x  2  =  0
Number of reactions score 1.0  x  4  =  4.0
By-product score 1.0  x  2  =  2.0
Pathway atom economy score 0.0  x  1  =  0.0
Salt score 0  x  0  =  0
Reaxys score 0  x  0  =  0
Cool score 0  x  0  =  0
atom economy 1.0
pathway by-product 0
intermediate by-product {None: 0}
CC(=O)OC(O)C1=C[C@@H](O)[C@H](n2cnc3c(N)ncnc32)O1>>CC(=O)OC(O)C1=CO[C@@H](n2cnc3c(N)ncnc32)[C@@H]1O
CC(=O)SCCNC(=O)CCNC(=O)[C@H](O)C(C)(C)COP(=O)(O)OP(=O)(O)OC[C@H]1O[C@@H](n2cnc3c(N)ncnc32)[C@H](O)[C@@H]1OP(=O)(O)O.Nc1ncnc2c1ncn2[C@@H]1OC(C(O)O)=C[C@H]1O>>CC(=O)OC(O)C1=C[C@@H](O)[C@H](n2cnc3c(N)ncnc32)O1.CC(C)(COP(=O)(O)OP(=O)(O)OC[C@H]1O[C@@H](n2cnc3c(N)ncnc32)[C@H](O)[C@@H]1OP(=O)(O)O)[C@@H](O)C(=O)NCCC(=O)NCCS
rule0028_50
rule0062_18
No_Thermo
No_Thermo

Time used for pathway ranking: 0.00 minutes

Job name: starter_00007_gen2
Job type: pathway visualization
Job started on: 2026-05-07 10:04:22.746868
pygraphviz is NOT installed.
Graphviz is NOT installed.
A custom node layout will be used for pathway visualization
Number of pathways:  2
Number of reactions in reaxys:  0
Working on creating pages
You can adjust multi-processing number to speed up PDF generation
page done: 1
page done: 2
Job name: starter_00003_gen2
Job type: enzymatic network expansion forward
Ruleset: JN3604IMT (JN3604IMT_rules.tsv)
Job started on: 2026-05-07 09:51:22.364397
Number of generations: 2
Number of operators loaded: 3571
Number of molecules before expantion (including cofactors): 41
Number of molecules after expantion (including cofactors): 41
Number of reactions: 0
Time used for network generation: 2.69 minutes

Job name: starter_00003_gen2
Job type: post-processing pretreat networks
Job started on: 2026-05-07 09:54:09.528589
Loading networks, it may take a while if loading large networks from file
Loading network 1 from memory
Number of reations in network 1: 0
Networks loaded, now generating reaction strings
Reaction strings generation finished
Removing unconnected reactions
Unconnected reactions removed
Total number of reactions after pretreatment: 0
Time used for network pretreatment: 0.00 minutes

Job name: starter_00003_gen2
Job type: pathway search
Job started on: 2026-05-07 09:54:09.533749
Pathway finder started, total number of reactions in network 0
Searching for pathways.
If it is taking too long, try adjusting pruning parameters
No pathway found! Try adjusting pruning parameters.
Pathway search finished, removing loops if there's any.
Time used for pathway search: 0.00 minutes

Job name: starter_00003_gen2
Job type: pathway ranking
Job started on: 2026-05-07 09:54:09.537183
Pathway file not found, exiting pathway ranking

Job name: starter_00003_gen2
Job type: pathway visualization
Job started on: 2026-05-07 09:54:09.542267
Ranked pathway file not found, exiting pathway visualization

[Gen 2] [Worker 4] [00004/00020] SUCCESS | Molecules: 41 | Targets: 25 | Time: 167.27s | SMILES: Cc1cc2nc3c(=O)[nH]c(=O)nc-3n(C[C@H](O)[C...
Job name: starter_00014_gen2
Job type: enzymatic network expansion forward
Ruleset: JN3604IMT (JN3604IMT_rules.tsv)
Job started on: 2026-05-07 09:54:10.412077
Number of generations: 2
Number of operators loaded: 3571
Number of molecules before expantion (including cofactors): 42
Number of molecules after expantion (including cofactors): 1458
Number of reactions: 1636
Time used for network generation: 22.19 minutes

Job name: starter_00014_gen2
Job type: post-processing pretreat networks
Job started on: 2026-05-07 10:16:28.445421
Loading networks, it may take a while if loading large networks from file
Loading network 1 from memory
Number of reations in network 1: 1636
Networks loaded, now generating reaction strings
Reaction strings generation finished
Removing unconnected reactions
Unconnected reactions removed
Total number of reactions after pretreatment: 1632
Time used for network pretreatment: 0.00 minutes

Job name: starter_00014_gen2
Job type: pathway search
Job started on: 2026-05-07 10:16:28.613217
Pathway finder started, total number of reactions in network 1632
Searching for pathways.
If it is taking too long, try adjusting pruning parameters
Pathway search finished, removing loops if there's any.
Time used for pathway search: 0.02 minutes
1 pathways found!
2 reactions found in all pathways
Min number of reactions in a pathway: 2
Max number of reactions in a pathway: 2
Pruning parameters for this search:
search_depth: 2
max_num_rxns: 2
min_rxn_atom_economy: 0.3

Job name: starter_00014_gen2
Job type: pathway ranking
Job started on: 2026-05-07 10:16:29.610858
Start ranking pathways. Number of pathways after sanitization: 1
Reaction thermodynamics ranking working
Reaction thermodynamics ranking finished
Atom economy ranking working
Min_eco 0.6206131797842844
Max_eco 0.6206131797842844
None_eco 0
Atom_economy ranking finished
Number of steps ranking working
Number of steps ranking finished
By product_number ranking working
You can adjust multi-processing number to speed it up
By product_number ranking finished
min score 6.0
max score 6.0

Pathway ranking finished. Pathway scores:

ranking 1
final score 6.0
Max reaction enthalpy score 0  x  2  =  0
Number of reactions score 1.0  x  4  =  4.0
By-product score 1.0  x  2  =  2.0
Pathway atom economy score 0.0  x  1  =  0.0
Salt score 0  x  0  =  0
Reaxys score 0  x  0  =  0
Cool score 0  x  0  =  0
atom economy 0.6206131797842844
pathway by-product 0
intermediate by-product {None: 0}
NC(=O)NC(=O)OP(=O)(O)O.NC(=O)NC(=O)OP(=O)(O)O>>N=C(NC(=O)NC(=O)OP(=O)(O)O)NC(=O)OP(=O)(O)O.O
NC(=O)OP(=O)(O)O.NC(=O)OP(=O)(O)O>>NC(=O)NC(=O)OP(=O)(O)O.O=P(O)(O)O
rule0158_2
rule0098_3
No_Thermo
No_Thermo

Time used for pathway ranking: 0.00 minutes

Job name: starter_00014_gen2
Job type: pathway visualization
Job started on: 2026-05-07 10:16:29.736140
pygraphviz is NOT installed.
Graphviz is NOT installed.
A custom node layout will be used for pathway visualization
Number of pathways:  1
Number of reactions in reaxys:  0
Working on creating pages
You can adjust multi-processing number to speed up PDF generation
page done: 1
Job name: starter_00002_gen2
Job type: enzymatic network expansion forward
Ruleset: JN3604IMT (JN3604IMT_rules.tsv)
Job started on: 2026-05-07 09:51:22.352397
Number of generations: 2
Number of operators loaded: 3571
Number of molecules before expantion (including cofactors): 41
Number of molecules after expantion (including cofactors): 41
Number of reactions: 0
Time used for network generation: 2.55 minutes

Job name: starter_00002_gen2
Job type: post-processing pretreat networks
Job started on: 2026-05-07 09:54:01.017577
Loading networks, it may take a while if loading large networks from file
Loading network 1 from memory
Number of reations in network 1: 0
Networks loaded, now generating reaction strings
Reaction strings generation finished
Removing unconnected reactions
Unconnected reactions removed
Total number of reactions after pretreatment: 0
Time used for network pretreatment: 0.00 minutes

Job name: starter_00002_gen2
Job type: pathway search
Job started on: 2026-05-07 09:54:01.022492
Pathway finder started, total number of reactions in network 0
Searching for pathways.
If it is taking too long, try adjusting pruning parameters
No pathway found! Try adjusting pruning parameters.
Pathway search finished, removing loops if there's any.
Time used for pathway search: 0.00 minutes

Job name: starter_00002_gen2
Job type: pathway ranking
Job started on: 2026-05-07 09:54:01.025897
Pathway file not found, exiting pathway ranking

Job name: starter_00002_gen2
Job type: pathway visualization
Job started on: 2026-05-07 09:54:01.030619
Ranked pathway file not found, exiting pathway visualization

[Gen 2] [Worker 3] [00003/00020] SUCCESS | Molecules: 41 | Targets: 25 | Time: 158.76s | SMILES: Cc1cc2c(cc1C)N(C[C@H](O)[C@H](O)[C@H](O)...
Job name: starter_00013_gen2
Job type: enzymatic network expansion forward
Ruleset: JN3604IMT (JN3604IMT_rules.tsv)
Job started on: 2026-05-07 09:54:01.907507
Number of generations: 2
Number of operators loaded: 3571
Number of molecules before expantion (including cofactors): 42
Number of molecules after expantion (including cofactors): 1842
Number of reactions: 2270
Time used for network generation: 27.76 minutes

Job name: starter_00013_gen2
Job type: post-processing pretreat networks
Job started on: 2026-05-07 10:21:52.170330
Loading networks, it may take a while if loading large networks from file
Loading network 1 from memory
Number of reations in network 1: 2270
Networks loaded, now generating reaction strings
Reaction strings generation finished
Removing unconnected reactions
Unconnected reactions removed
Total number of reactions after pretreatment: 2260
Time used for network pretreatment: 0.00 minutes

Job name: starter_00013_gen2
Job type: pathway search
Job started on: 2026-05-07 10:21:52.296448
Pathway finder started, total number of reactions in network 2260
Searching for pathways.
If it is taking too long, try adjusting pruning parameters
Pathway search finished, removing loops if there's any.
Time used for pathway search: 0.01 minutes
1 pathways found!
2 reactions found in all pathways
Min number of reactions in a pathway: 2
Max number of reactions in a pathway: 2
Pruning parameters for this search:
search_depth: 2
max_num_rxns: 2
min_rxn_atom_economy: 0.3

Job name: starter_00013_gen2
Job type: pathway ranking
Job started on: 2026-05-07 10:21:53.183387
Start ranking pathways. Number of pathways after sanitization: 1
Reaction thermodynamics ranking working
Reaction thermodynamics ranking finished
Atom economy ranking working
Min_eco 1
Max_eco 1.0
None_eco 0
Atom_economy ranking finished
Number of steps ranking working
Number of steps ranking finished
By product_number ranking working
You can adjust multi-processing number to speed it up
By product_number ranking finished
min score 6.0
max score 6.0

Pathway ranking finished. Pathway scores:

ranking 1
final score 6.0
Max reaction enthalpy score 0  x  2  =  0
Number of reactions score 1.0  x  4  =  4.0
By-product score 1.0  x  2  =  2.0
Pathway atom economy score 0.0  x  1  =  0.0
Salt score 0  x  0  =  0
Reaxys score 0  x  0  =  0
Cool score 0  x  0  =  0
atom economy 1.0
pathway by-product 0
intermediate by-product {None: 0}
C[C@H]1O[C@@H](n2cnc3c(NC=O)ncnc32)[C@H](O)[C@@H]1O>>C[C@H]1O[C@@H](n2cnc3c(NCO)ncnc32)[C@@H]2O[C@]12O
C[C@H]1O[C@@H](n2cnc3c(NCO)ncnc32)[C@@H]2O[C@]12O.O=c1ccn([C@@H]2O[C@H](COP(=O)(O)OP(=O)(O)O[C@H]3O[C@H](CO)[C@@H](O)[C@H](O)[C@H]3O)[C@@H](O)[C@H]2O)c(=O)[nH]1>>C[C@H]1O[C@@H](n2cnc3c(NCO[C@H]4O[C@H](CO)[C@@H](O)[C@H](O)[C@H]4O)ncnc32)[C@@H]2O[C@]12O.O=c1ccn([C@@H]2O[C@H](COP(=O)(O)OP(=O)(O)O)[C@@H](O)[C@H]2O)c(=O)[nH]1
rule0169_1
rule0009_41
No_Thermo
No_Thermo

Time used for pathway ranking: 0.00 minutes

Job name: starter_00013_gen2
Job type: pathway visualization
Job started on: 2026-05-07 10:21:53.252543
pygraphviz is NOT installed.
Graphviz is NOT installed.
A custom node layout will be used for pathway visualization
Number of pathways:  1
Number of reactions in reaxys:  0
Working on creating pages
You can adjust multi-processing number to speed up PDF generation
page done: 1
Finished with pages, writing to pdf
Time used for pathway visualization: 0.01 minutes

A custom node layout was used for pathway visualization
For a better layout, please install pygraphviz and Graphviz with the following command:
conda install conda-forge::pygraphviz
which should install both packages together

[Gen 2] [Worker 3] [00014/00020] SUCCESS | Molecules: 1842 | Targets: 1822 | Time: 1672.18s | SMILES: C[C@H]1O[C@@H](n2cnc3c(NC=O)ncnc32)[C@H]...
Job name: starter_00001_gen2
Job type: enzymatic network expansion forward
Ruleset: JN3604IMT (JN3604IMT_rules.tsv)
Job started on: 2026-05-07 09:51:22.354133
Number of generations: 2
Number of operators loaded: 3571
Number of molecules before expantion (including cofactors): 41
Number of molecules after expantion (including cofactors): 41
Number of reactions: 0
Time used for network generation: 1.05 minutes

Job name: starter_00001_gen2
Job type: post-processing pretreat networks
Job started on: 2026-05-07 09:52:31.040018
Loading networks, it may take a while if loading large networks from file
Loading network 1 from memory
Number of reations in network 1: 0
Networks loaded, now generating reaction strings
Reaction strings generation finished
Removing unconnected reactions
Unconnected reactions removed
Total number of reactions after pretreatment: 0
Time used for network pretreatment: 0.00 minutes

Job name: starter_00001_gen2
Job type: pathway search
Job started on: 2026-05-07 09:52:31.044750
Pathway finder started, total number of reactions in network 0
Searching for pathways.
If it is taking too long, try adjusting pruning parameters
No pathway found! Try adjusting pruning parameters.
Pathway search finished, removing loops if there's any.
Time used for pathway search: 0.00 minutes

Job name: starter_00001_gen2
Job type: pathway ranking
Job started on: 2026-05-07 09:52:31.047963
Pathway file not found, exiting pathway ranking

Job name: starter_00001_gen2
Job type: pathway visualization
Job started on: 2026-05-07 09:52:31.052673
Ranked pathway file not found, exiting pathway visualization

[Gen 2] [Worker 2] [00002/00020] SUCCESS | Molecules: 41 | Targets: 25 | Time: 68.79s | SMILES: CC(C)(COP(=O)(O)OP(=O)(O)OC[C@H]1O[C@@H]...
Job name: starter_00010_gen2
Job type: enzymatic network expansion forward
Ruleset: JN3604IMT (JN3604IMT_rules.tsv)
Job started on: 2026-05-07 09:52:31.937787
Number of generations: 2
Number of operators loaded: 3571
Number of molecules before expantion (including cofactors): 42
Number of molecules after expantion (including cofactors): 2029
Number of reactions: 2470
Time used for network generation: 32.21 minutes

Job name: starter_00010_gen2
Job type: post-processing pretreat networks
Job started on: 2026-05-07 10:24:52.341783
Loading networks, it may take a while if loading large networks from file
Loading network 1 from memory
Number of reations in network 1: 2470
Networks loaded, now generating reaction strings
Reaction strings generation finished
Removing unconnected reactions
Unconnected reactions removed
Total number of reactions after pretreatment: 2460
Time used for network pretreatment: 0.00 minutes

Job name: starter_00010_gen2
Job type: pathway search
Job started on: 2026-05-07 10:24:52.573344
Pathway finder started, total number of reactions in network 2460
Searching for pathways.
If it is taking too long, try adjusting pruning parameters
Pathway search finished, removing loops if there's any.
Time used for pathway search: 0.03 minutes
2 pathways found!
4 reactions found in all pathways
Min number of reactions in a pathway: 2
Max number of reactions in a pathway: 2
Pruning parameters for this search:
search_depth: 2
max_num_rxns: 2
min_rxn_atom_economy: 0.3

Job name: starter_00010_gen2
Job type: pathway ranking
Job started on: 2026-05-07 10:24:54.243127
Start ranking pathways. Number of pathways after sanitization: 2
Reaction thermodynamics ranking working
Reaction thermodynamics ranking finished
Atom economy ranking working
Min_eco 0.5452822990022052
Max_eco 0.5579344192332315
None_eco 0
Atom_economy ranking finished
Number of steps ranking working
Number of steps ranking finished
By product_number ranking working
You can adjust multi-processing number to speed it up
By product_number ranking finished
min score 6.0
max score 7.0

Pathway ranking finished. Pathway scores:

ranking 1
final score 7.0
Max reaction enthalpy score 0  x  2  =  0
Number of reactions score 1.0  x  4  =  4.0
By-product score 1.0  x  2  =  2.0
Pathway atom economy score 1.0  x  1  =  1.0
Salt score 0  x  0  =  0
Reaxys score 0  x  0  =  0
Cool score 0  x  0  =  0
atom economy 0.5579344192332315
pathway by-product 0
intermediate by-product {None: 0}
C[C@H]1O[C@@H](n2cnc3c(=O)[nH]c(NC=O)nc32)[C@H](O)[C@@H]1O.C[C@H]1O[C@@H](n2cnc3c(=O)[nH]c(NC=O)nc32)[C@H](O)[C@@H]1O>>C[C@H]1O[C@@H](n2cnc3c(=O)[nH]c(N)nc32)[C@H](O)[C@@H]1O.C[C@H]1O[C@@H](n2cnc3c(=O)[nH]c(NC=O)nc32)[C@H](OC=O)[C@@H]1O
C[C@H]1O[C@@H](n2cnc3c(=O)[nH]c(NC=O)nc32)[C@H](OC=O)[C@@H]1O.C[S+](CC[C@H](N)C(=O)O)C[C@H]1O[C@@H](n2cnc3c(N)ncnc32)[C@H](O)[C@@H]1O>>CO[C@H]1[C@@H](OC=O)[C@H](n2cnc3c(=O)[nH]c(NC=O)nc32)O[C@@H]1C.Nc1ncnc2c1ncn2[C@@H]1O[C@H](CSCC[C@H](N)C(=O)O)[C@@H](O)[C@H]1O
rule0122_17
rule0011_51
No_Thermo
No_Thermo

ranking 2
final score 6.0
Max reaction enthalpy score 0  x  2  =  0
Number of reactions score 1.0  x  4  =  4.0
By-product score 1.0  x  2  =  2.0
Pathway atom economy score 0.0  x  1  =  0.0
Salt score 0  x  0  =  0
Reaxys score 0  x  0  =  0
Cool score 0  x  0  =  0
atom economy 0.5452822990022052
pathway by-product 0
intermediate by-product {None: 0}
CO[C@H]1[C@@H](O)[C@H](n2cnc3c(=O)[nH]c(NC=O)nc32)O[C@@H]1C.CO[C@H]1[C@@H](O)[C@H](n2cnc3c(=O)[nH]c(NC=O)nc32)O[C@@H]1C>>CO[C@H]1[C@@H](O)[C@H](n2cnc3c(=O)[nH]c(N)nc32)O[C@@H]1C.CO[C@H]1[C@@H](OC=O)[C@H](n2cnc3c(=O)[nH]c(NC=O)nc32)O[C@@H]1C
C[C@H]1O[C@@H](n2cnc3c(=O)[nH]c(NC=O)nc32)[C@H](O)[C@@H]1O.C[S+](CC[C@H](N)C(=O)O)C[C@H]1O[C@@H](n2cnc3c(N)ncnc32)[C@H](O)[C@@H]1O>>CO[C@H]1[C@@H](O)[C@H](n2cnc3c(=O)[nH]c(NC=O)nc32)O[C@@H]1C.Nc1ncnc2c1ncn2[C@@H]1O[C@H](CSCC[C@H](N)C(=O)O)[C@@H](O)[C@H]1O
rule0122_17
rule0011_51
No_Thermo
No_Thermo

Time used for pathway ranking: 0.00 minutes

Job name: starter_00010_gen2
Job type: pathway visualization
Job started on: 2026-05-07 10:24:54.354523
pygraphviz is NOT installed.
Graphviz is NOT installed.
A custom node layout will be used for pathway visualization
Number of pathways:  2
Number of reactions in reaxys:  0
Working on creating pages
You can adjust multi-processing number to speed up PDF generation
page done: 1
page done: 2
Finished with pages, writing to pdf
Time used for pathway visualization: 0.02 minutes

A custom node layout was used for pathway visualization
For a better layout, please install pygraphviz and Graphviz with the following command:
conda install conda-forge::pygraphviz
which should install both packages together

[Gen 2] [Worker 2] [00011/00020] SUCCESS | Molecules: 2029 | Targets: 2009 | Time: 1943.91s | SMILES: C[C@H]1O[C@@H](n2cnc3c(=O)[nH]c(NC=O)nc3...
Finished with pages, writing to pdf
Time used for pathway visualization: 0.01 minutes

A custom node layout was used for pathway visualization
For a better layout, please install pygraphviz and Graphviz with the following command:
conda install conda-forge::pygraphviz
which should install both packages together

[Gen 2] [Worker 4] [00015/00020] SUCCESS | Molecules: 1458 | Targets: 1438 | Time: 1340.28s | SMILES: NC(=O)OP(=O)(O)O...
Job name: starter_00019_gen2
Job type: enzymatic network expansion forward
Ruleset: JN3604IMT (JN3604IMT_rules.tsv)
Job started on: 2026-05-07 10:16:31.690060
Number of generations: 2
Number of operators loaded: 3571
Number of molecules before expantion (including cofactors): 42
Number of molecules after expantion (including cofactors): 735
Number of reactions: 1019
Time used for network generation: 12.71 minutes

Job name: starter_00019_gen2
Job type: post-processing pretreat networks
Job started on: 2026-05-07 10:29:20.614268
Loading networks, it may take a while if loading large networks from file
Loading network 1 from memory
Number of reations in network 1: 1019
Networks loaded, now generating reaction strings
Reaction strings generation finished
Removing unconnected reactions
Unconnected reactions removed
Total number of reactions after pretreatment: 1012
Time used for network pretreatment: 0.00 minutes

Job name: starter_00019_gen2
Job type: pathway search
Job started on: 2026-05-07 10:29:20.729455
Pathway finder started, total number of reactions in network 1012
Searching for pathways.
If it is taking too long, try adjusting pruning parameters
Pathway search finished, removing loops if there's any.
Time used for pathway search: 0.01 minutes
1 pathways found!
2 reactions found in all pathways
Min number of reactions in a pathway: 2
Max number of reactions in a pathway: 2
Pruning parameters for this search:
search_depth: 2
max_num_rxns: 2
min_rxn_atom_economy: 0.3

Job name: starter_00019_gen2
Job type: pathway ranking
Job started on: 2026-05-07 10:29:21.381387
Start ranking pathways. Number of pathways after sanitization: 1
Reaction thermodynamics ranking working
Reaction thermodynamics ranking finished
Atom economy ranking working
Min_eco 1
Max_eco 1.0
None_eco 0
Atom_economy ranking finished
Number of steps ranking working
Number of steps ranking finished
By product_number ranking working
You can adjust multi-processing number to speed it up
By product_number ranking finished
min score 6.0
max score 6.0

Pathway ranking finished. Pathway scores:

ranking 1
final score 6.0
Max reaction enthalpy score 0  x  2  =  0
Number of reactions score 1.0  x  4  =  4.0
By-product score 1.0  x  2  =  2.0
Pathway atom economy score 0.0  x  1  =  0.0
Salt score 0  x  0  =  0
Reaxys score 0  x  0  =  0
Cool score 0  x  0  =  0
atom economy 1.0
pathway by-product 0
intermediate by-product {None: 0}
CC(=O)O[C@@H]1C=C(C(O)O)O[C@H]1n1cnc2c(=O)[nH]c(N)nc21.CC(=O)SCCNC(=O)CCNC(=O)[C@H](O)C(C)(C)COP(=O)(O)OP(=O)(O)OC[C@H]1O[C@@H](n2cnc3c(N)ncnc32)[C@H](O)[C@@H]1OP(=O)(O)O>>CC(=O)SCCNC(=O)C(CNC(=O)[C@H](O)C(C)(C)COP(=O)(O)OP(=O)(O)OC[C@H]1O[C@@H](n2cnc3c(N)ncnc32)[C@H](O)[C@@H]1OP(=O)(O)O)C(C)(O)O[C@@H]1C=C(C(O)O)O[C@H]1n1cnc2c(=O)[nH]c(N)nc21
CC(=O)SCCNC(=O)CCNC(=O)[C@H](O)C(C)(C)COP(=O)(O)OP(=O)(O)OC[C@H]1O[C@@H](n2cnc3c(N)ncnc32)[C@H](O)[C@@H]1OP(=O)(O)O.Nc1nc2c(ncn2[C@@H]2OC(C(O)O)=C[C@H]2O)c(=O)[nH]1>>CC(=O)O[C@@H]1C=C(C(O)O)O[C@H]1n1cnc2c(=O)[nH]c(N)nc21.CC(C)(COP(=O)(O)OP(=O)(O)OC[C@H]1O[C@@H](n2cnc3c(N)ncnc32)[C@H](O)[C@@H]1OP(=O)(O)O)[C@@H](O)C(=O)NCCC(=O)NCCS
rule0255_1
rule0062_19
No_Thermo
No_Thermo

Time used for pathway ranking: 0.00 minutes

Job name: starter_00019_gen2
Job type: pathway visualization
Job started on: 2026-05-07 10:29:21.505165
pygraphviz is NOT installed.
Graphviz is NOT installed.
A custom node layout will be used for pathway visualization
Number of pathways:  1
Number of reactions in reaxys:  0
Working on creating pages
You can adjust multi-processing number to speed up PDF generation
page done: 1
Finished with pages, writing to pdf
Time used for pathway visualization: 0.01 minutes

A custom node layout was used for pathway visualization
For a better layout, please install pygraphviz and Graphviz with the following command:
conda install conda-forge::pygraphviz
which should install both packages together

[Gen 2] [Worker 4] [00020/00020] SUCCESS | Molecules: 735 | Targets: 715 | Time: 770.74s | SMILES: Nc1nc2c(ncn2[C@@H]2OC(C(O)O)=C[C@H]2O)c(...
Warning: Timeout or error collecting result: 
Warning: Worker 2592166 did not exit cleanly, terminating...
Warning: Worker 2592170 did not exit cleanly, terminating...
Warning: Worker 2592171 did not exit cleanly, terminating...
Warning: Worker 2592172 did not exit cleanly, terminating...
Warning: Worker 2592173 did not exit cleanly, terminating...
Warning: Worker 2592174 did not exit cleanly, terminating...
Warning: Worker 2592175 did not exit cleanly, terminating...

Collected 13 / 20 results for gen 2

Summary for gen 2 saved to: doranet_output_gen2/processing_summary.csv

----------------------------------------------------------------------
PROCESSING SUMMARY | GEN 2
----------------------------------------------------------------------
Total starters processed: 13
Successful: 13
Failed: 0
Total molecules generated: 7880
Total targets processed: 7644
Average time per starter: 625.33s
Total wall time: 3301.82s

Configuration for gen 3 saved to: doranet_output_gen3/config_used.yaml

Starting parallel processing
  Generation: 3
  Output directory: doranet_output_gen3
  Total SMILES: 20
  Workers: 10
  Max atoms: {'C': 41, 'N': 14, 'O': 26, 'S': 2}
----------------------------------------------------------------------
Warning: Timeout or error collecting result: 
Warning: Worker 2605324 did not exit cleanly, terminating...
Warning: Worker 2605325 did not exit cleanly, terminating...
Warning: Worker 2605326 did not exit cleanly, terminating...
Warning: Worker 2605327 did not exit cleanly, terminating...
Warning: Worker 2605328 did not exit cleanly, terminating...
Warning: Worker 2605329 did not exit cleanly, terminating...
Warning: Worker 2605330 did not exit cleanly, terminating...
Warning: Worker 2605331 did not exit cleanly, terminating...
Warning: Worker 2605332 did not exit cleanly, terminating...
Warning: Worker 2605333 did not exit cleanly, terminating...

Collected 5 / 20 results for gen 3

Summary for gen 3 saved to: doranet_output_gen3/processing_summary.csv

----------------------------------------------------------------------
PROCESSING SUMMARY | GEN 3
----------------------------------------------------------------------
Total starters processed: 5
Successful: 5
Failed: 0
Total molecules generated: 205
Total targets processed: 125
Average time per starter: 126.25s
Total wall time: 1365.98s

Combined summary saved to: doranet_output/processing_summary_all_generations.csv

----------------------------------------------------------------------
ALL GENERATIONS COMPLETE
----------------------------------------------------------------------
Generations run: [1, 2, 3]
Resolved max_atoms used for every generation: {'C': 41, 'N': 14, 'O': 26, 'S': 2}
Total generation-starter jobs: 38
Total wall time across all generations: 4923.56s
