
================ Toxicity Prediction Run ================
inputFile               : BacillusAnthracis_BasidalinPrecursorDORAnetGenerated_Antibiotic_ARTprediction.csv
ARTresultsDir           : /mnt/data.ese/nfs/users/sghosh6/DTRA_project/MACAW/DrugDesignData/Results/Bacillus_anthracis_bestMACAW_allDB/
Input CSV               : /mnt/data.ese/nfs/users/sghosh6/DTRA_project/MACAW/DrugDesignData/Results/Bacillus_anthracis_bestMACAW_allDB/BacillusAnthracis_BasidalinPrecursorDORAnetGenerated_Antibiotic_ARTprediction.csv
Output CSV              : /mnt/data.ese/nfs/users/sghosh6/DTRA_project/MACAW/DrugDesignData/Results/Bacillus_anthracis_bestMACAW_allDB/BacillusAnthracis_BasidalinPrecursorDORAnetGenerated_Antibiotic_ARTprediction_wToxicity.csv
Checkpoint CSV          : /mnt/data.ese/nfs/users/sghosh6/DTRA_project/MACAW/DrugDesignData/Results/Bacillus_anthracis_bestMACAW_allDB/BacillusAnthracis_BasidalinPrecursorDORAnetGenerated_Antibiotic_ARTprediction_wToxicity_checkpoint.csv
selectSMILES            : None
batchSize               : 500
saveEveryBatch          : True
resumeFromCheckpoint    : True
deduplicateSmiles       : True
enableDiversityFilter   : True
similarityThreshold     : 0.75
fingerprintRadius       : 2
fingerprintBits         : 2048
diversityChunkSize      : 1000
saveDiversityFiltered   : True
useCanonicalFiltering   : True
=========================================================

Loaded input dataframe shape: (651810, 8)

Applying chemical diversity filter before ADMET prediction...
Diversity chunk 1 | processed unique SMILES: 1000/651810 | new selected: 781 | total selected: 781
Diversity chunk 2 | processed unique SMILES: 2000/651810 | new selected: 810 | total selected: 1591
Diversity chunk 3 | processed unique SMILES: 3000/651810 | new selected: 712 | total selected: 2303
Diversity chunk 4 | processed unique SMILES: 4000/651810 | new selected: 616 | total selected: 2919
Diversity chunk 5 | processed unique SMILES: 5000/651810 | new selected: 667 | total selected: 3586
Diversity chunk 6 | processed unique SMILES: 6000/651810 | new selected: 676 | total selected: 4262
Diversity chunk 7 | processed unique SMILES: 7000/651810 | new selected: 707 | total selected: 4969
Diversity chunk 8 | processed unique SMILES: 8000/651810 | new selected: 650 | total selected: 5619
Diversity chunk 9 | processed unique SMILES: 9000/651810 | new selected: 543 | total selected: 6162
Diversity chunk 10 | processed unique SMILES: 10000/651810 | new selected: 0 | total selected: 6162
Diversity chunk 11 | processed unique SMILES: 11000/651810 | new selected: 0 | total selected: 6162
Diversity chunk 12 | processed unique SMILES: 12000/651810 | new selected: 0 | total selected: 6162
Diversity chunk 13 | processed unique SMILES: 13000/651810 | new selected: 0 | total selected: 6162
Diversity chunk 14 | processed unique SMILES: 14000/651810 | new selected: 268 | total selected: 6430
Diversity chunk 15 | processed unique SMILES: 15000/651810 | new selected: 501 | total selected: 6931
Diversity chunk 16 | processed unique SMILES: 16000/651810 | new selected: 559 | total selected: 7490
Diversity chunk 17 | processed unique SMILES: 17000/651810 | new selected: 431 | total selected: 7921
Diversity chunk 18 | processed unique SMILES: 18000/651810 | new selected: 347 | total selected: 8268
Diversity chunk 19 | processed unique SMILES: 19000/651810 | new selected: 573 | total selected: 8841
Diversity chunk 20 | processed unique SMILES: 20000/651810 | new selected: 170 | total selected: 9011
Diversity chunk 21 | processed unique SMILES: 21000/651810 | new selected: 460 | total selected: 9471
Diversity chunk 22 | processed unique SMILES: 22000/651810 | new selected: 248 | total selected: 9719
Diversity chunk 23 | processed unique SMILES: 23000/651810 | new selected: 423 | total selected: 10142
Diversity chunk 24 | processed unique SMILES: 24000/651810 | new selected: 318 | total selected: 10460
Diversity chunk 25 | processed unique SMILES: 25000/651810 | new selected: 452 | total selected: 10912
Diversity chunk 26 | processed unique SMILES: 26000/651810 | new selected: 0 | total selected: 10912
Diversity chunk 27 | processed unique SMILES: 27000/651810 | new selected: 289 | total selected: 11201
Diversity chunk 28 | processed unique SMILES: 28000/651810 | new selected: 3 | total selected: 11204
Diversity chunk 29 | processed unique SMILES: 29000/651810 | new selected: 485 | total selected: 11689
Diversity chunk 30 | processed unique SMILES: 30000/651810 | new selected: 10 | total selected: 11699
Diversity chunk 31 | processed unique SMILES: 31000/651810 | new selected: 0 | total selected: 11699
Diversity chunk 32 | processed unique SMILES: 32000/651810 | new selected: 0 | total selected: 11699
Diversity chunk 33 | processed unique SMILES: 33000/651810 | new selected: 1 | total selected: 11700
Diversity chunk 34 | processed unique SMILES: 34000/651810 | new selected: 0 | total selected: 11700
Diversity chunk 35 | processed unique SMILES: 35000/651810 | new selected: 0 | total selected: 11700
Diversity chunk 36 | processed unique SMILES: 36000/651810 | new selected: 496 | total selected: 12196
Diversity chunk 37 | processed unique SMILES: 37000/651810 | new selected: 562 | total selected: 12758
Diversity chunk 38 | processed unique SMILES: 38000/651810 | new selected: 672 | total selected: 13430
Diversity chunk 39 | processed unique SMILES: 39000/651810 | new selected: 727 | total selected: 14157
Diversity chunk 40 | processed unique SMILES: 40000/651810 | new selected: 313 | total selected: 14470
Diversity chunk 41 | processed unique SMILES: 41000/651810 | new selected: 0 | total selected: 14470
Diversity chunk 42 | processed unique SMILES: 42000/651810 | new selected: 263 | total selected: 14733
Diversity chunk 43 | processed unique SMILES: 43000/651810 | new selected: 204 | total selected: 14937
Diversity chunk 44 | processed unique SMILES: 44000/651810 | new selected: 215 | total selected: 15152
Diversity chunk 45 | processed unique SMILES: 45000/651810 | new selected: 590 | total selected: 15742
Diversity chunk 46 | processed unique SMILES: 46000/651810 | new selected: 0 | total selected: 15742
Diversity chunk 47 | processed unique SMILES: 47000/651810 | new selected: 0 | total selected: 15742
Diversity chunk 48 | processed unique SMILES: 48000/651810 | new selected: 0 | total selected: 15742
Diversity chunk 49 | processed unique SMILES: 49000/651810 | new selected: 0 | total selected: 15742
Diversity chunk 50 | processed unique SMILES: 50000/651810 | new selected: 207 | total selected: 15949
Diversity chunk 51 | processed unique SMILES: 51000/651810 | new selected: 257 | total selected: 16206
Diversity chunk 52 | processed unique SMILES: 52000/651810 | new selected: 0 | total selected: 16206
Diversity chunk 53 | processed unique SMILES: 53000/651810 | new selected: 606 | total selected: 16812
Diversity chunk 54 | processed unique SMILES: 54000/651810 | new selected: 712 | total selected: 17524
Diversity chunk 55 | processed unique SMILES: 55000/651810 | new selected: 416 | total selected: 17940
Diversity chunk 56 | processed unique SMILES: 56000/651810 | new selected: 746 | total selected: 18686
Diversity chunk 57 | processed unique SMILES: 57000/651810 | new selected: 620 | total selected: 19306
Diversity chunk 58 | processed unique SMILES: 58000/651810 | new selected: 189 | total selected: 19495
Diversity chunk 59 | processed unique SMILES: 59000/651810 | new selected: 225 | total selected: 19720
Diversity chunk 60 | processed unique SMILES: 60000/651810 | new selected: 190 | total selected: 19910
Diversity chunk 61 | processed unique SMILES: 61000/651810 | new selected: 561 | total selected: 20471
Diversity chunk 62 | processed unique SMILES: 62000/651810 | new selected: 510 | total selected: 20981
Diversity chunk 63 | processed unique SMILES: 63000/651810 | new selected: 309 | total selected: 21290
Diversity chunk 64 | processed unique SMILES: 64000/651810 | new selected: 556 | total selected: 21846
Diversity chunk 65 | processed unique SMILES: 65000/651810 | new selected: 300 | total selected: 22146
Diversity chunk 66 | processed unique SMILES: 66000/651810 | new selected: 742 | total selected: 22888
Diversity chunk 67 | processed unique SMILES: 67000/651810 | new selected: 630 | total selected: 23518
Diversity chunk 68 | processed unique SMILES: 68000/651810 | new selected: 442 | total selected: 23960
Diversity chunk 69 | processed unique SMILES: 69000/651810 | new selected: 0 | total selected: 23960
Diversity chunk 70 | processed unique SMILES: 70000/651810 | new selected: 504 | total selected: 24464
Diversity chunk 71 | processed unique SMILES: 71000/651810 | new selected: 406 | total selected: 24870
Diversity chunk 72 | processed unique SMILES: 72000/651810 | new selected: 398 | total selected: 25268
Diversity chunk 73 | processed unique SMILES: 73000/651810 | new selected: 453 | total selected: 25721
Diversity chunk 74 | processed unique SMILES: 74000/651810 | new selected: 257 | total selected: 25978
Diversity chunk 75 | processed unique SMILES: 75000/651810 | new selected: 387 | total selected: 26365
Diversity chunk 76 | processed unique SMILES: 76000/651810 | new selected: 441 | total selected: 26806
Diversity chunk 77 | processed unique SMILES: 77000/651810 | new selected: 88 | total selected: 26894
Diversity chunk 78 | processed unique SMILES: 78000/651810 | new selected: 95 | total selected: 26989
Diversity chunk 79 | processed unique SMILES: 79000/651810 | new selected: 0 | total selected: 26989
Diversity chunk 80 | processed unique SMILES: 80000/651810 | new selected: 437 | total selected: 27426
Diversity chunk 81 | processed unique SMILES: 81000/651810 | new selected: 364 | total selected: 27790
Diversity chunk 82 | processed unique SMILES: 82000/651810 | new selected: 56 | total selected: 27846
Diversity chunk 83 | processed unique SMILES: 83000/651810 | new selected: 291 | total selected: 28137
Diversity chunk 84 | processed unique SMILES: 84000/651810 | new selected: 516 | total selected: 28653
Diversity chunk 85 | processed unique SMILES: 85000/651810 | new selected: 65 | total selected: 28718
Diversity chunk 86 | processed unique SMILES: 86000/651810 | new selected: 146 | total selected: 28864
Diversity chunk 87 | processed unique SMILES: 87000/651810 | new selected: 275 | total selected: 29139
Diversity chunk 88 | processed unique SMILES: 88000/651810 | new selected: 0 | total selected: 29139
Diversity chunk 89 | processed unique SMILES: 89000/651810 | new selected: 0 | total selected: 29139
Diversity chunk 90 | processed unique SMILES: 90000/651810 | new selected: 0 | total selected: 29139
Diversity chunk 91 | processed unique SMILES: 91000/651810 | new selected: 266 | total selected: 29405
Diversity chunk 92 | processed unique SMILES: 92000/651810 | new selected: 492 | total selected: 29897
Diversity chunk 93 | processed unique SMILES: 93000/651810 | new selected: 524 | total selected: 30421
Diversity chunk 94 | processed unique SMILES: 94000/651810 | new selected: 164 | total selected: 30585
Diversity chunk 95 | processed unique SMILES: 95000/651810 | new selected: 379 | total selected: 30964
Diversity chunk 96 | processed unique SMILES: 96000/651810 | new selected: 6 | total selected: 30970
Diversity chunk 97 | processed unique SMILES: 97000/651810 | new selected: 187 | total selected: 31157
Diversity chunk 98 | processed unique SMILES: 98000/651810 | new selected: 620 | total selected: 31777
Diversity chunk 99 | processed unique SMILES: 99000/651810 | new selected: 446 | total selected: 32223
Diversity chunk 100 | processed unique SMILES: 100000/651810 | new selected: 508 | total selected: 32731
Diversity chunk 101 | processed unique SMILES: 101000/651810 | new selected: 535 | total selected: 33266
Diversity chunk 102 | processed unique SMILES: 102000/651810 | new selected: 43 | total selected: 33309
Diversity chunk 103 | processed unique SMILES: 103000/651810 | new selected: 0 | total selected: 33309
Diversity chunk 104 | processed unique SMILES: 104000/651810 | new selected: 477 | total selected: 33786
Diversity chunk 105 | processed unique SMILES: 105000/651810 | new selected: 326 | total selected: 34112
Diversity chunk 106 | processed unique SMILES: 106000/651810 | new selected: 338 | total selected: 34450
Diversity chunk 107 | processed unique SMILES: 107000/651810 | new selected: 542 | total selected: 34992
Diversity chunk 108 | processed unique SMILES: 108000/651810 | new selected: 340 | total selected: 35332
Diversity chunk 109 | processed unique SMILES: 109000/651810 | new selected: 302 | total selected: 35634
Diversity chunk 110 | processed unique SMILES: 110000/651810 | new selected: 299 | total selected: 35933
Diversity chunk 111 | processed unique SMILES: 111000/651810 | new selected: 260 | total selected: 36193
Diversity chunk 112 | processed unique SMILES: 112000/651810 | new selected: 463 | total selected: 36656
Diversity chunk 113 | processed unique SMILES: 113000/651810 | new selected: 17 | total selected: 36673
Diversity chunk 114 | processed unique SMILES: 114000/651810 | new selected: 28 | total selected: 36701
Diversity chunk 115 | processed unique SMILES: 115000/651810 | new selected: 164 | total selected: 36865
Diversity chunk 116 | processed unique SMILES: 116000/651810 | new selected: 0 | total selected: 36865
Diversity chunk 117 | processed unique SMILES: 117000/651810 | new selected: 381 | total selected: 37246
Diversity chunk 118 | processed unique SMILES: 118000/651810 | new selected: 513 | total selected: 37759
Diversity chunk 119 | processed unique SMILES: 119000/651810 | new selected: 236 | total selected: 37995
Diversity chunk 120 | processed unique SMILES: 120000/651810 | new selected: 0 | total selected: 37995
Diversity chunk 121 | processed unique SMILES: 121000/651810 | new selected: 404 | total selected: 38399
Diversity chunk 122 | processed unique SMILES: 122000/651810 | new selected: 578 | total selected: 38977
Diversity chunk 123 | processed unique SMILES: 123000/651810 | new selected: 346 | total selected: 39323
Diversity chunk 124 | processed unique SMILES: 124000/651810 | new selected: 0 | total selected: 39323
Diversity chunk 125 | processed unique SMILES: 125000/651810 | new selected: 173 | total selected: 39496
Diversity chunk 126 | processed unique SMILES: 126000/651810 | new selected: 333 | total selected: 39829
Diversity chunk 127 | processed unique SMILES: 127000/651810 | new selected: 98 | total selected: 39927
Diversity chunk 128 | processed unique SMILES: 128000/651810 | new selected: 0 | total selected: 39927
Diversity chunk 129 | processed unique SMILES: 129000/651810 | new selected: 0 | total selected: 39927
Diversity chunk 130 | processed unique SMILES: 130000/651810 | new selected: 0 | total selected: 39927
Diversity chunk 131 | processed unique SMILES: 131000/651810 | new selected: 343 | total selected: 40270
Diversity chunk 132 | processed unique SMILES: 132000/651810 | new selected: 132 | total selected: 40402
Diversity chunk 133 | processed unique SMILES: 133000/651810 | new selected: 605 | total selected: 41007
Diversity chunk 134 | processed unique SMILES: 134000/651810 | new selected: 553 | total selected: 41560
Diversity chunk 135 | processed unique SMILES: 135000/651810 | new selected: 349 | total selected: 41909
Diversity chunk 136 | processed unique SMILES: 136000/651810 | new selected: 262 | total selected: 42171
Diversity chunk 137 | processed unique SMILES: 137000/651810 | new selected: 368 | total selected: 42539
Diversity chunk 138 | processed unique SMILES: 138000/651810 | new selected: 187 | total selected: 42726
Diversity chunk 139 | processed unique SMILES: 139000/651810 | new selected: 32 | total selected: 42758
Diversity chunk 140 | processed unique SMILES: 140000/651810 | new selected: 106 | total selected: 42864
Diversity chunk 141 | processed unique SMILES: 141000/651810 | new selected: 188 | total selected: 43052
Diversity chunk 142 | processed unique SMILES: 142000/651810 | new selected: 503 | total selected: 43555
Diversity chunk 143 | processed unique SMILES: 143000/651810 | new selected: 793 | total selected: 44348
Diversity chunk 144 | processed unique SMILES: 144000/651810 | new selected: 720 | total selected: 45068
Diversity chunk 145 | processed unique SMILES: 145000/651810 | new selected: 683 | total selected: 45751
Diversity chunk 146 | processed unique SMILES: 146000/651810 | new selected: 621 | total selected: 46372
Diversity chunk 147 | processed unique SMILES: 147000/651810 | new selected: 703 | total selected: 47075
Diversity chunk 148 | processed unique SMILES: 148000/651810 | new selected: 793 | total selected: 47868
Diversity chunk 149 | processed unique SMILES: 149000/651810 | new selected: 697 | total selected: 48565
Diversity chunk 150 | processed unique SMILES: 150000/651810 | new selected: 544 | total selected: 49109
Diversity chunk 151 | processed unique SMILES: 151000/651810 | new selected: 693 | total selected: 49802
Diversity chunk 152 | processed unique SMILES: 152000/651810 | new selected: 329 | total selected: 50131
Diversity chunk 153 | processed unique SMILES: 153000/651810 | new selected: 0 | total selected: 50131
Diversity chunk 154 | processed unique SMILES: 154000/651810 | new selected: 0 | total selected: 50131
Diversity chunk 155 | processed unique SMILES: 155000/651810 | new selected: 18 | total selected: 50149
Diversity chunk 156 | processed unique SMILES: 156000/651810 | new selected: 664 | total selected: 50813
Diversity chunk 157 | processed unique SMILES: 157000/651810 | new selected: 561 | total selected: 51374
Diversity chunk 158 | processed unique SMILES: 158000/651810 | new selected: 553 | total selected: 51927
Diversity chunk 159 | processed unique SMILES: 159000/651810 | new selected: 480 | total selected: 52407
Diversity chunk 160 | processed unique SMILES: 160000/651810 | new selected: 352 | total selected: 52759
Diversity chunk 161 | processed unique SMILES: 161000/651810 | new selected: 75 | total selected: 52834
Diversity chunk 162 | processed unique SMILES: 162000/651810 | new selected: 24 | total selected: 52858
Diversity chunk 163 | processed unique SMILES: 163000/651810 | new selected: 581 | total selected: 53439
Diversity chunk 164 | processed unique SMILES: 164000/651810 | new selected: 509 | total selected: 53948
Diversity chunk 165 | processed unique SMILES: 165000/651810 | new selected: 407 | total selected: 54355
Diversity chunk 166 | processed unique SMILES: 166000/651810 | new selected: 596 | total selected: 54951
Diversity chunk 167 | processed unique SMILES: 167000/651810 | new selected: 484 | total selected: 55435
Diversity chunk 168 | processed unique SMILES: 168000/651810 | new selected: 130 | total selected: 55565
Diversity chunk 169 | processed unique SMILES: 169000/651810 | new selected: 567 | total selected: 56132
Diversity chunk 170 | processed unique SMILES: 170000/651810 | new selected: 303 | total selected: 56435
Diversity chunk 171 | processed unique SMILES: 171000/651810 | new selected: 0 | total selected: 56435
Diversity chunk 172 | processed unique SMILES: 172000/651810 | new selected: 0 | total selected: 56435
Diversity chunk 173 | processed unique SMILES: 173000/651810 | new selected: 0 | total selected: 56435
Diversity chunk 174 | processed unique SMILES: 174000/651810 | new selected: 0 | total selected: 56435
Diversity chunk 175 | processed unique SMILES: 175000/651810 | new selected: 1 | total selected: 56436
Diversity chunk 176 | processed unique SMILES: 176000/651810 | new selected: 0 | total selected: 56436
Diversity chunk 177 | processed unique SMILES: 177000/651810 | new selected: 0 | total selected: 56436
Diversity chunk 178 | processed unique SMILES: 178000/651810 | new selected: 361 | total selected: 56797
Diversity chunk 179 | processed unique SMILES: 179000/651810 | new selected: 717 | total selected: 57514
Diversity chunk 180 | processed unique SMILES: 180000/651810 | new selected: 174 | total selected: 57688
Diversity chunk 181 | processed unique SMILES: 181000/651810 | new selected: 480 | total selected: 58168
Diversity chunk 182 | processed unique SMILES: 182000/651810 | new selected: 673 | total selected: 58841
Diversity chunk 183 | processed unique SMILES: 183000/651810 | new selected: 573 | total selected: 59414
Diversity chunk 184 | processed unique SMILES: 184000/651810 | new selected: 0 | total selected: 59414
Diversity chunk 185 | processed unique SMILES: 185000/651810 | new selected: 0 | total selected: 59414
Diversity chunk 186 | processed unique SMILES: 186000/651810 | new selected: 0 | total selected: 59414
Diversity chunk 187 | processed unique SMILES: 187000/651810 | new selected: 85 | total selected: 59499
Diversity chunk 188 | processed unique SMILES: 188000/651810 | new selected: 672 | total selected: 60171
Diversity chunk 189 | processed unique SMILES: 189000/651810 | new selected: 250 | total selected: 60421
Diversity chunk 190 | processed unique SMILES: 190000/651810 | new selected: 818 | total selected: 61239
Diversity chunk 191 | processed unique SMILES: 191000/651810 | new selected: 635 | total selected: 61874
Diversity chunk 192 | processed unique SMILES: 192000/651810 | new selected: 14 | total selected: 61888
Diversity chunk 193 | processed unique SMILES: 193000/651810 | new selected: 381 | total selected: 62269
Diversity chunk 194 | processed unique SMILES: 194000/651810 | new selected: 0 | total selected: 62269
Diversity chunk 195 | processed unique SMILES: 195000/651810 | new selected: 479 | total selected: 62748
Diversity chunk 196 | processed unique SMILES: 196000/651810 | new selected: 0 | total selected: 62748
Diversity chunk 197 | processed unique SMILES: 197000/651810 | new selected: 84 | total selected: 62832
Diversity chunk 198 | processed unique SMILES: 198000/651810 | new selected: 526 | total selected: 63358
Diversity chunk 199 | processed unique SMILES: 199000/651810 | new selected: 95 | total selected: 63453
Diversity chunk 200 | processed unique SMILES: 200000/651810 | new selected: 165 | total selected: 63618
Diversity chunk 201 | processed unique SMILES: 201000/651810 | new selected: 702 | total selected: 64320
Diversity chunk 202 | processed unique SMILES: 202000/651810 | new selected: 457 | total selected: 64777
Diversity chunk 203 | processed unique SMILES: 203000/651810 | new selected: 344 | total selected: 65121
Diversity chunk 204 | processed unique SMILES: 204000/651810 | new selected: 319 | total selected: 65440
Diversity chunk 205 | processed unique SMILES: 205000/651810 | new selected: 335 | total selected: 65775
Diversity chunk 206 | processed unique SMILES: 206000/651810 | new selected: 341 | total selected: 66116
Diversity chunk 207 | processed unique SMILES: 207000/651810 | new selected: 267 | total selected: 66383
Diversity chunk 208 | processed unique SMILES: 208000/651810 | new selected: 145 | total selected: 66528
Diversity chunk 209 | processed unique SMILES: 209000/651810 | new selected: 0 | total selected: 66528
Diversity chunk 210 | processed unique SMILES: 210000/651810 | new selected: 0 | total selected: 66528
Diversity chunk 211 | processed unique SMILES: 211000/651810 | new selected: 191 | total selected: 66719
Diversity chunk 212 | processed unique SMILES: 212000/651810 | new selected: 297 | total selected: 67016
Diversity chunk 213 | processed unique SMILES: 213000/651810 | new selected: 266 | total selected: 67282
Diversity chunk 214 | processed unique SMILES: 214000/651810 | new selected: 187 | total selected: 67469
Diversity chunk 215 | processed unique SMILES: 215000/651810 | new selected: 69 | total selected: 67538
Diversity chunk 216 | processed unique SMILES: 216000/651810 | new selected: 85 | total selected: 67623
Diversity chunk 217 | processed unique SMILES: 217000/651810 | new selected: 229 | total selected: 67852
Diversity chunk 218 | processed unique SMILES: 218000/651810 | new selected: 296 | total selected: 68148
Diversity chunk 219 | processed unique SMILES: 219000/651810 | new selected: 261 | total selected: 68409
Diversity chunk 220 | processed unique SMILES: 220000/651810 | new selected: 238 | total selected: 68647
Diversity chunk 221 | processed unique SMILES: 221000/651810 | new selected: 139 | total selected: 68786
Diversity chunk 222 | processed unique SMILES: 222000/651810 | new selected: 129 | total selected: 68915
Diversity chunk 223 | processed unique SMILES: 223000/651810 | new selected: 0 | total selected: 68915
Diversity chunk 224 | processed unique SMILES: 224000/651810 | new selected: 0 | total selected: 68915
Diversity chunk 225 | processed unique SMILES: 225000/651810 | new selected: 0 | total selected: 68915
Diversity chunk 226 | processed unique SMILES: 226000/651810 | new selected: 0 | total selected: 68915
Diversity chunk 227 | processed unique SMILES: 227000/651810 | new selected: 61 | total selected: 68976
Diversity chunk 228 | processed unique SMILES: 228000/651810 | new selected: 205 | total selected: 69181
Diversity chunk 229 | processed unique SMILES: 229000/651810 | new selected: 292 | total selected: 69473
Diversity chunk 230 | processed unique SMILES: 230000/651810 | new selected: 16 | total selected: 69489
Diversity chunk 231 | processed unique SMILES: 231000/651810 | new selected: 279 | total selected: 69768
Diversity chunk 232 | processed unique SMILES: 232000/651810 | new selected: 166 | total selected: 69934
Diversity chunk 233 | processed unique SMILES: 233000/651810 | new selected: 267 | total selected: 70201
Diversity chunk 234 | processed unique SMILES: 234000/651810 | new selected: 0 | total selected: 70201
Diversity chunk 235 | processed unique SMILES: 235000/651810 | new selected: 0 | total selected: 70201
Diversity chunk 236 | processed unique SMILES: 236000/651810 | new selected: 4 | total selected: 70205
Diversity chunk 237 | processed unique SMILES: 237000/651810 | new selected: 247 | total selected: 70452
Diversity chunk 238 | processed unique SMILES: 238000/651810 | new selected: 171 | total selected: 70623
Diversity chunk 239 | processed unique SMILES: 239000/651810 | new selected: 389 | total selected: 71012
Diversity chunk 240 | processed unique SMILES: 240000/651810 | new selected: 82 | total selected: 71094
Diversity chunk 241 | processed unique SMILES: 241000/651810 | new selected: 272 | total selected: 71366
Diversity chunk 242 | processed unique SMILES: 242000/651810 | new selected: 167 | total selected: 71533
Diversity chunk 243 | processed unique SMILES: 243000/651810 | new selected: 89 | total selected: 71622
Diversity chunk 244 | processed unique SMILES: 244000/651810 | new selected: 156 | total selected: 71778
Diversity chunk 245 | processed unique SMILES: 245000/651810 | new selected: 111 | total selected: 71889
Diversity chunk 246 | processed unique SMILES: 246000/651810 | new selected: 117 | total selected: 72006
Diversity chunk 247 | processed unique SMILES: 247000/651810 | new selected: 497 | total selected: 72503
Diversity chunk 248 | processed unique SMILES: 248000/651810 | new selected: 676 | total selected: 73179
Diversity chunk 249 | processed unique SMILES: 249000/651810 | new selected: 580 | total selected: 73759
Diversity chunk 250 | processed unique SMILES: 250000/651810 | new selected: 612 | total selected: 74371
Diversity chunk 251 | processed unique SMILES: 251000/651810 | new selected: 245 | total selected: 74616
Diversity chunk 252 | processed unique SMILES: 252000/651810 | new selected: 0 | total selected: 74616
Diversity chunk 253 | processed unique SMILES: 253000/651810 | new selected: 413 | total selected: 75029
Diversity chunk 254 | processed unique SMILES: 254000/651810 | new selected: 429 | total selected: 75458
Diversity chunk 255 | processed unique SMILES: 255000/651810 | new selected: 370 | total selected: 75828
Diversity chunk 256 | processed unique SMILES: 256000/651810 | new selected: 321 | total selected: 76149
Diversity chunk 257 | processed unique SMILES: 257000/651810 | new selected: 269 | total selected: 76418
Diversity chunk 258 | processed unique SMILES: 258000/651810 | new selected: 228 | total selected: 76646
Diversity chunk 259 | processed unique SMILES: 259000/651810 | new selected: 33 | total selected: 76679
Diversity chunk 260 | processed unique SMILES: 260000/651810 | new selected: 112 | total selected: 76791
Diversity chunk 261 | processed unique SMILES: 261000/651810 | new selected: 0 | total selected: 76791
Diversity chunk 262 | processed unique SMILES: 262000/651810 | new selected: 529 | total selected: 77320
Diversity chunk 263 | processed unique SMILES: 263000/651810 | new selected: 697 | total selected: 78017
Diversity chunk 264 | processed unique SMILES: 264000/651810 | new selected: 288 | total selected: 78305
Diversity chunk 265 | processed unique SMILES: 265000/651810 | new selected: 136 | total selected: 78441
Diversity chunk 266 | processed unique SMILES: 266000/651810 | new selected: 256 | total selected: 78697
Diversity chunk 267 | processed unique SMILES: 267000/651810 | new selected: 280 | total selected: 78977
Diversity chunk 268 | processed unique SMILES: 268000/651810 | new selected: 0 | total selected: 78977
Diversity chunk 269 | processed unique SMILES: 269000/651810 | new selected: 226 | total selected: 79203
Diversity chunk 270 | processed unique SMILES: 270000/651810 | new selected: 386 | total selected: 79589
Diversity chunk 271 | processed unique SMILES: 271000/651810 | new selected: 683 | total selected: 80272
Diversity chunk 272 | processed unique SMILES: 272000/651810 | new selected: 636 | total selected: 80908
Diversity chunk 273 | processed unique SMILES: 273000/651810 | new selected: 280 | total selected: 81188
Diversity chunk 274 | processed unique SMILES: 274000/651810 | new selected: 346 | total selected: 81534
Diversity chunk 275 | processed unique SMILES: 275000/651810 | new selected: 453 | total selected: 81987
Diversity chunk 276 | processed unique SMILES: 276000/651810 | new selected: 332 | total selected: 82319
Diversity chunk 277 | processed unique SMILES: 277000/651810 | new selected: 381 | total selected: 82700
Diversity chunk 278 | processed unique SMILES: 278000/651810 | new selected: 559 | total selected: 83259
Diversity chunk 279 | processed unique SMILES: 279000/651810 | new selected: 699 | total selected: 83958
Diversity chunk 280 | processed unique SMILES: 280000/651810 | new selected: 684 | total selected: 84642
Diversity chunk 281 | processed unique SMILES: 281000/651810 | new selected: 774 | total selected: 85416
Diversity chunk 282 | processed unique SMILES: 282000/651810 | new selected: 669 | total selected: 86085
Diversity chunk 283 | processed unique SMILES: 283000/651810 | new selected: 0 | total selected: 86085
Diversity chunk 284 | processed unique SMILES: 284000/651810 | new selected: 0 | total selected: 86085
Diversity chunk 285 | processed unique SMILES: 285000/651810 | new selected: 562 | total selected: 86647
Diversity chunk 286 | processed unique SMILES: 286000/651810 | new selected: 537 | total selected: 87184
Diversity chunk 287 | processed unique SMILES: 287000/651810 | new selected: 488 | total selected: 87672
Diversity chunk 288 | processed unique SMILES: 288000/651810 | new selected: 311 | total selected: 87983
Diversity chunk 289 | processed unique SMILES: 289000/651810 | new selected: 374 | total selected: 88357
Diversity chunk 290 | processed unique SMILES: 290000/651810 | new selected: 586 | total selected: 88943
Diversity chunk 291 | processed unique SMILES: 291000/651810 | new selected: 220 | total selected: 89163
Diversity chunk 292 | processed unique SMILES: 292000/651810 | new selected: 313 | total selected: 89476
Diversity chunk 293 | processed unique SMILES: 293000/651810 | new selected: 0 | total selected: 89476
Diversity chunk 294 | processed unique SMILES: 294000/651810 | new selected: 0 | total selected: 89476
Diversity chunk 295 | processed unique SMILES: 295000/651810 | new selected: 0 | total selected: 89476
Diversity chunk 296 | processed unique SMILES: 296000/651810 | new selected: 331 | total selected: 89807
Diversity chunk 297 | processed unique SMILES: 297000/651810 | new selected: 655 | total selected: 90462
Diversity chunk 298 | processed unique SMILES: 298000/651810 | new selected: 204 | total selected: 90666
Diversity chunk 299 | processed unique SMILES: 299000/651810 | new selected: 348 | total selected: 91014
Diversity chunk 300 | processed unique SMILES: 300000/651810 | new selected: 336 | total selected: 91350
Diversity chunk 301 | processed unique SMILES: 301000/651810 | new selected: 134 | total selected: 91484
Diversity chunk 302 | processed unique SMILES: 302000/651810 | new selected: 0 | total selected: 91484
Diversity chunk 303 | processed unique SMILES: 303000/651810 | new selected: 242 | total selected: 91726
Diversity chunk 304 | processed unique SMILES: 304000/651810 | new selected: 287 | total selected: 92013
Diversity chunk 305 | processed unique SMILES: 305000/651810 | new selected: 497 | total selected: 92510
Diversity chunk 306 | processed unique SMILES: 306000/651810 | new selected: 672 | total selected: 93182
Diversity chunk 307 | processed unique SMILES: 307000/651810 | new selected: 316 | total selected: 93498
Diversity chunk 308 | processed unique SMILES: 308000/651810 | new selected: 168 | total selected: 93666
Diversity chunk 309 | processed unique SMILES: 309000/651810 | new selected: 547 | total selected: 94213
Diversity chunk 310 | processed unique SMILES: 310000/651810 | new selected: 419 | total selected: 94632
Diversity chunk 311 | processed unique SMILES: 311000/651810 | new selected: 493 | total selected: 95125
Diversity chunk 312 | processed unique SMILES: 312000/651810 | new selected: 612 | total selected: 95737
Diversity chunk 313 | processed unique SMILES: 313000/651810 | new selected: 441 | total selected: 96178
Diversity chunk 314 | processed unique SMILES: 314000/651810 | new selected: 486 | total selected: 96664
Diversity chunk 315 | processed unique SMILES: 315000/651810 | new selected: 544 | total selected: 97208
Diversity chunk 316 | processed unique SMILES: 316000/651810 | new selected: 466 | total selected: 97674
Diversity chunk 317 | processed unique SMILES: 317000/651810 | new selected: 12 | total selected: 97686
Diversity chunk 318 | processed unique SMILES: 318000/651810 | new selected: 61 | total selected: 97747
Diversity chunk 319 | processed unique SMILES: 319000/651810 | new selected: 457 | total selected: 98204
Diversity chunk 320 | processed unique SMILES: 320000/651810 | new selected: 404 | total selected: 98608
Diversity chunk 321 | processed unique SMILES: 321000/651810 | new selected: 134 | total selected: 98742
Diversity chunk 322 | processed unique SMILES: 322000/651810 | new selected: 345 | total selected: 99087
Diversity chunk 323 | processed unique SMILES: 323000/651810 | new selected: 384 | total selected: 99471
Diversity chunk 324 | processed unique SMILES: 324000/651810 | new selected: 408 | total selected: 99879
Diversity chunk 325 | processed unique SMILES: 325000/651810 | new selected: 340 | total selected: 100219
Diversity chunk 326 | processed unique SMILES: 326000/651810 | new selected: 0 | total selected: 100219
Diversity chunk 327 | processed unique SMILES: 327000/651810 | new selected: 0 | total selected: 100219
Diversity chunk 328 | processed unique SMILES: 328000/651810 | new selected: 1 | total selected: 100220
Diversity chunk 329 | processed unique SMILES: 329000/651810 | new selected: 0 | total selected: 100220
Diversity chunk 330 | processed unique SMILES: 330000/651810 | new selected: 185 | total selected: 100405
Diversity chunk 331 | processed unique SMILES: 331000/651810 | new selected: 483 | total selected: 100888
Diversity chunk 332 | processed unique SMILES: 332000/651810 | new selected: 252 | total selected: 101140
Diversity chunk 333 | processed unique SMILES: 333000/651810 | new selected: 497 | total selected: 101637
Diversity chunk 334 | processed unique SMILES: 334000/651810 | new selected: 0 | total selected: 101637
Diversity chunk 335 | processed unique SMILES: 335000/651810 | new selected: 1 | total selected: 101638
Diversity chunk 336 | processed unique SMILES: 336000/651810 | new selected: 319 | total selected: 101957
Diversity chunk 337 | processed unique SMILES: 337000/651810 | new selected: 394 | total selected: 102351
Diversity chunk 338 | processed unique SMILES: 338000/651810 | new selected: 336 | total selected: 102687
Diversity chunk 339 | processed unique SMILES: 339000/651810 | new selected: 368 | total selected: 103055
Diversity chunk 340 | processed unique SMILES: 340000/651810 | new selected: 375 | total selected: 103430
Diversity chunk 341 | processed unique SMILES: 341000/651810 | new selected: 164 | total selected: 103594
Diversity chunk 342 | processed unique SMILES: 342000/651810 | new selected: 132 | total selected: 103726
Diversity chunk 343 | processed unique SMILES: 343000/651810 | new selected: 335 | total selected: 104061
Diversity chunk 344 | processed unique SMILES: 344000/651810 | new selected: 707 | total selected: 104768
Diversity chunk 345 | processed unique SMILES: 345000/651810 | new selected: 335 | total selected: 105103
Diversity chunk 346 | processed unique SMILES: 346000/651810 | new selected: 517 | total selected: 105620
Diversity chunk 347 | processed unique SMILES: 347000/651810 | new selected: 612 | total selected: 106232
Diversity chunk 348 | processed unique SMILES: 348000/651810 | new selected: 266 | total selected: 106498
Diversity chunk 349 | processed unique SMILES: 349000/651810 | new selected: 323 | total selected: 106821
Diversity chunk 350 | processed unique SMILES: 350000/651810 | new selected: 448 | total selected: 107269
Diversity chunk 351 | processed unique SMILES: 351000/651810 | new selected: 808 | total selected: 108077
Diversity chunk 352 | processed unique SMILES: 352000/651810 | new selected: 312 | total selected: 108389
Diversity chunk 353 | processed unique SMILES: 353000/651810 | new selected: 469 | total selected: 108858
Diversity chunk 354 | processed unique SMILES: 354000/651810 | new selected: 785 | total selected: 109643
Diversity chunk 355 | processed unique SMILES: 355000/651810 | new selected: 345 | total selected: 109988
Diversity chunk 356 | processed unique SMILES: 356000/651810 | new selected: 449 | total selected: 110437
Diversity chunk 357 | processed unique SMILES: 357000/651810 | new selected: 355 | total selected: 110792
Diversity chunk 358 | processed unique SMILES: 358000/651810 | new selected: 201 | total selected: 110993
Diversity chunk 359 | processed unique SMILES: 359000/651810 | new selected: 395 | total selected: 111388
Diversity chunk 360 | processed unique SMILES: 360000/651810 | new selected: 504 | total selected: 111892
Diversity chunk 361 | processed unique SMILES: 361000/651810 | new selected: 262 | total selected: 112154
Diversity chunk 362 | processed unique SMILES: 362000/651810 | new selected: 403 | total selected: 112557
Diversity chunk 363 | processed unique SMILES: 363000/651810 | new selected: 620 | total selected: 113177
Diversity chunk 364 | processed unique SMILES: 364000/651810 | new selected: 837 | total selected: 114014
Diversity chunk 365 | processed unique SMILES: 365000/651810 | new selected: 304 | total selected: 114318
Diversity chunk 366 | processed unique SMILES: 366000/651810 | new selected: 704 | total selected: 115022
Diversity chunk 367 | processed unique SMILES: 367000/651810 | new selected: 896 | total selected: 115918
Diversity chunk 368 | processed unique SMILES: 368000/651810 | new selected: 655 | total selected: 116573
Diversity chunk 369 | processed unique SMILES: 369000/651810 | new selected: 583 | total selected: 117156
Diversity chunk 370 | processed unique SMILES: 370000/651810 | new selected: 639 | total selected: 117795
Diversity chunk 371 | processed unique SMILES: 371000/651810 | new selected: 713 | total selected: 118508
Diversity chunk 372 | processed unique SMILES: 372000/651810 | new selected: 422 | total selected: 118930
Diversity chunk 373 | processed unique SMILES: 373000/651810 | new selected: 0 | total selected: 118930
Diversity chunk 374 | processed unique SMILES: 374000/651810 | new selected: 396 | total selected: 119326
Diversity chunk 375 | processed unique SMILES: 375000/651810 | new selected: 506 | total selected: 119832
Diversity chunk 376 | processed unique SMILES: 376000/651810 | new selected: 113 | total selected: 119945
Diversity chunk 377 | processed unique SMILES: 377000/651810 | new selected: 551 | total selected: 120496
Diversity chunk 378 | processed unique SMILES: 378000/651810 | new selected: 597 | total selected: 121093
Diversity chunk 379 | processed unique SMILES: 379000/651810 | new selected: 338 | total selected: 121431
Diversity chunk 380 | processed unique SMILES: 380000/651810 | new selected: 0 | total selected: 121431
Diversity chunk 381 | processed unique SMILES: 381000/651810 | new selected: 0 | total selected: 121431
Diversity chunk 382 | processed unique SMILES: 382000/651810 | new selected: 1 | total selected: 121432
Diversity chunk 383 | processed unique SMILES: 383000/651810 | new selected: 300 | total selected: 121732
Diversity chunk 384 | processed unique SMILES: 384000/651810 | new selected: 626 | total selected: 122358
Diversity chunk 385 | processed unique SMILES: 385000/651810 | new selected: 460 | total selected: 122818
Diversity chunk 386 | processed unique SMILES: 386000/651810 | new selected: 206 | total selected: 123024
Diversity chunk 387 | processed unique SMILES: 387000/651810 | new selected: 1 | total selected: 123025
Diversity chunk 388 | processed unique SMILES: 388000/651810 | new selected: 284 | total selected: 123309
Diversity chunk 389 | processed unique SMILES: 389000/651810 | new selected: 520 | total selected: 123829
Diversity chunk 390 | processed unique SMILES: 390000/651810 | new selected: 401 | total selected: 124230
Diversity chunk 391 | processed unique SMILES: 391000/651810 | new selected: 213 | total selected: 124443
Diversity chunk 392 | processed unique SMILES: 392000/651810 | new selected: 291 | total selected: 124734
Diversity chunk 393 | processed unique SMILES: 393000/651810 | new selected: 373 | total selected: 125107
Diversity chunk 394 | processed unique SMILES: 394000/651810 | new selected: 275 | total selected: 125382
Diversity chunk 395 | processed unique SMILES: 395000/651810 | new selected: 784 | total selected: 126166
Diversity chunk 396 | processed unique SMILES: 396000/651810 | new selected: 670 | total selected: 126836
Diversity chunk 397 | processed unique SMILES: 397000/651810 | new selected: 143 | total selected: 126979
Diversity chunk 398 | processed unique SMILES: 398000/651810 | new selected: 577 | total selected: 127556
Diversity chunk 399 | processed unique SMILES: 399000/651810 | new selected: 658 | total selected: 128214
Diversity chunk 400 | processed unique SMILES: 400000/651810 | new selected: 371 | total selected: 128585
Diversity chunk 401 | processed unique SMILES: 401000/651810 | new selected: 395 | total selected: 128980
Diversity chunk 402 | processed unique SMILES: 402000/651810 | new selected: 80 | total selected: 129060
Diversity chunk 403 | processed unique SMILES: 403000/651810 | new selected: 409 | total selected: 129469
Diversity chunk 404 | processed unique SMILES: 404000/651810 | new selected: 372 | total selected: 129841
Diversity chunk 405 | processed unique SMILES: 405000/651810 | new selected: 512 | total selected: 130353
Diversity chunk 406 | processed unique SMILES: 406000/651810 | new selected: 826 | total selected: 131179
Diversity chunk 407 | processed unique SMILES: 407000/651810 | new selected: 636 | total selected: 131815
Diversity chunk 408 | processed unique SMILES: 408000/651810 | new selected: 611 | total selected: 132426
Diversity chunk 409 | processed unique SMILES: 409000/651810 | new selected: 663 | total selected: 133089
Diversity chunk 410 | processed unique SMILES: 410000/651810 | new selected: 601 | total selected: 133690
Diversity chunk 411 | processed unique SMILES: 411000/651810 | new selected: 0 | total selected: 133690
Diversity chunk 412 | processed unique SMILES: 412000/651810 | new selected: 0 | total selected: 133690
Diversity chunk 413 | processed unique SMILES: 413000/651810 | new selected: 123 | total selected: 133813
Diversity chunk 414 | processed unique SMILES: 414000/651810 | new selected: 518 | total selected: 134331
Diversity chunk 415 | processed unique SMILES: 415000/651810 | new selected: 470 | total selected: 134801
Diversity chunk 416 | processed unique SMILES: 416000/651810 | new selected: 464 | total selected: 135265
Diversity chunk 417 | processed unique SMILES: 417000/651810 | new selected: 389 | total selected: 135654
Diversity chunk 418 | processed unique SMILES: 418000/651810 | new selected: 273 | total selected: 135927
Diversity chunk 419 | processed unique SMILES: 419000/651810 | new selected: 493 | total selected: 136420
Diversity chunk 420 | processed unique SMILES: 420000/651810 | new selected: 183 | total selected: 136603
Diversity chunk 421 | processed unique SMILES: 421000/651810 | new selected: 300 | total selected: 136903
Diversity chunk 422 | processed unique SMILES: 422000/651810 | new selected: 114 | total selected: 137017
Diversity chunk 423 | processed unique SMILES: 423000/651810 | new selected: 89 | total selected: 137106
Diversity chunk 424 | processed unique SMILES: 424000/651810 | new selected: 123 | total selected: 137229
Diversity chunk 425 | processed unique SMILES: 425000/651810 | new selected: 157 | total selected: 137386
Diversity chunk 426 | processed unique SMILES: 426000/651810 | new selected: 0 | total selected: 137386
Diversity chunk 427 | processed unique SMILES: 427000/651810 | new selected: 1 | total selected: 137387
Diversity chunk 428 | processed unique SMILES: 428000/651810 | new selected: 0 | total selected: 137387
Diversity chunk 429 | processed unique SMILES: 429000/651810 | new selected: 429 | total selected: 137816
Diversity chunk 430 | processed unique SMILES: 430000/651810 | new selected: 613 | total selected: 138429
Diversity chunk 431 | processed unique SMILES: 431000/651810 | new selected: 578 | total selected: 139007
Diversity chunk 432 | processed unique SMILES: 432000/651810 | new selected: 0 | total selected: 139007
Diversity chunk 433 | processed unique SMILES: 433000/651810 | new selected: 171 | total selected: 139178
Diversity chunk 434 | processed unique SMILES: 434000/651810 | new selected: 16 | total selected: 139194
Diversity chunk 435 | processed unique SMILES: 435000/651810 | new selected: 324 | total selected: 139518
Diversity chunk 436 | processed unique SMILES: 436000/651810 | new selected: 115 | total selected: 139633
Diversity chunk 437 | processed unique SMILES: 437000/651810 | new selected: 0 | total selected: 139633
Diversity chunk 438 | processed unique SMILES: 438000/651810 | new selected: 0 | total selected: 139633
Diversity chunk 439 | processed unique SMILES: 439000/651810 | new selected: 295 | total selected: 139928
Diversity chunk 440 | processed unique SMILES: 440000/651810 | new selected: 53 | total selected: 139981
Diversity chunk 441 | processed unique SMILES: 441000/651810 | new selected: 569 | total selected: 140550
Diversity chunk 442 | processed unique SMILES: 442000/651810 | new selected: 507 | total selected: 141057
Diversity chunk 443 | processed unique SMILES: 443000/651810 | new selected: 590 | total selected: 141647
Diversity chunk 444 | processed unique SMILES: 444000/651810 | new selected: 99 | total selected: 141746
Diversity chunk 445 | processed unique SMILES: 445000/651810 | new selected: 225 | total selected: 141971
Diversity chunk 446 | processed unique SMILES: 446000/651810 | new selected: 420 | total selected: 142391
Diversity chunk 447 | processed unique SMILES: 447000/651810 | new selected: 393 | total selected: 142784
Diversity chunk 448 | processed unique SMILES: 448000/651810 | new selected: 269 | total selected: 143053
Diversity chunk 449 | processed unique SMILES: 449000/651810 | new selected: 360 | total selected: 143413
Diversity chunk 450 | processed unique SMILES: 450000/651810 | new selected: 261 | total selected: 143674
Diversity chunk 451 | processed unique SMILES: 451000/651810 | new selected: 725 | total selected: 144399
Diversity chunk 452 | processed unique SMILES: 452000/651810 | new selected: 293 | total selected: 144692
Diversity chunk 453 | processed unique SMILES: 453000/651810 | new selected: 364 | total selected: 145056
Diversity chunk 454 | processed unique SMILES: 454000/651810 | new selected: 159 | total selected: 145215
Diversity chunk 455 | processed unique SMILES: 455000/651810 | new selected: 402 | total selected: 145617
Diversity chunk 456 | processed unique SMILES: 456000/651810 | new selected: 286 | total selected: 145903
Diversity chunk 457 | processed unique SMILES: 457000/651810 | new selected: 285 | total selected: 146188
Diversity chunk 458 | processed unique SMILES: 458000/651810 | new selected: 369 | total selected: 146557
Diversity chunk 459 | processed unique SMILES: 459000/651810 | new selected: 807 | total selected: 147364
Diversity chunk 460 | processed unique SMILES: 460000/651810 | new selected: 476 | total selected: 147840
Diversity chunk 461 | processed unique SMILES: 461000/651810 | new selected: 667 | total selected: 148507
Diversity chunk 462 | processed unique SMILES: 462000/651810 | new selected: 654 | total selected: 149161
Diversity chunk 463 | processed unique SMILES: 463000/651810 | new selected: 578 | total selected: 149739
Diversity chunk 464 | processed unique SMILES: 464000/651810 | new selected: 240 | total selected: 149979
Diversity chunk 465 | processed unique SMILES: 465000/651810 | new selected: 538 | total selected: 150517
Diversity chunk 466 | processed unique SMILES: 466000/651810 | new selected: 565 | total selected: 151082
Diversity chunk 467 | processed unique SMILES: 467000/651810 | new selected: 594 | total selected: 151676
Diversity chunk 468 | processed unique SMILES: 468000/651810 | new selected: 563 | total selected: 152239
Diversity chunk 469 | processed unique SMILES: 469000/651810 | new selected: 626 | total selected: 152865
Diversity chunk 470 | processed unique SMILES: 470000/651810 | new selected: 694 | total selected: 153559
Diversity chunk 471 | processed unique SMILES: 471000/651810 | new selected: 618 | total selected: 154177
Diversity chunk 472 | processed unique SMILES: 472000/651810 | new selected: 533 | total selected: 154710
Diversity chunk 473 | processed unique SMILES: 473000/651810 | new selected: 526 | total selected: 155236
Diversity chunk 474 | processed unique SMILES: 474000/651810 | new selected: 477 | total selected: 155713
Diversity chunk 475 | processed unique SMILES: 475000/651810 | new selected: 531 | total selected: 156244
Diversity chunk 476 | processed unique SMILES: 476000/651810 | new selected: 512 | total selected: 156756
Diversity chunk 477 | processed unique SMILES: 477000/651810 | new selected: 656 | total selected: 157412
Diversity chunk 478 | processed unique SMILES: 478000/651810 | new selected: 726 | total selected: 158138
Diversity chunk 479 | processed unique SMILES: 479000/651810 | new selected: 663 | total selected: 158801
Diversity chunk 480 | processed unique SMILES: 480000/651810 | new selected: 619 | total selected: 159420
Diversity chunk 481 | processed unique SMILES: 481000/651810 | new selected: 713 | total selected: 160133
Diversity chunk 482 | processed unique SMILES: 482000/651810 | new selected: 722 | total selected: 160855
Diversity chunk 483 | processed unique SMILES: 483000/651810 | new selected: 589 | total selected: 161444
Diversity chunk 484 | processed unique SMILES: 484000/651810 | new selected: 484 | total selected: 161928
Diversity chunk 485 | processed unique SMILES: 485000/651810 | new selected: 249 | total selected: 162177
Diversity chunk 486 | processed unique SMILES: 486000/651810 | new selected: 0 | total selected: 162177
Diversity chunk 487 | processed unique SMILES: 487000/651810 | new selected: 0 | total selected: 162177
Diversity chunk 488 | processed unique SMILES: 488000/651810 | new selected: 0 | total selected: 162177
Diversity chunk 489 | processed unique SMILES: 489000/651810 | new selected: 0 | total selected: 162177
Diversity chunk 490 | processed unique SMILES: 490000/651810 | new selected: 0 | total selected: 162177
Diversity chunk 491 | processed unique SMILES: 491000/651810 | new selected: 0 | total selected: 162177
Diversity chunk 492 | processed unique SMILES: 492000/651810 | new selected: 366 | total selected: 162543
Diversity chunk 493 | processed unique SMILES: 493000/651810 | new selected: 583 | total selected: 163126
Diversity chunk 494 | processed unique SMILES: 494000/651810 | new selected: 416 | total selected: 163542
Diversity chunk 495 | processed unique SMILES: 495000/651810 | new selected: 440 | total selected: 163982
Diversity chunk 496 | processed unique SMILES: 496000/651810 | new selected: 495 | total selected: 164477
Diversity chunk 497 | processed unique SMILES: 497000/651810 | new selected: 421 | total selected: 164898
Diversity chunk 498 | processed unique SMILES: 498000/651810 | new selected: 360 | total selected: 165258
Diversity chunk 499 | processed unique SMILES: 499000/651810 | new selected: 286 | total selected: 165544
Diversity chunk 500 | processed unique SMILES: 500000/651810 | new selected: 0 | total selected: 165544
Diversity chunk 501 | processed unique SMILES: 501000/651810 | new selected: 139 | total selected: 165683
Diversity chunk 502 | processed unique SMILES: 502000/651810 | new selected: 564 | total selected: 166247
Diversity chunk 503 | processed unique SMILES: 503000/651810 | new selected: 498 | total selected: 166745
Diversity chunk 504 | processed unique SMILES: 504000/651810 | new selected: 263 | total selected: 167008
Diversity chunk 505 | processed unique SMILES: 505000/651810 | new selected: 259 | total selected: 167267
Diversity chunk 506 | processed unique SMILES: 506000/651810 | new selected: 317 | total selected: 167584
Diversity chunk 507 | processed unique SMILES: 507000/651810 | new selected: 437 | total selected: 168021
Diversity chunk 508 | processed unique SMILES: 508000/651810 | new selected: 463 | total selected: 168484
Diversity chunk 509 | processed unique SMILES: 509000/651810 | new selected: 385 | total selected: 168869
Diversity chunk 510 | processed unique SMILES: 510000/651810 | new selected: 355 | total selected: 169224
Diversity chunk 511 | processed unique SMILES: 511000/651810 | new selected: 0 | total selected: 169224
Diversity chunk 512 | processed unique SMILES: 512000/651810 | new selected: 4 | total selected: 169228
Diversity chunk 513 | processed unique SMILES: 513000/651810 | new selected: 560 | total selected: 169788
Diversity chunk 514 | processed unique SMILES: 514000/651810 | new selected: 522 | total selected: 170310
Diversity chunk 515 | processed unique SMILES: 515000/651810 | new selected: 6 | total selected: 170316
Diversity chunk 516 | processed unique SMILES: 516000/651810 | new selected: 0 | total selected: 170316
Diversity chunk 517 | processed unique SMILES: 517000/651810 | new selected: 0 | total selected: 170316
Diversity chunk 518 | processed unique SMILES: 518000/651810 | new selected: 0 | total selected: 170316
Diversity chunk 519 | processed unique SMILES: 519000/651810 | new selected: 0 | total selected: 170316
Diversity chunk 520 | processed unique SMILES: 520000/651810 | new selected: 0 | total selected: 170316
Diversity chunk 521 | processed unique SMILES: 521000/651810 | new selected: 0 | total selected: 170316
Diversity chunk 522 | processed unique SMILES: 522000/651810 | new selected: 0 | total selected: 170316
Diversity chunk 523 | processed unique SMILES: 523000/651810 | new selected: 0 | total selected: 170316
Diversity chunk 524 | processed unique SMILES: 524000/651810 | new selected: 0 | total selected: 170316
Diversity chunk 525 | processed unique SMILES: 525000/651810 | new selected: 1 | total selected: 170317
Diversity chunk 526 | processed unique SMILES: 526000/651810 | new selected: 0 | total selected: 170317
Diversity chunk 527 | processed unique SMILES: 527000/651810 | new selected: 0 | total selected: 170317
Diversity chunk 528 | processed unique SMILES: 528000/651810 | new selected: 0 | total selected: 170317
Diversity chunk 529 | processed unique SMILES: 529000/651810 | new selected: 0 | total selected: 170317
Diversity chunk 530 | processed unique SMILES: 530000/651810 | new selected: 185 | total selected: 170502
Diversity chunk 531 | processed unique SMILES: 531000/651810 | new selected: 576 | total selected: 171078
Diversity chunk 532 | processed unique SMILES: 532000/651810 | new selected: 531 | total selected: 171609
Diversity chunk 533 | processed unique SMILES: 533000/651810 | new selected: 700 | total selected: 172309
Diversity chunk 534 | processed unique SMILES: 534000/651810 | new selected: 684 | total selected: 172993
Diversity chunk 535 | processed unique SMILES: 535000/651810 | new selected: 379 | total selected: 173372
Diversity chunk 536 | processed unique SMILES: 536000/651810 | new selected: 222 | total selected: 173594
Diversity chunk 537 | processed unique SMILES: 537000/651810 | new selected: 407 | total selected: 174001
Diversity chunk 538 | processed unique SMILES: 538000/651810 | new selected: 443 | total selected: 174444
Diversity chunk 539 | processed unique SMILES: 539000/651810 | new selected: 602 | total selected: 175046
Diversity chunk 540 | processed unique SMILES: 540000/651810 | new selected: 415 | total selected: 175461
Diversity chunk 541 | processed unique SMILES: 541000/651810 | new selected: 0 | total selected: 175461
Diversity chunk 542 | processed unique SMILES: 542000/651810 | new selected: 0 | total selected: 175461
Diversity chunk 543 | processed unique SMILES: 543000/651810 | new selected: 0 | total selected: 175461
Diversity chunk 544 | processed unique SMILES: 544000/651810 | new selected: 0 | total selected: 175461
Diversity chunk 545 | processed unique SMILES: 545000/651810 | new selected: 0 | total selected: 175461
Diversity chunk 546 | processed unique SMILES: 546000/651810 | new selected: 9 | total selected: 175470
Diversity chunk 547 | processed unique SMILES: 547000/651810 | new selected: 329 | total selected: 175799
Diversity chunk 548 | processed unique SMILES: 548000/651810 | new selected: 552 | total selected: 176351
Diversity chunk 549 | processed unique SMILES: 549000/651810 | new selected: 296 | total selected: 176647
Diversity chunk 550 | processed unique SMILES: 550000/651810 | new selected: 0 | total selected: 176647
Diversity chunk 551 | processed unique SMILES: 551000/651810 | new selected: 0 | total selected: 176647
Diversity chunk 552 | processed unique SMILES: 552000/651810 | new selected: 448 | total selected: 177095
Diversity chunk 553 | processed unique SMILES: 553000/651810 | new selected: 554 | total selected: 177649
Diversity chunk 554 | processed unique SMILES: 554000/651810 | new selected: 518 | total selected: 178167
Diversity chunk 555 | processed unique SMILES: 555000/651810 | new selected: 573 | total selected: 178740
Diversity chunk 556 | processed unique SMILES: 556000/651810 | new selected: 510 | total selected: 179250
Diversity chunk 557 | processed unique SMILES: 557000/651810 | new selected: 152 | total selected: 179402
Diversity chunk 558 | processed unique SMILES: 558000/651810 | new selected: 660 | total selected: 180062
Diversity chunk 559 | processed unique SMILES: 559000/651810 | new selected: 500 | total selected: 180562
Diversity chunk 560 | processed unique SMILES: 560000/651810 | new selected: 221 | total selected: 180783
Diversity chunk 561 | processed unique SMILES: 561000/651810 | new selected: 0 | total selected: 180783
Diversity chunk 562 | processed unique SMILES: 562000/651810 | new selected: 0 | total selected: 180783
Diversity chunk 563 | processed unique SMILES: 563000/651810 | new selected: 432 | total selected: 181215
Diversity chunk 564 | processed unique SMILES: 564000/651810 | new selected: 545 | total selected: 181760
Diversity chunk 565 | processed unique SMILES: 565000/651810 | new selected: 235 | total selected: 181995
Diversity chunk 566 | processed unique SMILES: 566000/651810 | new selected: 0 | total selected: 181995
Diversity chunk 567 | processed unique SMILES: 567000/651810 | new selected: 0 | total selected: 181995
Diversity chunk 568 | processed unique SMILES: 568000/651810 | new selected: 296 | total selected: 182291
Diversity chunk 569 | processed unique SMILES: 569000/651810 | new selected: 424 | total selected: 182715
Diversity chunk 570 | processed unique SMILES: 570000/651810 | new selected: 261 | total selected: 182976
Diversity chunk 571 | processed unique SMILES: 571000/651810 | new selected: 0 | total selected: 182976
Diversity chunk 572 | processed unique SMILES: 572000/651810 | new selected: 0 | total selected: 182976
Diversity chunk 573 | processed unique SMILES: 573000/651810 | new selected: 0 | total selected: 182976
Diversity chunk 574 | processed unique SMILES: 574000/651810 | new selected: 0 | total selected: 182976
Diversity chunk 575 | processed unique SMILES: 575000/651810 | new selected: 544 | total selected: 183520
Diversity chunk 576 | processed unique SMILES: 576000/651810 | new selected: 526 | total selected: 184046
Diversity chunk 577 | processed unique SMILES: 577000/651810 | new selected: 837 | total selected: 184883
Diversity chunk 578 | processed unique SMILES: 578000/651810 | new selected: 813 | total selected: 185696
Diversity chunk 579 | processed unique SMILES: 579000/651810 | new selected: 726 | total selected: 186422
Diversity chunk 580 | processed unique SMILES: 580000/651810 | new selected: 744 | total selected: 187166
Diversity chunk 581 | processed unique SMILES: 581000/651810 | new selected: 708 | total selected: 187874
Diversity chunk 582 | processed unique SMILES: 582000/651810 | new selected: 690 | total selected: 188564
Diversity chunk 583 | processed unique SMILES: 583000/651810 | new selected: 635 | total selected: 189199
Diversity chunk 584 | processed unique SMILES: 584000/651810 | new selected: 554 | total selected: 189753
Diversity chunk 585 | processed unique SMILES: 585000/651810 | new selected: 635 | total selected: 190388
Diversity chunk 586 | processed unique SMILES: 586000/651810 | new selected: 490 | total selected: 190878
Diversity chunk 587 | processed unique SMILES: 587000/651810 | new selected: 493 | total selected: 191371
Diversity chunk 588 | processed unique SMILES: 588000/651810 | new selected: 493 | total selected: 191864
Diversity chunk 589 | processed unique SMILES: 589000/651810 | new selected: 46 | total selected: 191910
Diversity chunk 590 | processed unique SMILES: 590000/651810 | new selected: 34 | total selected: 191944
Diversity chunk 591 | processed unique SMILES: 591000/651810 | new selected: 505 | total selected: 192449
Diversity chunk 592 | processed unique SMILES: 592000/651810 | new selected: 566 | total selected: 193015
Diversity chunk 593 | processed unique SMILES: 593000/651810 | new selected: 467 | total selected: 193482
Diversity chunk 594 | processed unique SMILES: 594000/651810 | new selected: 550 | total selected: 194032
Diversity chunk 595 | processed unique SMILES: 595000/651810 | new selected: 585 | total selected: 194617
Diversity chunk 596 | processed unique SMILES: 596000/651810 | new selected: 0 | total selected: 194617
Diversity chunk 597 | processed unique SMILES: 597000/651810 | new selected: 369 | total selected: 194986
Diversity chunk 598 | processed unique SMILES: 598000/651810 | new selected: 781 | total selected: 195767
Diversity chunk 599 | processed unique SMILES: 599000/651810 | new selected: 647 | total selected: 196414
Diversity chunk 600 | processed unique SMILES: 600000/651810 | new selected: 583 | total selected: 196997
Diversity chunk 601 | processed unique SMILES: 601000/651810 | new selected: 712 | total selected: 197709
Diversity chunk 602 | processed unique SMILES: 602000/651810 | new selected: 600 | total selected: 198309
Diversity chunk 603 | processed unique SMILES: 603000/651810 | new selected: 294 | total selected: 198603
Diversity chunk 604 | processed unique SMILES: 604000/651810 | new selected: 392 | total selected: 198995
Diversity chunk 605 | processed unique SMILES: 605000/651810 | new selected: 561 | total selected: 199556
Diversity chunk 606 | processed unique SMILES: 606000/651810 | new selected: 720 | total selected: 200276
Diversity chunk 607 | processed unique SMILES: 607000/651810 | new selected: 386 | total selected: 200662
Diversity chunk 608 | processed unique SMILES: 608000/651810 | new selected: 0 | total selected: 200662
Diversity chunk 609 | processed unique SMILES: 609000/651810 | new selected: 0 | total selected: 200662
Diversity chunk 610 | processed unique SMILES: 610000/651810 | new selected: 0 | total selected: 200662
Diversity chunk 611 | processed unique SMILES: 611000/651810 | new selected: 0 | total selected: 200662
Diversity chunk 612 | processed unique SMILES: 612000/651810 | new selected: 0 | total selected: 200662
Diversity chunk 613 | processed unique SMILES: 613000/651810 | new selected: 0 | total selected: 200662
Diversity chunk 614 | processed unique SMILES: 614000/651810 | new selected: 0 | total selected: 200662
Diversity chunk 615 | processed unique SMILES: 615000/651810 | new selected: 0 | total selected: 200662
Diversity chunk 616 | processed unique SMILES: 616000/651810 | new selected: 0 | total selected: 200662
Diversity chunk 617 | processed unique SMILES: 617000/651810 | new selected: 0 | total selected: 200662
Diversity chunk 618 | processed unique SMILES: 618000/651810 | new selected: 1 | total selected: 200663
Diversity chunk 619 | processed unique SMILES: 619000/651810 | new selected: 180 | total selected: 200843
Diversity chunk 620 | processed unique SMILES: 620000/651810 | new selected: 0 | total selected: 200843
Diversity chunk 621 | processed unique SMILES: 621000/651810 | new selected: 288 | total selected: 201131
Diversity chunk 622 | processed unique SMILES: 622000/651810 | new selected: 378 | total selected: 201509
Diversity chunk 623 | processed unique SMILES: 623000/651810 | new selected: 474 | total selected: 201983
Diversity chunk 624 | processed unique SMILES: 624000/651810 | new selected: 281 | total selected: 202264
Diversity chunk 625 | processed unique SMILES: 625000/651810 | new selected: 0 | total selected: 202264
Diversity chunk 626 | processed unique SMILES: 626000/651810 | new selected: 0 | total selected: 202264
Diversity chunk 627 | processed unique SMILES: 627000/651810 | new selected: 0 | total selected: 202264
Diversity chunk 628 | processed unique SMILES: 628000/651810 | new selected: 0 | total selected: 202264
Diversity chunk 629 | processed unique SMILES: 629000/651810 | new selected: 0 | total selected: 202264
Diversity chunk 630 | processed unique SMILES: 630000/651810 | new selected: 11 | total selected: 202275
Diversity chunk 631 | processed unique SMILES: 631000/651810 | new selected: 332 | total selected: 202607
Diversity chunk 632 | processed unique SMILES: 632000/651810 | new selected: 574 | total selected: 203181
Diversity chunk 633 | processed unique SMILES: 633000/651810 | new selected: 629 | total selected: 203810
Diversity chunk 634 | processed unique SMILES: 634000/651810 | new selected: 535 | total selected: 204345
Diversity chunk 635 | processed unique SMILES: 635000/651810 | new selected: 479 | total selected: 204824
Diversity chunk 636 | processed unique SMILES: 636000/651810 | new selected: 686 | total selected: 205510
Diversity chunk 637 | processed unique SMILES: 637000/651810 | new selected: 671 | total selected: 206181
Diversity chunk 638 | processed unique SMILES: 638000/651810 | new selected: 532 | total selected: 206713
Diversity chunk 639 | processed unique SMILES: 639000/651810 | new selected: 385 | total selected: 207098
Diversity chunk 640 | processed unique SMILES: 640000/651810 | new selected: 0 | total selected: 207098
Diversity chunk 641 | processed unique SMILES: 641000/651810 | new selected: 83 | total selected: 207181
Diversity chunk 642 | processed unique SMILES: 642000/651810 | new selected: 552 | total selected: 207733
Diversity chunk 643 | processed unique SMILES: 643000/651810 | new selected: 661 | total selected: 208394
Diversity chunk 644 | processed unique SMILES: 644000/651810 | new selected: 220 | total selected: 208614
Diversity chunk 645 | processed unique SMILES: 645000/651810 | new selected: 0 | total selected: 208614
Diversity chunk 646 | processed unique SMILES: 646000/651810 | new selected: 118 | total selected: 208732
Diversity chunk 647 | processed unique SMILES: 647000/651810 | new selected: 0 | total selected: 208732
Diversity chunk 648 | processed unique SMILES: 648000/651810 | new selected: 0 | total selected: 208732
Diversity chunk 649 | processed unique SMILES: 649000/651810 | new selected: 148 | total selected: 208880
Diversity chunk 650 | processed unique SMILES: 650000/651810 | new selected: 420 | total selected: 209300
Diversity chunk 651 | processed unique SMILES: 651000/651810 | new selected: 534 | total selected: 209834
Diversity chunk 652 | processed unique SMILES: 651810/651810 | new selected: 247 | total selected: 210081
Original unique valid molecules: 651810
Diversity-filtered molecules: 210081
Filtered input dataframe shape: (210081, 8)
Saved diversity-filtered input to: /mnt/data.ese/nfs/users/sghosh6/DTRA_project/MACAW/DrugDesignData/Results/Bacillus_anthracis_bestMACAW_allDB/BacillusAnthracis_BasidalinPrecursorDORAnetGenerated_Antibiotic_ARTprediction_diverseInput.csv
Unique SMILES for prediction: 210081
Remaining SMILES to process: 210081
Loading pretrained parameter "encoder.encoder.0.cached_zero_vector".
Loading pretrained parameter "encoder.encoder.0.W_i.weight".
Loading pretrained parameter "encoder.encoder.0.W_h.weight".
Loading pretrained parameter "encoder.encoder.0.W_o.weight".
Loading pretrained parameter "encoder.encoder.0.W_o.bias".
Loading pretrained parameter "readout.1.weight".
Loading pretrained parameter "readout.1.bias".
Loading pretrained parameter "readout.4.weight".
Loading pretrained parameter "readout.4.bias".
Loading pretrained parameter "encoder.encoder.0.cached_zero_vector".
Loading pretrained parameter "encoder.encoder.0.W_i.weight".
Loading pretrained parameter "encoder.encoder.0.W_h.weight".
Loading pretrained parameter "encoder.encoder.0.W_o.weight".
Loading pretrained parameter "encoder.encoder.0.W_o.bias".
Loading pretrained parameter "readout.1.weight".
Loading pretrained parameter "readout.1.bias".
Loading pretrained parameter "readout.4.weight".
Loading pretrained parameter "readout.4.bias".
Loading pretrained parameter "encoder.encoder.0.cached_zero_vector".
Loading pretrained parameter "encoder.encoder.0.W_i.weight".
Loading pretrained parameter "encoder.encoder.0.W_h.weight".
Loading pretrained parameter "encoder.encoder.0.W_o.weight".
Loading pretrained parameter "encoder.encoder.0.W_o.bias".
Loading pretrained parameter "readout.1.weight".
Loading pretrained parameter "readout.1.bias".
Loading pretrained parameter "readout.4.weight".
Loading pretrained parameter "readout.4.bias".
Loading pretrained parameter "encoder.encoder.0.cached_zero_vector".
Loading pretrained parameter "encoder.encoder.0.W_i.weight".
Loading pretrained parameter "encoder.encoder.0.W_h.weight".
Loading pretrained parameter "encoder.encoder.0.W_o.weight".
Loading pretrained parameter "encoder.encoder.0.W_o.bias".
Loading pretrained parameter "readout.1.weight".
Loading pretrained parameter "readout.1.bias".
Loading pretrained parameter "readout.4.weight".
Loading pretrained parameter "readout.4.bias".
Loading pretrained parameter "encoder.encoder.0.cached_zero_vector".
Loading pretrained parameter "encoder.encoder.0.W_i.weight".
Loading pretrained parameter "encoder.encoder.0.W_h.weight".
Loading pretrained parameter "encoder.encoder.0.W_o.weight".
Loading pretrained parameter "encoder.encoder.0.W_o.bias".
Loading pretrained parameter "readout.1.weight".
Loading pretrained parameter "readout.1.bias".
Loading pretrained parameter "readout.4.weight".
Loading pretrained parameter "readout.4.bias".
Loading pretrained parameter "encoder.encoder.0.cached_zero_vector".
Loading pretrained parameter "encoder.encoder.0.W_i.weight".
Loading pretrained parameter "encoder.encoder.0.W_h.weight".
Loading pretrained parameter "encoder.encoder.0.W_o.weight".
Loading pretrained parameter "encoder.encoder.0.W_o.bias".
Loading pretrained parameter "readout.1.weight".
Loading pretrained parameter "readout.1.bias".
Loading pretrained parameter "readout.4.weight".
Loading pretrained parameter "readout.4.bias".
Loading pretrained parameter "encoder.encoder.0.cached_zero_vector".
Loading pretrained parameter "encoder.encoder.0.W_i.weight".
Loading pretrained parameter "encoder.encoder.0.W_h.weight".
Loading pretrained parameter "encoder.encoder.0.W_o.weight".
Loading pretrained parameter "encoder.encoder.0.W_o.bias".
Loading pretrained parameter "readout.1.weight".
Loading pretrained parameter "readout.1.bias".
Loading pretrained parameter "readout.4.weight".
Loading pretrained parameter "readout.4.bias".
Loading pretrained parameter "encoder.encoder.0.cached_zero_vector".
Loading pretrained parameter "encoder.encoder.0.W_i.weight".
Loading pretrained parameter "encoder.encoder.0.W_h.weight".
Loading pretrained parameter "encoder.encoder.0.W_o.weight".
Loading pretrained parameter "encoder.encoder.0.W_o.bias".
Loading pretrained parameter "readout.1.weight".
Loading pretrained parameter "readout.1.bias".
Loading pretrained parameter "readout.4.weight".
Loading pretrained parameter "readout.4.bias".
Loading pretrained parameter "encoder.encoder.0.cached_zero_vector".
Loading pretrained parameter "encoder.encoder.0.W_i.weight".
Loading pretrained parameter "encoder.encoder.0.W_h.weight".
Loading pretrained parameter "encoder.encoder.0.W_o.weight".
Loading pretrained parameter "encoder.encoder.0.W_o.bias".
Loading pretrained parameter "readout.1.weight".
Loading pretrained parameter "readout.1.bias".
Loading pretrained parameter "readout.4.weight".
Loading pretrained parameter "readout.4.bias".
Loading pretrained parameter "encoder.encoder.0.cached_zero_vector".
Loading pretrained parameter "encoder.encoder.0.W_i.weight".
Loading pretrained parameter "encoder.encoder.0.W_h.weight".
Loading pretrained parameter "encoder.encoder.0.W_o.weight".
Loading pretrained parameter "encoder.encoder.0.W_o.bias".
Loading pretrained parameter "readout.1.weight".
Loading pretrained parameter "readout.1.bias".
Loading pretrained parameter "readout.4.weight".
Loading pretrained parameter "readout.4.bias".
Processed batch 1/421 | batch size: 500 | time: 4.91 s
Processed batch 2/421 | batch size: 500 | time: 4.44 s
Processed batch 3/421 | batch size: 500 | time: 4.87 s
Processed batch 4/421 | batch size: 500 | time: 4.27 s
Processed batch 5/421 | batch size: 500 | time: 4.49 s
Processed batch 6/421 | batch size: 500 | time: 5.24 s
Processed batch 7/421 | batch size: 500 | time: 4.99 s
Processed batch 8/421 | batch size: 500 | time: 4.45 s
Processed batch 9/421 | batch size: 500 | time: 4.80 s
Processed batch 10/421 | batch size: 500 | time: 4.01 s
Processed batch 11/421 | batch size: 500 | time: 5.17 s
Processed batch 12/421 | batch size: 500 | time: 4.11 s
Processed batch 13/421 | batch size: 500 | time: 3.75 s
Processed batch 14/421 | batch size: 500 | time: 3.81 s
Processed batch 15/421 | batch size: 500 | time: 3.99 s
Processed batch 16/421 | batch size: 500 | time: 3.79 s
Processed batch 17/421 | batch size: 500 | time: 4.97 s
Processed batch 18/421 | batch size: 500 | time: 5.11 s
Processed batch 19/421 | batch size: 500 | time: 5.78 s
Processed batch 20/421 | batch size: 500 | time: 3.77 s
Processed batch 21/421 | batch size: 500 | time: 4.64 s
Processed batch 22/421 | batch size: 500 | time: 4.61 s
Processed batch 23/421 | batch size: 500 | time: 5.68 s
Processed batch 24/421 | batch size: 500 | time: 4.91 s
Processed batch 25/421 | batch size: 500 | time: 4.97 s
Processed batch 26/421 | batch size: 500 | time: 5.00 s
Processed batch 27/421 | batch size: 500 | time: 4.84 s
Processed batch 28/421 | batch size: 500 | time: 5.79 s
Processed batch 29/421 | batch size: 500 | time: 4.95 s
Processed batch 30/421 | batch size: 500 | time: 4.81 s
Processed batch 31/421 | batch size: 500 | time: 5.36 s
Processed batch 32/421 | batch size: 500 | time: 5.17 s
Processed batch 33/421 | batch size: 500 | time: 5.17 s
Processed batch 34/421 | batch size: 500 | time: 5.50 s
Processed batch 35/421 | batch size: 500 | time: 5.35 s
Processed batch 36/421 | batch size: 500 | time: 5.55 s
Processed batch 37/421 | batch size: 500 | time: 4.23 s
Processed batch 38/421 | batch size: 500 | time: 5.38 s
Processed batch 39/421 | batch size: 500 | time: 4.30 s
Processed batch 40/421 | batch size: 500 | time: 5.14 s
Processed batch 41/421 | batch size: 500 | time: 5.36 s
Processed batch 42/421 | batch size: 500 | time: 5.76 s
Processed batch 43/421 | batch size: 500 | time: 5.59 s
Processed batch 44/421 | batch size: 500 | time: 5.83 s
Processed batch 45/421 | batch size: 500 | time: 5.43 s
Processed batch 46/421 | batch size: 500 | time: 5.36 s
Processed batch 47/421 | batch size: 500 | time: 6.15 s
Processed batch 48/421 | batch size: 500 | time: 5.27 s
Processed batch 49/421 | batch size: 500 | time: 5.50 s
Processed batch 50/421 | batch size: 500 | time: 4.87 s
Processed batch 51/421 | batch size: 500 | time: 4.98 s
Processed batch 52/421 | batch size: 500 | time: 6.05 s
Processed batch 53/421 | batch size: 500 | time: 5.06 s
Processed batch 54/421 | batch size: 500 | time: 5.66 s
Processed batch 55/421 | batch size: 500 | time: 7.12 s
Processed batch 56/421 | batch size: 500 | time: 5.11 s
Processed batch 57/421 | batch size: 500 | time: 6.38 s
Processed batch 58/421 | batch size: 500 | time: 6.17 s
Processed batch 59/421 | batch size: 500 | time: 5.92 s
Processed batch 60/421 | batch size: 500 | time: 6.45 s
Processed batch 61/421 | batch size: 500 | time: 5.05 s
Processed batch 62/421 | batch size: 500 | time: 6.09 s
Processed batch 63/421 | batch size: 500 | time: 5.82 s
Processed batch 64/421 | batch size: 500 | time: 6.26 s
Processed batch 65/421 | batch size: 500 | time: 8.46 s
Processed batch 66/421 | batch size: 500 | time: 6.85 s
Processed batch 67/421 | batch size: 500 | time: 6.82 s
Processed batch 68/421 | batch size: 500 | time: 6.27 s
Processed batch 69/421 | batch size: 500 | time: 7.23 s
Processed batch 70/421 | batch size: 500 | time: 7.22 s
Processed batch 71/421 | batch size: 500 | time: 7.40 s
Processed batch 72/421 | batch size: 500 | time: 6.74 s
Processed batch 73/421 | batch size: 500 | time: 7.00 s
Processed batch 74/421 | batch size: 500 | time: 6.90 s
Processed batch 75/421 | batch size: 500 | time: 9.33 s
Processed batch 76/421 | batch size: 500 | time: 6.47 s
Processed batch 77/421 | batch size: 500 | time: 7.17 s
Processed batch 78/421 | batch size: 500 | time: 7.19 s
Processed batch 79/421 | batch size: 500 | time: 7.00 s
Processed batch 80/421 | batch size: 500 | time: 7.26 s
Processed batch 81/421 | batch size: 500 | time: 7.08 s
Processed batch 82/421 | batch size: 500 | time: 7.24 s
Processed batch 83/421 | batch size: 500 | time: 6.87 s
Processed batch 84/421 | batch size: 500 | time: 6.69 s
Processed batch 85/421 | batch size: 500 | time: 7.40 s
Processed batch 86/421 | batch size: 500 | time: 9.33 s
Processed batch 87/421 | batch size: 500 | time: 7.59 s
Processed batch 88/421 | batch size: 500 | time: 7.75 s
Processed batch 89/421 | batch size: 500 | time: 7.59 s
Processed batch 90/421 | batch size: 500 | time: 7.44 s
Processed batch 91/421 | batch size: 500 | time: 7.38 s
Processed batch 92/421 | batch size: 500 | time: 7.77 s
Processed batch 93/421 | batch size: 500 | time: 7.69 s
Processed batch 94/421 | batch size: 500 | time: 7.96 s
Processed batch 95/421 | batch size: 500 | time: 8.29 s
Processed batch 96/421 | batch size: 500 | time: 8.23 s
Processed batch 97/421 | batch size: 500 | time: 8.11 s
Processed batch 98/421 | batch size: 500 | time: 9.78 s
Processed batch 99/421 | batch size: 500 | time: 8.44 s
Processed batch 100/421 | batch size: 500 | time: 8.12 s
Processed batch 101/421 | batch size: 500 | time: 8.23 s
Processed batch 102/421 | batch size: 500 | time: 8.38 s
Processed batch 103/421 | batch size: 500 | time: 8.08 s
Processed batch 104/421 | batch size: 500 | time: 7.95 s
Processed batch 105/421 | batch size: 500 | time: 8.46 s
Processed batch 106/421 | batch size: 500 | time: 7.65 s
Processed batch 107/421 | batch size: 500 | time: 8.27 s
Processed batch 108/421 | batch size: 500 | time: 8.66 s
Processed batch 109/421 | batch size: 500 | time: 8.75 s
Processed batch 110/421 | batch size: 500 | time: 8.50 s
Processed batch 111/421 | batch size: 500 | time: 8.54 s
Processed batch 112/421 | batch size: 500 | time: 10.51 s
Processed batch 113/421 | batch size: 500 | time: 8.61 s
Processed batch 114/421 | batch size: 500 | time: 8.57 s
Processed batch 115/421 | batch size: 500 | time: 8.60 s
Processed batch 116/421 | batch size: 500 | time: 7.56 s
Processed batch 117/421 | batch size: 500 | time: 10.43 s
Processed batch 118/421 | batch size: 500 | time: 9.53 s
Processed batch 119/421 | batch size: 500 | time: 9.55 s
Processed batch 120/421 | batch size: 500 | time: 9.43 s
Processed batch 121/421 | batch size: 500 | time: 9.51 s
Processed batch 122/421 | batch size: 500 | time: 9.91 s
Processed batch 123/421 | batch size: 500 | time: 9.95 s
Processed batch 124/421 | batch size: 500 | time: 10.18 s
Processed batch 125/421 | batch size: 500 | time: 9.64 s
Processed batch 126/421 | batch size: 500 | time: 10.05 s
Processed batch 127/421 | batch size: 500 | time: 10.05 s
Processed batch 128/421 | batch size: 500 | time: 10.12 s
Processed batch 129/421 | batch size: 500 | time: 14.50 s
Processed batch 130/421 | batch size: 500 | time: 9.54 s
Processed batch 131/421 | batch size: 500 | time: 9.49 s
Processed batch 132/421 | batch size: 500 | time: 9.71 s
Processed batch 133/421 | batch size: 500 | time: 8.97 s
Processed batch 134/421 | batch size: 500 | time: 9.74 s
Processed batch 135/421 | batch size: 500 | time: 9.87 s
Processed batch 136/421 | batch size: 500 | time: 9.41 s
Processed batch 137/421 | batch size: 500 | time: 9.10 s
Processed batch 138/421 | batch size: 500 | time: 10.04 s
Processed batch 139/421 | batch size: 500 | time: 10.12 s
Processed batch 140/421 | batch size: 500 | time: 10.33 s
Processed batch 141/421 | batch size: 500 | time: 9.77 s
Processed batch 142/421 | batch size: 500 | time: 10.16 s
Processed batch 143/421 | batch size: 500 | time: 9.92 s
Processed batch 144/421 | batch size: 500 | time: 10.17 s
Processed batch 145/421 | batch size: 500 | time: 10.20 s
Processed batch 146/421 | batch size: 500 | time: 10.18 s
Processed batch 147/421 | batch size: 500 | time: 10.20 s
Processed batch 148/421 | batch size: 500 | time: 13.12 s
Processed batch 149/421 | batch size: 500 | time: 10.15 s
Processed batch 150/421 | batch size: 500 | time: 9.86 s
Processed batch 151/421 | batch size: 500 | time: 9.93 s
Processed batch 152/421 | batch size: 500 | time: 10.42 s
Processed batch 153/421 | batch size: 500 | time: 9.99 s
Processed batch 154/421 | batch size: 500 | time: 9.88 s
Processed batch 155/421 | batch size: 500 | time: 10.52 s
Processed batch 156/421 | batch size: 500 | time: 10.23 s
Processed batch 157/421 | batch size: 500 | time: 10.04 s
Processed batch 158/421 | batch size: 500 | time: 10.21 s
Processed batch 159/421 | batch size: 500 | time: 10.13 s
Processed batch 160/421 | batch size: 500 | time: 10.19 s
Processed batch 161/421 | batch size: 500 | time: 10.18 s
Processed batch 162/421 | batch size: 500 | time: 10.04 s
Processed batch 163/421 | batch size: 500 | time: 9.87 s
Processed batch 164/421 | batch size: 500 | time: 10.69 s
Processed batch 165/421 | batch size: 500 | time: 10.53 s
Processed batch 166/421 | batch size: 500 | time: 9.63 s
Processed batch 167/421 | batch size: 500 | time: 9.54 s
Processed batch 168/421 | batch size: 500 | time: 10.36 s
Processed batch 169/421 | batch size: 500 | time: 10.65 s
Processed batch 170/421 | batch size: 500 | time: 13.59 s
Processed batch 171/421 | batch size: 500 | time: 11.14 s
Processed batch 172/421 | batch size: 500 | time: 10.66 s
Processed batch 173/421 | batch size: 500 | time: 10.78 s
Processed batch 174/421 | batch size: 500 | time: 10.73 s
Processed batch 175/421 | batch size: 500 | time: 10.69 s
Processed batch 176/421 | batch size: 500 | time: 10.75 s
Processed batch 177/421 | batch size: 500 | time: 10.83 s
Processed batch 178/421 | batch size: 500 | time: 10.76 s
Processed batch 179/421 | batch size: 500 | time: 10.58 s
Processed batch 180/421 | batch size: 500 | time: 10.83 s
Processed batch 181/421 | batch size: 500 | time: 10.83 s
Processed batch 182/421 | batch size: 500 | time: 9.96 s
Processed batch 183/421 | batch size: 500 | time: 11.08 s
Processed batch 184/421 | batch size: 500 | time: 10.80 s
Processed batch 185/421 | batch size: 500 | time: 10.96 s
Processed batch 186/421 | batch size: 500 | time: 10.98 s
Processed batch 187/421 | batch size: 500 | time: 10.69 s
Processed batch 188/421 | batch size: 500 | time: 10.96 s
Processed batch 189/421 | batch size: 500 | time: 10.83 s
Processed batch 190/421 | batch size: 500 | time: 10.27 s
Processed batch 191/421 | batch size: 500 | time: 11.32 s
Processed batch 192/421 | batch size: 500 | time: 11.07 s
Processed batch 193/421 | batch size: 500 | time: 11.81 s
Processed batch 194/421 | batch size: 500 | time: 15.39 s
Processed batch 195/421 | batch size: 500 | time: 11.46 s
Processed batch 196/421 | batch size: 500 | time: 11.44 s
Processed batch 197/421 | batch size: 500 | time: 10.72 s
Processed batch 198/421 | batch size: 500 | time: 11.78 s
Processed batch 199/421 | batch size: 500 | time: 11.29 s
Processed batch 200/421 | batch size: 500 | time: 11.43 s
Processed batch 201/421 | batch size: 500 | time: 11.52 s
Processed batch 202/421 | batch size: 500 | time: 11.06 s
Processed batch 203/421 | batch size: 500 | time: 11.52 s
Processed batch 204/421 | batch size: 500 | time: 13.41 s
Processed batch 205/421 | batch size: 500 | time: 13.22 s
Processed batch 206/421 | batch size: 500 | time: 12.42 s
Processed batch 207/421 | batch size: 500 | time: 12.41 s
Processed batch 208/421 | batch size: 500 | time: 13.17 s
Processed batch 209/421 | batch size: 500 | time: 12.97 s
Processed batch 210/421 | batch size: 500 | time: 13.72 s
Processed batch 211/421 | batch size: 500 | time: 13.61 s
Processed batch 212/421 | batch size: 500 | time: 13.51 s
Processed batch 213/421 | batch size: 500 | time: 13.71 s
Processed batch 214/421 | batch size: 500 | time: 13.91 s
Processed batch 215/421 | batch size: 500 | time: 14.19 s
Processed batch 216/421 | batch size: 500 | time: 13.72 s
Processed batch 217/421 | batch size: 500 | time: 13.95 s
Processed batch 218/421 | batch size: 500 | time: 14.13 s
Processed batch 219/421 | batch size: 500 | time: 14.20 s
Processed batch 220/421 | batch size: 500 | time: 20.90 s
Processed batch 221/421 | batch size: 500 | time: 10.98 s
Processed batch 222/421 | batch size: 500 | time: 11.07 s
Processed batch 223/421 | batch size: 500 | time: 10.63 s
Processed batch 224/421 | batch size: 500 | time: 11.31 s
Processed batch 225/421 | batch size: 500 | time: 11.34 s
Processed batch 226/421 | batch size: 500 | time: 10.19 s
Processed batch 227/421 | batch size: 500 | time: 11.56 s
Processed batch 228/421 | batch size: 500 | time: 12.16 s
Processed batch 229/421 | batch size: 500 | time: 11.60 s
Processed batch 230/421 | batch size: 500 | time: 11.66 s
Processed batch 231/421 | batch size: 500 | time: 11.61 s
Processed batch 232/421 | batch size: 500 | time: 11.86 s
Processed batch 233/421 | batch size: 500 | time: 10.89 s
Processed batch 234/421 | batch size: 500 | time: 11.27 s
Processed batch 235/421 | batch size: 500 | time: 11.17 s
Processed batch 236/421 | batch size: 500 | time: 11.34 s
Processed batch 237/421 | batch size: 500 | time: 10.93 s
Processed batch 238/421 | batch size: 500 | time: 11.55 s
Processed batch 239/421 | batch size: 500 | time: 11.06 s
Processed batch 240/421 | batch size: 500 | time: 11.54 s
Processed batch 241/421 | batch size: 500 | time: 11.28 s
Processed batch 242/421 | batch size: 500 | time: 10.87 s
Processed batch 243/421 | batch size: 500 | time: 11.47 s
Processed batch 244/421 | batch size: 500 | time: 11.50 s
Processed batch 245/421 | batch size: 500 | time: 10.58 s
Processed batch 246/421 | batch size: 500 | time: 12.23 s
Processed batch 247/421 | batch size: 500 | time: 11.31 s
Processed batch 248/421 | batch size: 500 | time: 11.60 s
Processed batch 249/421 | batch size: 500 | time: 12.02 s
Processed batch 250/421 | batch size: 500 | time: 16.48 s
Processed batch 251/421 | batch size: 500 | time: 11.46 s
Processed batch 252/421 | batch size: 500 | time: 11.94 s
Processed batch 253/421 | batch size: 500 | time: 11.33 s
Processed batch 254/421 | batch size: 500 | time: 12.15 s
Processed batch 255/421 | batch size: 500 | time: 11.42 s
Processed batch 256/421 | batch size: 500 | time: 12.47 s
Processed batch 257/421 | batch size: 500 | time: 11.83 s
Processed batch 258/421 | batch size: 500 | time: 12.44 s
Processed batch 259/421 | batch size: 500 | time: 12.86 s
Processed batch 260/421 | batch size: 500 | time: 13.17 s
Processed batch 261/421 | batch size: 500 | time: 13.47 s
Processed batch 262/421 | batch size: 500 | time: 13.50 s
Processed batch 263/421 | batch size: 500 | time: 14.05 s
Processed batch 264/421 | batch size: 500 | time: 13.77 s
Processed batch 265/421 | batch size: 500 | time: 13.89 s
Processed batch 266/421 | batch size: 500 | time: 14.51 s
Processed batch 267/421 | batch size: 500 | time: 13.94 s
Processed batch 268/421 | batch size: 500 | time: 14.09 s
Processed batch 269/421 | batch size: 500 | time: 13.93 s
Processed batch 270/421 | batch size: 500 | time: 13.58 s
Processed batch 271/421 | batch size: 500 | time: 14.61 s
Processed batch 272/421 | batch size: 500 | time: 14.57 s
Processed batch 273/421 | batch size: 500 | time: 14.40 s
Processed batch 274/421 | batch size: 500 | time: 14.37 s
Processed batch 275/421 | batch size: 500 | time: 14.09 s
Processed batch 276/421 | batch size: 500 | time: 14.87 s
Processed batch 277/421 | batch size: 500 | time: 14.32 s
Processed batch 278/421 | batch size: 500 | time: 14.34 s
Processed batch 279/421 | batch size: 500 | time: 14.77 s
Processed batch 280/421 | batch size: 500 | time: 14.27 s
Processed batch 281/421 | batch size: 500 | time: 13.76 s
Processed batch 282/421 | batch size: 500 | time: 21.30 s
Processed batch 283/421 | batch size: 500 | time: 16.09 s
Processed batch 284/421 | batch size: 500 | time: 15.75 s
Processed batch 285/421 | batch size: 500 | time: 14.80 s
Processed batch 286/421 | batch size: 500 | time: 15.27 s
Processed batch 287/421 | batch size: 500 | time: 14.51 s
Processed batch 288/421 | batch size: 500 | time: 14.99 s
Processed batch 289/421 | batch size: 500 | time: 15.77 s
Processed batch 290/421 | batch size: 500 | time: 15.50 s
Processed batch 291/421 | batch size: 500 | time: 15.95 s
Processed batch 292/421 | batch size: 500 | time: 15.09 s
Processed batch 293/421 | batch size: 500 | time: 15.40 s
Processed batch 294/421 | batch size: 500 | time: 15.05 s
Processed batch 295/421 | batch size: 500 | time: 15.42 s
Processed batch 296/421 | batch size: 500 | time: 15.10 s
Processed batch 297/421 | batch size: 500 | time: 14.83 s
Processed batch 298/421 | batch size: 500 | time: 14.84 s
Processed batch 299/421 | batch size: 500 | time: 14.95 s
Processed batch 300/421 | batch size: 500 | time: 14.91 s
Processed batch 301/421 | batch size: 500 | time: 15.61 s
Processed batch 302/421 | batch size: 500 | time: 15.91 s
Processed batch 303/421 | batch size: 500 | time: 15.90 s
Processed batch 304/421 | batch size: 500 | time: 15.96 s
Processed batch 305/421 | batch size: 500 | time: 15.85 s
Processed batch 306/421 | batch size: 500 | time: 16.24 s
Processed batch 307/421 | batch size: 500 | time: 15.09 s
Processed batch 308/421 | batch size: 500 | time: 15.88 s
Processed batch 309/421 | batch size: 500 | time: 15.10 s
Processed batch 310/421 | batch size: 500 | time: 15.22 s
Processed batch 311/421 | batch size: 500 | time: 16.11 s
Processed batch 312/421 | batch size: 500 | time: 16.08 s
Processed batch 313/421 | batch size: 500 | time: 16.34 s
Processed batch 314/421 | batch size: 500 | time: 16.43 s
Processed batch 315/421 | batch size: 500 | time: 16.21 s
Processed batch 316/421 | batch size: 500 | time: 16.83 s
Processed batch 317/421 | batch size: 500 | time: 23.59 s
Processed batch 318/421 | batch size: 500 | time: 15.85 s
Processed batch 319/421 | batch size: 500 | time: 15.19 s
Processed batch 320/421 | batch size: 500 | time: 15.90 s
Processed batch 321/421 | batch size: 500 | time: 15.74 s
Processed batch 322/421 | batch size: 500 | time: 15.61 s
Processed batch 323/421 | batch size: 500 | time: 15.95 s
Processed batch 324/421 | batch size: 500 | time: 16.19 s
Processed batch 325/421 | batch size: 500 | time: 17.39 s
Processed batch 326/421 | batch size: 500 | time: 17.37 s
Processed batch 327/421 | batch size: 500 | time: 16.55 s
Processed batch 328/421 | batch size: 500 | time: 17.25 s
Processed batch 329/421 | batch size: 500 | time: 16.96 s
Processed batch 330/421 | batch size: 500 | time: 17.18 s
Processed batch 331/421 | batch size: 500 | time: 17.21 s
Processed batch 332/421 | batch size: 500 | time: 17.22 s
Processed batch 333/421 | batch size: 500 | time: 17.23 s
Processed batch 334/421 | batch size: 500 | time: 17.42 s
Processed batch 335/421 | batch size: 500 | time: 18.33 s
Processed batch 336/421 | batch size: 500 | time: 17.82 s
Processed batch 337/421 | batch size: 500 | time: 17.61 s
Processed batch 338/421 | batch size: 500 | time: 17.39 s
Processed batch 339/421 | batch size: 500 | time: 17.02 s
Processed batch 340/421 | batch size: 500 | time: 18.11 s
Processed batch 341/421 | batch size: 500 | time: 17.49 s
Processed batch 342/421 | batch size: 500 | time: 18.27 s
Processed batch 343/421 | batch size: 500 | time: 17.77 s
Processed batch 344/421 | batch size: 500 | time: 17.26 s
Processed batch 345/421 | batch size: 500 | time: 18.04 s
Processed batch 346/421 | batch size: 500 | time: 18.05 s
Processed batch 347/421 | batch size: 500 | time: 18.29 s
Processed batch 348/421 | batch size: 500 | time: 17.50 s
Processed batch 349/421 | batch size: 500 | time: 18.15 s
Processed batch 350/421 | batch size: 500 | time: 17.77 s
Processed batch 351/421 | batch size: 500 | time: 18.45 s
Processed batch 352/421 | batch size: 500 | time: 17.83 s
Processed batch 353/421 | batch size: 500 | time: 18.22 s
Processed batch 354/421 | batch size: 500 | time: 17.55 s
Processed batch 355/421 | batch size: 500 | time: 17.60 s
Processed batch 356/421 | batch size: 500 | time: 17.88 s
Processed batch 357/421 | batch size: 500 | time: 18.52 s
Processed batch 358/421 | batch size: 500 | time: 27.55 s
Processed batch 359/421 | batch size: 500 | time: 17.06 s
Processed batch 360/421 | batch size: 500 | time: 16.74 s
Processed batch 361/421 | batch size: 500 | time: 16.50 s
Processed batch 362/421 | batch size: 500 | time: 16.91 s
Processed batch 363/421 | batch size: 500 | time: 16.66 s
Processed batch 364/421 | batch size: 500 | time: 16.40 s
Processed batch 365/421 | batch size: 500 | time: 16.19 s
Processed batch 366/421 | batch size: 500 | time: 16.12 s
Processed batch 367/421 | batch size: 500 | time: 16.68 s
Processed batch 368/421 | batch size: 500 | time: 16.78 s
Processed batch 369/421 | batch size: 500 | time: 17.29 s
Processed batch 370/421 | batch size: 500 | time: 16.95 s
Processed batch 371/421 | batch size: 500 | time: 17.10 s
Processed batch 372/421 | batch size: 500 | time: 16.51 s
Processed batch 373/421 | batch size: 500 | time: 16.59 s
Processed batch 374/421 | batch size: 500 | time: 16.60 s
Processed batch 375/421 | batch size: 500 | time: 17.38 s
Processed batch 376/421 | batch size: 500 | time: 17.33 s
Processed batch 377/421 | batch size: 500 | time: 17.33 s
Processed batch 378/421 | batch size: 500 | time: 16.86 s
Processed batch 379/421 | batch size: 500 | time: 17.45 s
Processed batch 380/421 | batch size: 500 | time: 17.16 s
Processed batch 381/421 | batch size: 500 | time: 17.36 s
Processed batch 382/421 | batch size: 500 | time: 17.21 s
Processed batch 383/421 | batch size: 500 | time: 17.48 s
Processed batch 384/421 | batch size: 500 | time: 17.80 s
Processed batch 385/421 | batch size: 500 | time: 17.42 s
Processed batch 386/421 | batch size: 500 | time: 17.82 s
Processed batch 387/421 | batch size: 500 | time: 17.74 s
Processed batch 388/421 | batch size: 500 | time: 17.63 s
Processed batch 389/421 | batch size: 500 | time: 17.80 s
Processed batch 390/421 | batch size: 500 | time: 17.38 s
Processed batch 391/421 | batch size: 500 | time: 17.19 s
Processed batch 392/421 | batch size: 500 | time: 17.89 s
Processed batch 393/421 | batch size: 500 | time: 17.66 s
Processed batch 394/421 | batch size: 500 | time: 17.45 s
Processed batch 395/421 | batch size: 500 | time: 17.40 s
Processed batch 396/421 | batch size: 500 | time: 17.07 s
Processed batch 397/421 | batch size: 500 | time: 17.72 s
Processed batch 398/421 | batch size: 500 | time: 18.16 s
Processed batch 399/421 | batch size: 500 | time: 17.84 s
Processed batch 400/421 | batch size: 500 | time: 17.98 s
Processed batch 401/421 | batch size: 500 | time: 18.01 s
Processed batch 402/421 | batch size: 500 | time: 17.21 s
Processed batch 403/421 | batch size: 500 | time: 17.64 s
Processed batch 404/421 | batch size: 500 | time: 26.38 s
Processed batch 405/421 | batch size: 500 | time: 17.80 s
Processed batch 406/421 | batch size: 500 | time: 17.19 s
Processed batch 407/421 | batch size: 500 | time: 17.23 s
Processed batch 408/421 | batch size: 500 | time: 18.23 s
Processed batch 409/421 | batch size: 500 | time: 17.36 s
Processed batch 410/421 | batch size: 500 | time: 17.33 s
Processed batch 411/421 | batch size: 500 | time: 17.98 s
Processed batch 412/421 | batch size: 500 | time: 18.25 s
Processed batch 413/421 | batch size: 500 | time: 17.85 s
Processed batch 414/421 | batch size: 500 | time: 17.98 s
Processed batch 415/421 | batch size: 500 | time: 17.80 s
Processed batch 416/421 | batch size: 500 | time: 18.05 s
Processed batch 417/421 | batch size: 500 | time: 18.26 s
Processed batch 418/421 | batch size: 500 | time: 17.86 s
Processed batch 419/421 | batch size: 500 | time: 17.92 s
Processed batch 420/421 | batch size: 500 | time: 18.14 s
Processed batch 421/421 | batch size: 81 | time: 1.80 s
Final unique predictions: 210081
Final merged dataframe shape: (210081, 106)
Saved final output to: /mnt/data.ese/nfs/users/sghosh6/DTRA_project/MACAW/DrugDesignData/Results/Bacillus_anthracis_bestMACAW_allDB/BacillusAnthracis_BasidalinPrecursorDORAnetGenerated_Antibiotic_ARTprediction_wToxicity.csv
Total runtime: 10933.04 seconds

