
================ Toxicity Prediction Run ================
inputFile               : BacillusAnthracis_basidalinOnlyDORAnetGenerated_Antibiotic_ARTprediction.csv
ARTresultsDir           : /mnt/data.ese/nfs/users/sghosh6/DTRA_project/MACAW/DrugDesignData/Results/Bacillus_anthracis_bestMACAW_allDB/
Input CSV               : /mnt/data.ese/nfs/users/sghosh6/DTRA_project/MACAW/DrugDesignData/Results/Bacillus_anthracis_bestMACAW_allDB/BacillusAnthracis_basidalinOnlyDORAnetGenerated_Antibiotic_ARTprediction.csv
Output CSV              : /mnt/data.ese/nfs/users/sghosh6/DTRA_project/MACAW/DrugDesignData/Results/Bacillus_anthracis_bestMACAW_allDB/BacillusAnthracis_basidalinOnlyDORAnetGenerated_Antibiotic_ARTprediction_wToxicity.csv
Checkpoint CSV          : /mnt/data.ese/nfs/users/sghosh6/DTRA_project/MACAW/DrugDesignData/Results/Bacillus_anthracis_bestMACAW_allDB/BacillusAnthracis_basidalinOnlyDORAnetGenerated_Antibiotic_ARTprediction_wToxicity_checkpoint.csv
selectSMILES            : 100
batchSize               : 500
saveEveryBatch          : True
resumeFromCheckpoint    : True
deduplicateSmiles       : True
enableDiversityFilter   : True
similarityThreshold     : 0.75
fingerprintRadius       : 2
fingerprintBits         : 2048
diversityChunkSize      : 1000
saveDiversityFiltered   : True
useCanonicalFiltering   : True
=========================================================

Loaded input dataframe shape: (100, 8)

Applying chemical diversity filter before ADMET prediction...
Diversity chunk 1 | processed unique SMILES: 100/100 | new selected: 95 | total selected: 95
Original unique valid molecules: 100
Diversity-filtered molecules: 95
Filtered input dataframe shape: (96, 8)
Saved diversity-filtered input to: /mnt/data.ese/nfs/users/sghosh6/DTRA_project/MACAW/DrugDesignData/Results/Bacillus_anthracis_bestMACAW_allDB/BacillusAnthracis_basidalinOnlyDORAnetGenerated_Antibiotic_ARTprediction_diverseInput.csv
Unique SMILES for prediction: 96
Remaining SMILES to process: 96
Loading pretrained parameter "encoder.encoder.0.cached_zero_vector".
Loading pretrained parameter "encoder.encoder.0.W_i.weight".
Loading pretrained parameter "encoder.encoder.0.W_h.weight".
Loading pretrained parameter "encoder.encoder.0.W_o.weight".
Loading pretrained parameter "encoder.encoder.0.W_o.bias".
Loading pretrained parameter "readout.1.weight".
Loading pretrained parameter "readout.1.bias".
Loading pretrained parameter "readout.4.weight".
Loading pretrained parameter "readout.4.bias".
Loading pretrained parameter "encoder.encoder.0.cached_zero_vector".
Loading pretrained parameter "encoder.encoder.0.W_i.weight".
Loading pretrained parameter "encoder.encoder.0.W_h.weight".
Loading pretrained parameter "encoder.encoder.0.W_o.weight".
Loading pretrained parameter "encoder.encoder.0.W_o.bias".
Loading pretrained parameter "readout.1.weight".
Loading pretrained parameter "readout.1.bias".
Loading pretrained parameter "readout.4.weight".
Loading pretrained parameter "readout.4.bias".
Loading pretrained parameter "encoder.encoder.0.cached_zero_vector".
Loading pretrained parameter "encoder.encoder.0.W_i.weight".
Loading pretrained parameter "encoder.encoder.0.W_h.weight".
Loading pretrained parameter "encoder.encoder.0.W_o.weight".
Loading pretrained parameter "encoder.encoder.0.W_o.bias".
Loading pretrained parameter "readout.1.weight".
Loading pretrained parameter "readout.1.bias".
Loading pretrained parameter "readout.4.weight".
Loading pretrained parameter "readout.4.bias".
Loading pretrained parameter "encoder.encoder.0.cached_zero_vector".
Loading pretrained parameter "encoder.encoder.0.W_i.weight".
Loading pretrained parameter "encoder.encoder.0.W_h.weight".
Loading pretrained parameter "encoder.encoder.0.W_o.weight".
Loading pretrained parameter "encoder.encoder.0.W_o.bias".
Loading pretrained parameter "readout.1.weight".
Loading pretrained parameter "readout.1.bias".
Loading pretrained parameter "readout.4.weight".
Loading pretrained parameter "readout.4.bias".
Loading pretrained parameter "encoder.encoder.0.cached_zero_vector".
Loading pretrained parameter "encoder.encoder.0.W_i.weight".
Loading pretrained parameter "encoder.encoder.0.W_h.weight".
Loading pretrained parameter "encoder.encoder.0.W_o.weight".
Loading pretrained parameter "encoder.encoder.0.W_o.bias".
Loading pretrained parameter "readout.1.weight".
Loading pretrained parameter "readout.1.bias".
Loading pretrained parameter "readout.4.weight".
Loading pretrained parameter "readout.4.bias".
Loading pretrained parameter "encoder.encoder.0.cached_zero_vector".
Loading pretrained parameter "encoder.encoder.0.W_i.weight".
Loading pretrained parameter "encoder.encoder.0.W_h.weight".
Loading pretrained parameter "encoder.encoder.0.W_o.weight".
Loading pretrained parameter "encoder.encoder.0.W_o.bias".
Loading pretrained parameter "readout.1.weight".
Loading pretrained parameter "readout.1.bias".
Loading pretrained parameter "readout.4.weight".
Loading pretrained parameter "readout.4.bias".
Loading pretrained parameter "encoder.encoder.0.cached_zero_vector".
Loading pretrained parameter "encoder.encoder.0.W_i.weight".
Loading pretrained parameter "encoder.encoder.0.W_h.weight".
Loading pretrained parameter "encoder.encoder.0.W_o.weight".
Loading pretrained parameter "encoder.encoder.0.W_o.bias".
Loading pretrained parameter "readout.1.weight".
Loading pretrained parameter "readout.1.bias".
Loading pretrained parameter "readout.4.weight".
Loading pretrained parameter "readout.4.bias".
Loading pretrained parameter "encoder.encoder.0.cached_zero_vector".
Loading pretrained parameter "encoder.encoder.0.W_i.weight".
Loading pretrained parameter "encoder.encoder.0.W_h.weight".
Loading pretrained parameter "encoder.encoder.0.W_o.weight".
Loading pretrained parameter "encoder.encoder.0.W_o.bias".
Loading pretrained parameter "readout.1.weight".
Loading pretrained parameter "readout.1.bias".
Loading pretrained parameter "readout.4.weight".
Loading pretrained parameter "readout.4.bias".
Loading pretrained parameter "encoder.encoder.0.cached_zero_vector".
Loading pretrained parameter "encoder.encoder.0.W_i.weight".
Loading pretrained parameter "encoder.encoder.0.W_h.weight".
Loading pretrained parameter "encoder.encoder.0.W_o.weight".
Loading pretrained parameter "encoder.encoder.0.W_o.bias".
Loading pretrained parameter "readout.1.weight".
Loading pretrained parameter "readout.1.bias".
Loading pretrained parameter "readout.4.weight".
Loading pretrained parameter "readout.4.bias".
Loading pretrained parameter "encoder.encoder.0.cached_zero_vector".
Loading pretrained parameter "encoder.encoder.0.W_i.weight".
Loading pretrained parameter "encoder.encoder.0.W_h.weight".
Loading pretrained parameter "encoder.encoder.0.W_o.weight".
Loading pretrained parameter "encoder.encoder.0.W_o.bias".
Loading pretrained parameter "readout.1.weight".
Loading pretrained parameter "readout.1.bias".
Loading pretrained parameter "readout.4.weight".
Loading pretrained parameter "readout.4.bias".
Processed batch 1/1 | batch size: 96 | time: 4.31 s
Final unique predictions: 96
Final merged dataframe shape: (96, 106)
Saved final output to: /mnt/data.ese/nfs/users/sghosh6/DTRA_project/MACAW/DrugDesignData/Results/Bacillus_anthracis_bestMACAW_allDB/BacillusAnthracis_basidalinOnlyDORAnetGenerated_Antibiotic_ARTprediction_wToxicity.csv
Total runtime: 11.36 seconds

